17:33:08 fav1 0 2
17:33:11 fav1 0 2
17:33:13 fav1 0 2
17:33:15 fav1 0 2
17:33:17 fav1 0 2
17:33:19 fav1 0 2
17:33:21 fav1 0 2
17:33:23 fav1 0 2
17:33:25 fav1 0 2
17:33:27 fav1 0 2
17:33:29 fav1 0 2
17:33:31 fav1 0 2
17:33:33 fav1 0 2
17:33:36 fav1 0 2
17:33:38 fav1 0 2
17:33:40 fav1 0 2
17:33:42 fav1 0 2
17:33:44 fav1 0 2
17:33:46 fav1 0 2
17:33:48 fav1 0 2
17:33:50 fav1 0 2
17:33:53 fav1 0 2
17:33:55 fav1 0 2
17:33:57 fav1 0 2
17:33:59 fav1 0 2
17:34:01 fav1 0 2
17:34:03 fav1 0 2
17:34:05 fav1 0 2
17:34:07 fav1 0 2
17:34:09 fav1 0 2
17:34:11 fav1 0 2
17:34:14 fav1 0 2
17:34:16 fav1 0 2
17:34:18 fav1 0 2
17:34:20 fav1 0 2
17:34:22 fav1 0 2
17:34:24 fav1 0 2
17:34:26 fav1 0 2
17:34:28 fav1 0 2
17:34:30 fav1 0 2
17:34:32 fav0 1728512 3
17:34:34 fav0 3604480 4
17:34:37 fav0 3604480 4
17:34:39 fav0 4976640 5
17:34:41 fav0 7049216 6
17:34:43 fav0 8040448 6
17:34:45 fav0 8040448 6
17:34:47 fav0 8040448 6
17:34:49 fav0 8040448 6
17:34:51 fav0 8040448 6
17:34:53 fav0 8040448 6
17:34:55 fav0 8040448 6
17:34:57 fav0 8040448 6
17:35:00 fav0 8040448 6
17:35:02 fav0 8040448 6
17:35:04 fav0 8040448 6
17:35:06 fav0 8040448 6
17:35:08 fav0 8040448 6
17:35:10 fav0 8040448 6
17:35:12 fav0 8040448 6
17:35:14 fav0 8040448 6
17:35:16 fav0 8040448 6
17:35:18 fav0 8040448 6
17:35:20 fav0 8040448 6
17:35:22 fav0 8040448 6
17:35:25 fav0 8040448 6
17:35:27 fav0 8040448 6
17:35:29 fav0 8040448 6
17:35:31 fav0 8040448 6
17:35:33 fav0 8040448 6
17:35:35 fav0 8040448 6
17:35:37 fav0 8040448 6
17:35:39 fav0 8040448 6
17:35:41 fav0 8040448 6
17:35:43 fav0 8040448 6
17:35:46 fav0 8040448 6
17:35:48 fav0 8040448 6
17:35:50 fav0 8040448 6
17:35:52 fav0 8040448 6
17:35:54 fav0 8040448 6
17:35:56 fav0 8040448 6
17:35:58 fav0 8040448 6
17:36:01 fav0 8040448 6
17:36:03 fav0 8040448 6
