[audio] target_bps=9000 bitrate=48k marker=False marker_period=10 re_local=False
[msc-lock] enabled=False seed_plugged=True
[tx] {"t":"hello","ver":1}
[rx] {"t":"hello_ack","ver":"0.4.46-dev","fw":"pidrive","slots":4,"page":true,"audio":true,"bin":true,"tcp":true,"tcpPort":9090}
[hello_ack] ver=0.4.46-dev slots=4 page=True tcp=True
[tx] {"t":"audio_stop"}
[bridge] tcp:192.168.178.88:9090 audio=off paging=on
[tx] {"t":"ping"}
[tx] {"t":"menu_set","rev":9301,"page":0,"items":[{"uid":"fav0","name":"Rock Antenne","kind":"station"},{"uid":"fav1","name":"Rock Antenne Bayern","kind":"station"},{"uid":"fav2","name":"Radio BOB LAB 1008","kind":"station"}]}
[rx] {"t":"event","op":"play_uid","uid":"pump:stop"}
[trace] t=0ms play_uid=pump:stop
[audio] stop (SoftAP/Remote)
[rx] {"t":"audio_ack","ok":true,"op":"stop"}
[audio_ack] {'t': 'audio_ack', 'ok': True, 'op': 'stop'}
[rx] {"t":"pong"}
[rx] {"t":"menu_ack","ok":true,"n":3,"rev":9301}
[menu_ack] ok=True n=3 rev=9301
[tx] {"t":"ping"}
[rx] {"t":"pong"}
[tx] {"t":"ping"}
[rx] {"t":"pong"}
[rx] {"t":"event","op":"play_uid","uid":"pump:stop"}
[trace] t=0ms play_uid=pump:stop
[audio] stop (SoftAP/Remote)
[tx] {"t":"ping"}
[rx] {"t":"pong"}
[tx] {"t":"ping"}
[rx] {"t":"pong"}
[rx] {"t":"event","op":"msc.reads","ms":83421365,"gap":65535,"lba0":0,"lba1":0,"bytes":4096,"n":1,"kind":4,"ov":0}
[msc.reads] n=1 bytes=4096 lba=0..0 gap=65535 ov=0
[rx] {"t":"event","op":"msc.reads","ms":83421371,"gap":6,"lba0":8,"lba1":8,"bytes":4096,"n":1,"kind":5,"ov":0}
[msc.reads] n=1 bytes=4096 lba=8..8 gap=6 ov=0
[rx] {"t":"event","op":"msc.reads","ms":83421376,"gap":5,"lba0":16,"lba1":16,"bytes":4096,"n":1,"kind":5,"ov":0}
[msc.reads] n=1 bytes=4096 lba=16..16 gap=5 ov=0
[rx] {"t":"event","op":"msc.reads","ms":83421381,"gap":5,"lba0":24,"lba1":24,"bytes":4096,"n":1,"kind":5,"ov":0}
[msc.reads] n=1 bytes=4096 lba=24..24 gap=5 ov=0
[rx] {"t":"event","op":"msc.reads","ms":83421385,"gap":4,"lba0":32,"lba1":32,"bytes":4096,"n":1,"kind":5,"ov":0}
[msc.reads] n=1 bytes=4096 lba=32..32 gap=4 ov=0
[rx] {"t":"event","op":"msc.reads","ms":83421389,"gap":4,"lba0":40,"lba1":40,"bytes":4096,"n":1,"kind":1,"ov":0}
[msc.reads] n=1 bytes=4096 lba=40..40 gap=4 ov=0
[rx] {"t":"event","op":"msc.reads","ms":83421394,"gap":5,"lba0":48,"lba1":48,"bytes":4096,"n":1,"kind":1,"ov":0}
[msc.reads] n=1 bytes=4096 lba=48..48 gap=5 ov=0
[rx] {"t":"event","op":"msc.reads","ms":83421398,"gap":4,"lba0":56,"lba1":56,"bytes":4096,"n":1,"kind":1,"ov":0}
[msc.reads] n=1 bytes=4096 lba=56..56 gap=4 ov=0
[rx] {"t":"event","op":"msc.reads","ms":83421402,"gap":4,"lba0":64,"lba1":64,"bytes":4096,"n":1,"kind":1,"ov":0}
[msc.reads] n=1 bytes=4096 lba=64..64 gap=4 ov=0
[rx] {"t":"event","op":"msc.reads","ms":83421406,"gap":4,"lba0":72,"lba1":72,"bytes":4096,"n":1,"kind":1,"ov":0}
[msc.reads] n=1 bytes=4096 lba=72..72 gap=4 ov=0
[rx] {"t":"event","op":"msc.reads","ms":83421411,"gap":5,"lba0":80,"lba1":80,"bytes":4096,"n":1,"kind":1,"ov":0}
[msc.reads] n=1 bytes=4096 lba=80..80 gap=5 ov=0
[rx] {"t":"event","op":"diag","code":"play.reject","detail":"plug_window uid=fav0 from=88 +4096B age=83420533ms prefetch"}
[msc] play.reject plug_window uid=fav0 from=88 +4096B age=83420533ms prefetch
[rx] {"t":"event","op":"msc.reads","ms":83421415,"gap":4,"lba0":88,"lba1":88,"bytes":4096,"n":1,"kind":2,"ov":0}
[msc.reads] n=1 bytes=4096 lba=88..88 gap=4 ov=0
[rx] {"t":"event","op":"msc.reads","ms":83421432,"gap":17,"lba0":96,"lba1":96,"bytes":4096,"n":1,"kind":2,"ov":0}
[msc.reads] n=1 bytes=4096 lba=96..96 gap=17 ov=0
[rx] {"t":"event","op":"msc.reads","ms":83421437,"gap":5,"lba0":104,"lba1":104,"bytes":4096,"n":1,"kind":2,"ov":0}
[msc.reads] n=1 bytes=4096 lba=104..104 gap=5 ov=0
[rx] {"t":"event","op":"msc.reads","ms":83421441,"gap":4,"lba0":112,"lba1":112,"bytes":4096,"n":1,"kind":2,"ov":0}
[msc.reads] n=1 bytes=4096 lba=112..112 gap=4 ov=0
[rx] {"t":"event","op":"msc.reads","ms":83421445,"gap":4,"lba0":120,"lba1":120,"bytes":4096,"n":1,"kind":2,"ov":0}
[msc.reads] n=1 bytes=4096 lba=120..120 gap=4 ov=0
[rx] {"t":"event","op":"msc.reads","ms":83421449,"gap":4,"lba0":128,"lba1":128,"bytes":4096,"n":1,"kind":2,"ov":0}
[msc.reads] n=1 bytes=4096 lba=128..128 gap=4 ov=0
[rx] {"t":"event","op":"msc.reads","ms":83421453,"gap":4,"lba0":136,"lba1":136,"bytes":4096,"n":1,"kind":2,"ov":0}
[msc.reads] n=1 bytes=4096 lba=136..136 gap=4 ov=0
[rx] {"t":"event","op":"msc.reads","ms":83421457,"gap":4,"lba0":144,"lba1":144,"bytes":4096,"n":1,"kind":2,"ov":0}
[msc.reads] n=1 bytes=4096 lba=144..144 gap=4 ov=0
[rx] {"t":"event","op":"diag","code":"cold_body_burst","detail":"s=0 lba=96..152 n=8 B=32768 w=0 ev=not_from_head set=0 fav0"}
[msc] cold_body_burst s=0 lba=96..152 n=8 B=32768 w=0 ev=not_from_head set=0 fav0
[rx] {"t":"event","op":"msc.reads","ms":83421475,"gap":18,"lba0":152,"lba1":152,"bytes":4096,"n":1,"kind":2,"ov":0}
[msc.reads] n=1 bytes=4096 lba=152..152 gap=18 ov=0
[rx] {"t":"event","op":"msc.reads","ms":83421479,"gap":4,"lba0":160,"lba1":160,"bytes":4096,"n":1,"kind":2,"ov":0}
[msc.reads] n=1 bytes=4096 lba=160..160 gap=4 ov=0
[rx] {"t":"event","op":"msc.reads","ms":83421484,"gap":5,"lba0":168,"lba1":168,"bytes":4096,"n":1,"kind":2,"ov":0}
[msc.reads] n=1 bytes=4096 lba=168..168 gap=5 ov=0
[rx] {"t":"event","op":"msc.reads","ms":83421488,"gap":4,"lba0":176,"lba1":176,"bytes":4096,"n":1,"kind":2,"ov":0}
[msc.reads] n=1 bytes=4096 lba=176..176 gap=4 ov=0
[rx] {"t":"event","op":"msc.reads","ms":83421492,"gap":4,"lba0":184,"lba1":184,"bytes":4096,"n":1,"kind":2,"ov":0}
[msc.reads] n=1 bytes=4096 lba=184..184 gap=4 ov=0
[rx] {"t":"event","op":"msc.reads","ms":83421496,"gap":4,"lba0":192,"lba1":192,"bytes":4096,"n":1,"kind":2,"ov":0}
[msc.reads] n=1 bytes=4096 lba=192..192 gap=4 ov=0
[rx] {"t":"event","op":"msc.reads","ms":83421500,"gap":4,"lba0":200,"lba1":200,"bytes":4096,"n":1,"kind":2,"ov":0}
[msc.reads] n=1 bytes=4096 lba=200..200 gap=4 ov=0
[rx] {"t":"event","op":"msc.reads","ms":83421504,"gap":4,"lba0":208,"lba1":208,"bytes":4096,"n":1,"kind":2,"ov":0}
[msc.reads] n=1 bytes=4096 lba=208..208 gap=4 ov=0
[rx] {"t":"event","op":"msc.reads","ms":83421509,"gap":5,"lba0":216,"lba1":216,"bytes":4096,"n":1,"kind":2,"ov":0}
[msc.reads] n=1 bytes=4096 lba=216..216 gap=5 ov=0
[rx] {"t":"event","op":"msc.reads","ms":83421513,"gap":4,"lba0":224,"lba1":224,"bytes":4096,"n":1,"kind":2,"ov":0}
[msc.reads] n=1 bytes=4096 lba=224..224 gap=4 ov=0
[rx] {"t":"event","op":"msc.reads","ms":83421517,"gap":4,"lba0":232,"lba1":232,"bytes":4096,"n":1,"kind":2,"ov":0}
[msc.reads] n=1 bytes=4096 lba=232..232 gap=4 ov=0
[rx] {"t":"event","op":"msc.reads","ms":83421522,"gap":5,"lba0":240,"lba1":248,"bytes":8192,"n":2,"kind":2,"ov":0}
[msc.reads] n=2 bytes=8192 lba=240..248 gap=5 ov=0
[rx] {"t":"event","op":"msc.reads","ms":83421530,"gap":4,"lba0":256,"lba1":256,"bytes":4096,"n":1,"kind":2,"ov":0}
[msc.reads] n=1 bytes=4096 lba=256..256 gap=4 ov=0
[rx] {"t":"event","op":"msc.reads","ms":83421534,"gap":4,"lba0":264,"lba1":264,"bytes":4096,"n":1,"kind":2,"ov":0}
[msc.reads] n=1 bytes=4096 lba=264..264 gap=4 ov=0
[rx] {"t":"event","op":"msc.reads","ms":83421538,"gap":4,"lba0":272,"lba1":272,"bytes":4096,"n":1,"kind":2,"ov":0}
[msc.reads] n=1 bytes=4096 lba=272..272 gap=4 ov=0
[rx] {"t":"event","op":"msc.reads","ms":83421542,"gap":4,"lba0":280,"lba1":280,"bytes":4096,"n":1,"kind":2,"ov":0}
[msc.reads] n=1 bytes=4096 lba=280..280 gap=4 ov=0
[rx] {"t":"event","op":"msc.reads","ms":83421547,"gap":5,"lba0":288,"lba1":288,"bytes":4096,"n":1,"kind":2,"ov":0}
[msc.reads] n=1 bytes=4096 lba=288..288 gap=5 ov=0
[rx] {"t":"event","op":"msc.reads","ms":83421551,"gap":4,"lba0":296,"lba1":296,"bytes":4096,"n":1,"kind":2,"ov":0}
[msc.reads] n=1 bytes=4096 lba=296..296 gap=4 ov=0
[rx] {"t":"event","op":"msc.reads","ms":83421555,"gap":4,"lba0":304,"lba1":304,"bytes":4096,"n":1,"kind":2,"ov":0}
[msc.reads] n=1 bytes=4096 lba=304..304 gap=4 ov=0
[rx] {"t":"event","op":"msc.reads","ms":83421559,"gap":4,"lba0":312,"lba1":312,"bytes":4096,"n":1,"kind":2,"ov":0}
[msc.reads] n=1 bytes=4096 lba=312..312 gap=4 ov=0
[rx] {"t":"event","op":"msc.reads","ms":83421563,"gap":4,"lba0":320,"lba1":320,"bytes":4096,"n":1,"kind":2,"ov":0}
[msc.reads] n=1 bytes=4096 lba=320..320 gap=4 ov=0
[rx] {"t":"event","op":"msc.reads","ms":83421568,"gap":5,"lba0":328,"lba1":328,"bytes":4096,"n":1,"kind":2,"ov":0}
[msc.reads] n=1 bytes=4096 lba=328..328 gap=5 ov=0
[rx] {"t":"event","op":"msc.reads","ms":83421572,"gap":4,"lba0":336,"lba1":336,"bytes":4096,"n":1,"kind":2,"ov":0}
[msc.reads] n=1 bytes=4096 lba=336..336 gap=4 ov=0
[rx] {"t":"event","op":"msc.reads","ms":83421576,"gap":4,"lba0":344,"lba1":344,"bytes":4096,"n":1,"kind":2,"ov":0}
[msc.reads] n=1 bytes=4096 lba=344..344 gap=4 ov=0
[rx] {"t":"event","op":"msc.reads","ms":83421580,"gap":4,"lba0":352,"lba1":352,"bytes":4096,"n":1,"kind":2,"ov":0}
[msc.reads] n=1 bytes=4096 lba=352..352 gap=4 ov=0
[rx] {"t":"event","op":"msc.reads","ms":83421584,"gap":4,"lba0":360,"lba1":360,"bytes":4096,"n":1,"kind":2,"ov":0}
[msc.reads] n=1 bytes=4096 lba=360..360 gap=4 ov=0
[rx] {"t":"event","op":"msc.reads","ms":83421589,"gap":5,"lba0":368,"lba1":368,"bytes":4096,"n":1,"kind":2,"ov":0}
[msc.reads] n=1 bytes=4096 lba=368..368 gap=5 ov=0
[rx] {"t":"event","op":"msc.reads","ms":83421593,"gap":4,"lba0":376,"lba1":376,"bytes":4096,"n":1,"kind":2,"ov":0}
[msc.reads] n=1 bytes=4096 lba=376..376 gap=4 ov=0
[rx] {"t":"event","op":"msc.reads","ms":83421597,"gap":4,"lba0":384,"lba1":384,"bytes":4096,"n":1,"kind":2,"ov":0}
[msc.reads] n=1 bytes=4096 lba=384..384 gap=4 ov=0
[rx] {"t":"event","op":"msc.reads","ms":83421601,"gap":4,"lba0":392,"lba1":392,"bytes":4096,"n":1,"kind":2,"ov":0}
[msc.reads] n=1 bytes=4096 lba=392..392 gap=4 ov=0
[rx] {"t":"event","op":"msc.reads","ms":83421605,"gap":4,"lba0":400,"lba1":400,"bytes":4096,"n":1,"kind":2,"ov":0}
[msc.reads] n=1 bytes=4096 lba=400..400 gap=4 ov=0
[rx] {"t":"event","op":"msc.reads","ms":83421610,"gap":5,"lba0":408,"lba1":408,"bytes":4096,"n":1,"kind":2,"ov":0}
[msc.reads] n=1 bytes=4096 lba=408..408 gap=5 ov=0
[rx] {"t":"event","op":"msc.reads","ms":83421614,"gap":4,"lba0":416,"lba1":416,"bytes":4096,"n":1,"kind":2,"ov":0}
[msc.reads] n=1 bytes=4096 lba=416..416 gap=4 ov=0
[rx] {"t":"event","op":"msc.reads","ms":83421619,"gap":5,"lba0":424,"lba1":424,"bytes":4096,"n":1,"kind":2,"ov":0}
[msc.reads] n=1 bytes=4096 lba=424..424 gap=5 ov=0
[rx] {"t":"event","op":"msc.reads","ms":83421623,"gap":4,"lba0":432,"lba1":432,"bytes":4096,"n":1,"kind":2,"ov":0}
[msc.reads] n=1 bytes=4096 lba=432..432 gap=4 ov=0
[rx] {"t":"event","op":"msc.reads","ms":83421628,"gap":5,"lba0":440,"lba1":440,"bytes":4096,"n":1,"kind":2,"ov":0}
[msc.reads] n=1 bytes=4096 lba=440..440 gap=5 ov=0
[rx] {"t":"event","op":"msc.reads","ms":83421632,"gap":4,"lba0":448,"lba1":456,"bytes":8192,"n":2,"kind":2,"ov":0}
[msc.reads] n=2 bytes=8192 lba=448..456 gap=4 ov=0
[rx] {"t":"event","op":"msc.reads","ms":83421640,"gap":4,"lba0":464,"lba1":464,"bytes":4096,"n":1,"kind":2,"ov":0}
[msc.reads] n=1 bytes=4096 lba=464..464 gap=4 ov=0
[rx] {"t":"event","op":"msc.reads","ms":83421645,"gap":5,"lba0":472,"lba1":472,"bytes":4096,"n":1,"kind":2,"ov":0}
[msc.reads] n=1 bytes=4096 lba=472..472 gap=5 ov=0
[tx] {"t":"menu_set","rev":9301,"page":0,"items":[{"uid":"fav0","name":"Rock Antenne","kind":"station"},{"uid":"fav1","name":"Rock Antenne Bayern","kind":"station"},{"uid":"fav2","name":"Radio BOB!","kind":"station"}]}
[rx] {"t":"menu_ack","ok":true,"n":3,"rev":9301}
[menu_ack] ok=True n=3 rev=9301
[tx] {"t":"ping"}
[rx] {"t":"pong"}
