{
  "REPLUG": {
    "pass": true,
    "uid": "fav2",
    "cmd_kib": 4,
    "commands": 128,
    "bytes": 524288,
    "read_ms": 843.7,
    "head_ms": 19.4,
    "head_pause_ms": 19.0,
    "field_read_ms": [
      651,
      665
    ],
    "rate_kBps": 621.4,
    "sg_ms_per_4k": {
      "p5": 5.0,
      "p50": 5.0,
      "p95": 6.0,
      "p99": 19.0,
      "min": 5.0,
      "max": 24.0,
      "n": 128
    },
    "ring_pre": 49152,
    "ring_full_pre": true,
    "producer_bytes": 79104,
    "producer_err": null,
    "class_counts": {
      "ID3": 1,
      "LIVE": 12,
      "SILENCE": 115
    },
    "ear": {
      "live_bytes": 49152,
      "consumed": 0,
      "events": {
        "silence_in_play": 115
      },
      "event_list": [
        {
          "t": 1991091.34897978,
          "kind": "silence_in_play"
        },
        {
          "t": 1991091.354841827,
          "kind": "silence_in_play"
        },
        {
          "t": 1991091.36088139,
          "kind": "silence_in_play"
        },
        {
          "t": 1991091.36711014,
          "kind": "silence_in_play"
        },
        {
          "t": 1991091.373321417,
          "kind": "silence_in_play"
        },
        {
          "t": 1991091.3794514,
          "kind": "silence_in_play"
        },
        {
          "t": 1991091.385340839,
          "kind": "silence_in_play"
        },
        {
          "t": 1991091.391125229,
          "kind": "silence_in_play"
        },
        {
          "t": 1991091.396902216,
          "kind": "silence_in_play"
        },
        {
          "t": 1991091.402831871,
          "kind": "silence_in_play"
        },
        {
          "t": 1991091.409236403,
          "kind": "silence_in_play"
        },
        {
          "t": 1991091.415481474,
          "kind": "silence_in_play"
        },
        {
          "t": 1991091.421369319,
          "kind": "silence_in_play"
        },
        {
          "t": 1991091.427182975,
          "kind": "silence_in_play"
        },
        {
          "t": 1991091.432962496,
          "kind": "silence_in_play"
        },
        {
          "t": 1991091.438814535,
          "kind": "silence_in_play"
        },
        {
          "t": 1991091.444701569,
          "kind": "silence_in_play"
        },
        {
          "t": 1991091.450811554,
          "kind": "silence_in_play"
        },
        {
          "t": 1991091.456908686,
          "kind": "silence_in_play"
        },
        {
          "t": 1991091.463248105,
          "kind": "silence_in_play"
        },
        {
          "t": 1991091.469342912,
          "kind": "silence_in_play"
        },
        {
          "t": 1991091.475350203,
          "kind": "silence_in_play"
        },
        {
          "t": 1991091.48133358,
          "kind": "silence_in_play"
        },
        {
          "t": 1991091.487416354,
          "kind": "silence_in_play"
        },
        {
          "t": 1991091.494037736,
          "kind": "silence_in_play"
        },
        {
          "t": 1991091.500580068,
          "kind": "silence_in_play"
        },
        {
          "t": 1991091.506970063,
          "kind": "silence_in_play"
        },
        {
          "t": 1991091.513107701,
          "kind": "silence_in_play"
        },
        {
          "t": 1991091.519575112,
          "kind": "silence_in_play"
        },
        {
          "t": 1991091.525701419,
          "kind": "silence_in_play"
        },
        {
          "t": 1991091.53193105,
          "kind": "silence_in_play"
        },
        {
          "t": 1991091.538306578,
          "kind": "silence_in_play"
        },
        {
          "t": 1991091.544767066,
          "kind": "silence_in_play"
        },
        {
          "t": 1991091.550726316,
          "kind": "silence_in_play"
        },
        {
          "t": 1991091.556710023,
          "kind": "silence_in_play"
        },
        {
          "t": 1991091.562739707,
          "kind": "silence_in_play"
        },
        {
          "t": 1991091.56874767,
          "kind": "silence_in_play"
        },
        {
          "t": 1991091.574863597,
          "kind": "silence_in_play"
        },
        {
          "t": 1991091.58125267,
          "kind": "silence_in_play"
        },
        {
          "t": 1991091.588268938,
          "kind": "silence_in_play"
        },
        {
          "t": 1991091.594438276,
          "kind": "silence_in_play"
        },
        {
          "t": 1991091.600594839,
          "kind": "silence_in_play"
        },
        {
          "t": 1991091.606728229,
          "kind": "silence_in_play"
        },
        {
          "t": 1991091.612434101,
          "kind": "silence_in_play"
        },
        {
          "t": 1991091.618572581,
          "kind": "silence_in_play"
        },
        {
          "t": 1991091.625096328,
          "kind": "silence_in_play"
        },
        {
          "t": 1991091.631237964,
          "kind": "silence_in_play"
        },
        {
          "t": 1991091.637485669,
          "kind": "silence_in_play"
        },
        {
          "t": 1991091.643616454,
          "kind": "silence_in_play"
        },
        {
          "t": 1991091.649593899,
          "kind": "silence_in_play"
        }
      ]
    },
    "id3Len_dump": 3300,
    "id3Len_fw": 3300,
    "live_span": {
      "stamps": 195,
      "seq_gaps": 0,
      "file_first": 3300,
      "file_end": 53220,
      "seq_first": 89,
      "seq_last": 283,
      "abs_first": 22784,
      "abs_end": 72704
    },
    "live_bytes_file": 49920,
    "live_s_at_48k": 8.32,
    "undDelta": 471068,
    "expect_undDelta": 471068,
    "field_undDelta": [
      470616,
      471640
    ],
    "hostAbs_after": 543772,
    "absEnd_pre": 71936,
    "absEnd_post": 77824,
    "abs_cross_fw": 72704,
    "abs_cross_pdsq": 72704,
    "und_ok": true,
    "identity_diff": 0,
    "identity_ok": true,
    "cross_in_window": true,
    "complete_ok": true,
    "timing_ok": true
  }
}
OUT docs/betrieb/artifacts-2026-10-08-lab/lab-abend-1556/l1-4k-r1 overall=PASS
