{
  "REPLUG": {
    "pass": true,
    "uid": "fav2",
    "cmd_kib": 64,
    "commands": 9,
    "bytes": 524288,
    "read_ms": 777.5,
    "head_ms": 19.44,
    "head_pause_ms": 19.0,
    "field_read_ms": [
      651,
      665
    ],
    "rate_kBps": 674.3,
    "sg_ms_per_4k": {
      "p5": 5.125,
      "p50": 5.188,
      "p95": 19.0,
      "p99": 19.0,
      "min": 5.125,
      "max": 19.0,
      "n": 9
    },
    "ring_pre": 49152,
    "ring_full_pre": true,
    "producer_bytes": 78848,
    "producer_err": null,
    "class_counts": {
      "ID3": 1,
      "LIVE": 1,
      "SILENCE": 7
    },
    "ear": {
      "live_bytes": 65536,
      "consumed": 0,
      "events": {
        "silence_in_play": 7
      },
      "event_list": [
        {
          "t": 1991845.768801142,
          "kind": "silence_in_play"
        },
        {
          "t": 1991845.861471786,
          "kind": "silence_in_play"
        },
        {
          "t": 1991845.953439612,
          "kind": "silence_in_play"
        },
        {
          "t": 1991846.044919787,
          "kind": "silence_in_play"
        },
        {
          "t": 1991846.138469272,
          "kind": "silence_in_play"
        },
        {
          "t": 1991846.229692771,
          "kind": "silence_in_play"
        },
        {
          "t": 1991846.316578474,
          "kind": "silence_in_play"
        }
      ]
    },
    "id3Len_dump": 3300,
    "id3Len_fw": 3300,
    "live_span": {
      "stamps": 194,
      "seq_gaps": 0,
      "file_first": 3300,
      "file_end": 52964,
      "seq_first": 91,
      "seq_last": 284,
      "abs_first": 23296,
      "abs_end": 72960
    },
    "live_bytes_file": 49664,
    "live_s_at_48k": 8.28,
    "undDelta": 471324,
    "expect_undDelta": 471324,
    "field_undDelta": [
      470616,
      471640
    ],
    "hostAbs_after": 544284,
    "absEnd_pre": 72192,
    "absEnd_post": 78080,
    "abs_cross_fw": 72960,
    "abs_cross_pdsq": 72960,
    "und_ok": true,
    "identity_diff": 0,
    "identity_ok": true,
    "cross_in_window": true,
    "complete_ok": true,
    "timing_ok": true
  }
}
OUT docs/betrieb/artifacts-2026-10-08-lab/lab-abend-1556/l1-64k-r1 overall=PASS
