{
  "REPLUG": {
    "pass": true,
    "uid": "fav2",
    "cmd_kib": 64,
    "commands": 9,
    "bytes": 524288,
    "read_ms": 774.5,
    "head_ms": 19.13,
    "head_pause_ms": 19.0,
    "field_read_ms": [
      651,
      665
    ],
    "rate_kBps": 676.9,
    "sg_ms_per_4k": {
      "p5": 5.188,
      "p50": 5.25,
      "p95": 19.0,
      "p99": 19.0,
      "min": 5.188,
      "max": 19.0,
      "n": 9
    },
    "ring_pre": 49152,
    "ring_full_pre": true,
    "producer_bytes": 79104,
    "producer_err": null,
    "class_counts": {
      "ID3": 1,
      "LIVE": 1,
      "SILENCE": 7
    },
    "ear": {
      "live_bytes": 65536,
      "consumed": 0,
      "events": {
        "silence_in_play": 7
      },
      "event_list": [
        {
          "t": 1991874.988238571,
          "kind": "silence_in_play"
        },
        {
          "t": 1991875.079742831,
          "kind": "silence_in_play"
        },
        {
          "t": 1991875.172926424,
          "kind": "silence_in_play"
        },
        {
          "t": 1991875.264196622,
          "kind": "silence_in_play"
        },
        {
          "t": 1991875.355971884,
          "kind": "silence_in_play"
        },
        {
          "t": 1991875.447934721,
          "kind": "silence_in_play"
        },
        {
          "t": 1991875.53527864,
          "kind": "silence_in_play"
        }
      ]
    },
    "id3Len_dump": 3300,
    "id3Len_fw": 3300,
    "live_span": {
      "stamps": 195,
      "seq_gaps": 0,
      "file_first": 3300,
      "file_end": 53220,
      "seq_first": 91,
      "seq_last": 285,
      "abs_first": 23296,
      "abs_end": 73216
    },
    "live_bytes_file": 49920,
    "live_s_at_48k": 8.32,
    "undDelta": 471068,
    "expect_undDelta": 471068,
    "field_undDelta": [
      470616,
      471640
    ],
    "hostAbs_after": 544284,
    "absEnd_pre": 72448,
    "absEnd_post": 78848,
    "abs_cross_fw": 73216,
    "abs_cross_pdsq": 73216,
    "und_ok": true,
    "identity_diff": 0,
    "identity_ok": true,
    "cross_in_window": true,
    "complete_ok": true,
    "timing_ok": true
  }
}
OUT docs/betrieb/artifacts-2026-10-08-lab/lab-abend-1556/l1-64k-r2 overall=PASS
