[audio] target_bps=6000 bitrate=48k marker=True marker_period=1 re_local=False
[msc-lock] USB_SESSION_START → sealing (next menu_set freezes map)
[msc-lock] enabled=True seed_plugged=True
[tx] {"t":"hello","ver":1}
[rx] {"t":"hello_ack","ver":"0.4.46-dev","fw":"pidrive","slots":4,"page":true,"audio":true,"bin":true,"tcp":true,"tcpPort":9090}
[hello_ack] ver=0.4.46-dev slots=4 page=True tcp=True
[tx] {"t":"audio_stop"}
[bridge] tcp:192.168.178.88:9090 audio=48k paging=on
[tx] {"t":"ping"}
[tx] {"t":"menu_set","rev":9301,"page":0,"items":[{"uid":"fav0","name":"Rock Antenne","kind":"station"},{"uid":"fav1","name":"Rock Antenne Bayern","kind":"station"},{"uid":"fav2","name":"Radio BOB!","kind":"station"}]}
[msc-lock] sealing publish (seal)
[rx] {"t":"audio_ack","ok":true,"op":"stop"}
[audio_ack] {'t': 'audio_ack', 'ok': True, 'op': 'stop'}
[rx] {"t":"pong"}
[rx] {"t":"menu_ack","ok":true,"n":3,"rev":9301}
[menu_ack] ok=True n=3 rev=9301
[msc-lock] MSC_MAP_FROZEN [Rock Antenne,Rock Antenne Bayern,Radio BOB!]
[tx] {"t":"ping"}
[rx] {"t":"pong"}
[rx] {"t":"event","op":"msc.reads","ms":84352841,"gap":65535,"lba0":17497,"lba1":17497,"bytes":512,"n":1,"kind":2,"ov":0}
[msc.reads] n=1 bytes=512 lba=17497..17497 gap=65535 ov=0
[rx] {"t":"event","op":"diag","code":"play.reject","detail":"plug_window uid=fav2 from=17497 +2048B age=84351961ms prefetch"}
[msc] play.reject plug_window uid=fav2 from=17497 +2048B age=84351961ms prefetch
[rx] {"t":"event","op":"msc.reads","ms":84352841,"gap":0,"lba0":17498,"lba1":17500,"bytes":1536,"n":3,"kind":2,"ov":0}
[msc.reads] n=3 bytes=1536 lba=17498..17500 gap=0 ov=0
[rx] {"t":"event","op":"msc.reads","ms":84352858,"gap":15,"lba0":17501,"lba1":17504,"bytes":2048,"n":4,"kind":2,"ov":0}
[msc.reads] n=4 bytes=2048 lba=17501..17504 gap=15 ov=0
[rx] {"t":"event","op":"msc.reads","ms":84352863,"gap":2,"lba0":17505,"lba1":17509,"bytes":2560,"n":5,"kind":2,"ov":0}
[msc.reads] n=5 bytes=2560 lba=17505..17509 gap=2 ov=0
[rx] {"t":"event","op":"msc.reads","ms":84352867,"gap":0,"lba0":17510,"lba1":17513,"bytes":2048,"n":4,"kind":2,"ov":0}
[msc.reads] n=4 bytes=2048 lba=17510..17513 gap=0 ov=0
[rx] {"t":"event","op":"msc.reads","ms":84352872,"gap":1,"lba0":17514,"lba1":17520,"bytes":3584,"n":7,"kind":2,"ov":0}
[msc.reads] n=7 bytes=3584 lba=17514..17520 gap=1 ov=0
[rx] {"t":"event","op":"msc.reads","ms":84352879,"gap":2,"lba0":17521,"lba1":17525,"bytes":2560,"n":5,"kind":2,"ov":0}
[msc.reads] n=5 bytes=2560 lba=17521..17525 gap=2 ov=0
[rx] {"t":"event","op":"msc.reads","ms":84352883,"gap":1,"lba0":17526,"lba1":17528,"bytes":1536,"n":3,"kind":2,"ov":0}
[msc.reads] n=3 bytes=1536 lba=17526..17528 gap=1 ov=0
[tx] {"t":"ping"}
[rx] {"t":"pong"}
[tx] {"t":"ping"}
[rx] {"t":"pong"}
[tx] {"t":"ping"}
[rx] {"t":"pong"}
[tx] {"t":"ping"}
[rx] {"t":"pong"}
[tx] {"t":"ping"}
[rx] {"t":"pong"}
[tx] {"t":"ping"}
[rx] {"t":"pong"}
[tx] {"t":"ping"}
[rx] {"t":"pong"}
[tx] {"t":"ping"}
[rx] {"t":"pong"}
[tx] {"t":"ping"}
[rx] {"t":"pong"}
[rx] {"t":"event","op":"msc.reads","ms":84369891,"gap":17007,"lba0":17489,"lba1":17489,"bytes":4096,"n":1,"kind":2,"ov":0}
[msc.reads] n=1 bytes=4096 lba=17489..17489 gap=17007 ov=0
[rx] {"t":"event","op":"diag","code":"play.reject","detail":"plug_window uid=fav2 from=17489 +4096B age=84369009ms"}
[msc] play.reject plug_window uid=fav2 from=17489 +4096B age=84369009ms
[rx] {"t":"event","op":"msc.reads","ms":84369909,"gap":18,"lba0":17497,"lba1":17497,"bytes":4096,"n":1,"kind":2,"ov":0}
[msc.reads] n=1 bytes=4096 lba=17497..17497 gap=18 ov=0
[rx] {"t":"event","op":"msc.reads","ms":84369913,"gap":4,"lba0":17505,"lba1":17505,"bytes":4096,"n":1,"kind":2,"ov":0}
[msc.reads] n=1 bytes=4096 lba=17505..17505 gap=4 ov=0
[rx] {"t":"event","op":"msc.reads","ms":84369917,"gap":4,"lba0":17513,"lba1":17513,"bytes":4096,"n":1,"kind":2,"ov":0}
[msc.reads] n=1 bytes=4096 lba=17513..17513 gap=4 ov=0
[rx] {"t":"event","op":"msc.reads","ms":84369921,"gap":4,"lba0":17521,"lba1":17521,"bytes":4096,"n":1,"kind":2,"ov":0}
[msc.reads] n=1 bytes=4096 lba=17521..17521 gap=4 ov=0
[rx] {"t":"event","op":"msc.reads","ms":84369926,"gap":5,"lba0":17529,"lba1":17529,"bytes":4096,"n":1,"kind":2,"ov":0}
[msc.reads] n=1 bytes=4096 lba=17529..17529 gap=5 ov=0
[rx] {"t":"event","op":"msc.reads","ms":84369930,"gap":4,"lba0":17537,"lba1":17537,"bytes":4096,"n":1,"kind":2,"ov":0}
[msc.reads] n=1 bytes=4096 lba=17537..17537 gap=4 ov=0
[rx] {"t":"event","op":"msc.reads","ms":84369934,"gap":4,"lba0":17545,"lba1":17545,"bytes":4096,"n":1,"kind":2,"ov":0}
[msc.reads] n=1 bytes=4096 lba=17545..17545 gap=4 ov=0
[rx] {"t":"event","op":"msc.reads","ms":84369938,"gap":4,"lba0":17553,"lba1":17553,"bytes":4096,"n":1,"kind":2,"ov":0}
[msc.reads] n=1 bytes=4096 lba=17553..17553 gap=4 ov=0
[rx] {"t":"event","op":"diag","code":"cold_body_burst","detail":"s=2 lba=17505..17561 n=8 B=32768 w=0 ev=not_from_head set=0 fav2"}
[msc] cold_body_burst s=2 lba=17505..17561 n=8 B=32768 w=0 ev=not_from_head set=0 fav2
[rx] {"t":"event","op":"msc.reads","ms":84369956,"gap":18,"lba0":17561,"lba1":17561,"bytes":4096,"n":1,"kind":2,"ov":0}
[msc.reads] n=1 bytes=4096 lba=17561..17561 gap=18 ov=0
[rx] {"t":"event","op":"msc.reads","ms":84369961,"gap":5,"lba0":17569,"lba1":17569,"bytes":4096,"n":1,"kind":2,"ov":0}
[msc.reads] n=1 bytes=4096 lba=17569..17569 gap=5 ov=0
[rx] {"t":"event","op":"msc.reads","ms":84369965,"gap":4,"lba0":17577,"lba1":17577,"bytes":4096,"n":1,"kind":2,"ov":0}
[msc.reads] n=1 bytes=4096 lba=17577..17577 gap=4 ov=0
[rx] {"t":"event","op":"msc.reads","ms":84369969,"gap":4,"lba0":17585,"lba1":17585,"bytes":4096,"n":1,"kind":2,"ov":0}
[msc.reads] n=1 bytes=4096 lba=17585..17585 gap=4 ov=0
[rx] {"t":"event","op":"msc.reads","ms":84369973,"gap":4,"lba0":17593,"lba1":17593,"bytes":4096,"n":1,"kind":2,"ov":0}
[msc.reads] n=1 bytes=4096 lba=17593..17593 gap=4 ov=0
[rx] {"t":"event","op":"msc.reads","ms":84369978,"gap":5,"lba0":17601,"lba1":17601,"bytes":4096,"n":1,"kind":2,"ov":0}
[msc.reads] n=1 bytes=4096 lba=17601..17601 gap=5 ov=0
[rx] {"t":"event","op":"msc.reads","ms":84369982,"gap":4,"lba0":17609,"lba1":17609,"bytes":4096,"n":1,"kind":2,"ov":0}
[msc.reads] n=1 bytes=4096 lba=17609..17609 gap=4 ov=0
[rx] {"t":"event","op":"msc.reads","ms":84369986,"gap":4,"lba0":17617,"lba1":17617,"bytes":4096,"n":1,"kind":2,"ov":0}
[msc.reads] n=1 bytes=4096 lba=17617..17617 gap=4 ov=0
[rx] {"t":"event","op":"msc.reads","ms":84369990,"gap":4,"lba0":17625,"lba1":17625,"bytes":4096,"n":1,"kind":2,"ov":0}
[msc.reads] n=1 bytes=4096 lba=17625..17625 gap=4 ov=0
[rx] {"t":"event","op":"msc.reads","ms":84369995,"gap":5,"lba0":17633,"lba1":17633,"bytes":4096,"n":1,"kind":2,"ov":0}
[msc.reads] n=1 bytes=4096 lba=17633..17633 gap=5 ov=0
[rx] {"t":"event","op":"msc.reads","ms":84369999,"gap":4,"lba0":17641,"lba1":17641,"bytes":4096,"n":1,"kind":2,"ov":0}
[msc.reads] n=1 bytes=4096 lba=17641..17641 gap=4 ov=0
[rx] {"t":"event","op":"msc.reads","ms":84370003,"gap":4,"lba0":17649,"lba1":17649,"bytes":4096,"n":1,"kind":2,"ov":0}
[msc.reads] n=1 bytes=4096 lba=17649..17649 gap=4 ov=0
[rx] {"t":"event","op":"msc.reads","ms":84370008,"gap":5,"lba0":17657,"lba1":17657,"bytes":4096,"n":1,"kind":2,"ov":0}
[msc.reads] n=1 bytes=4096 lba=17657..17657 gap=5 ov=0
[rx] {"t":"event","op":"msc.reads","ms":84370012,"gap":4,"lba0":17665,"lba1":17665,"bytes":4096,"n":1,"kind":2,"ov":0}
[msc.reads] n=1 bytes=4096 lba=17665..17665 gap=4 ov=0
[rx] {"t":"event","op":"msc.reads","ms":84370016,"gap":4,"lba0":17673,"lba1":17673,"bytes":4096,"n":1,"kind":2,"ov":0}
[msc.reads] n=1 bytes=4096 lba=17673..17673 gap=4 ov=0
[rx] {"t":"event","op":"msc.reads","ms":84370021,"gap":5,"lba0":17681,"lba1":17681,"bytes":4096,"n":1,"kind":2,"ov":0}
[msc.reads] n=1 bytes=4096 lba=17681..17681 gap=5 ov=0
[rx] {"t":"event","op":"msc.reads","ms":84370025,"gap":4,"lba0":17689,"lba1":17689,"bytes":4096,"n":1,"kind":2,"ov":0}
[msc.reads] n=1 bytes=4096 lba=17689..17689 gap=4 ov=0
[rx] {"t":"event","op":"msc.reads","ms":84370030,"gap":5,"lba0":17697,"lba1":17697,"bytes":4096,"n":1,"kind":2,"ov":0}
[msc.reads] n=1 bytes=4096 lba=17697..17697 gap=5 ov=0
[rx] {"t":"event","op":"msc.reads","ms":84370034,"gap":4,"lba0":17705,"lba1":17705,"bytes":4096,"n":1,"kind":2,"ov":0}
[msc.reads] n=1 bytes=4096 lba=17705..17705 gap=4 ov=0
[rx] {"t":"event","op":"msc.reads","ms":84370038,"gap":4,"lba0":17713,"lba1":17713,"bytes":4096,"n":1,"kind":2,"ov":0}
[msc.reads] n=1 bytes=4096 lba=17713..17713 gap=4 ov=0
[rx] {"t":"event","op":"msc.reads","ms":84370043,"gap":5,"lba0":17721,"lba1":17721,"bytes":4096,"n":1,"kind":2,"ov":0}
[msc.reads] n=1 bytes=4096 lba=17721..17721 gap=5 ov=0
[rx] {"t":"event","op":"msc.reads","ms":84370047,"gap":4,"lba0":17729,"lba1":17729,"bytes":4096,"n":1,"kind":2,"ov":0}
[msc.reads] n=1 bytes=4096 lba=17729..17729 gap=4 ov=0
[rx] {"t":"event","op":"msc.reads","ms":84370051,"gap":4,"lba0":17737,"lba1":17745,"bytes":8192,"n":2,"kind":2,"ov":0}
[msc.reads] n=2 bytes=8192 lba=17737..17745 gap=4 ov=0
[rx] {"t":"event","op":"msc.reads","ms":84370060,"gap":5,"lba0":17753,"lba1":17753,"bytes":4096,"n":1,"kind":2,"ov":0}
[msc.reads] n=1 bytes=4096 lba=17753..17753 gap=5 ov=0
[rx] {"t":"event","op":"msc.reads","ms":84370064,"gap":4,"lba0":17761,"lba1":17761,"bytes":4096,"n":1,"kind":2,"ov":0}
[msc.reads] n=1 bytes=4096 lba=17761..17761 gap=4 ov=0
[rx] {"t":"event","op":"msc.reads","ms":84370068,"gap":4,"lba0":17769,"lba1":17777,"bytes":8192,"n":2,"kind":2,"ov":0}
[msc.reads] n=2 bytes=8192 lba=17769..17777 gap=4 ov=0
[rx] {"t":"event","op":"msc.reads","ms":84370077,"gap":5,"lba0":17785,"lba1":17793,"bytes":8192,"n":2,"kind":2,"ov":0}
[msc.reads] n=2 bytes=8192 lba=17785..17793 gap=5 ov=0
[rx] {"t":"event","op":"msc.reads","ms":84370085,"gap":4,"lba0":17801,"lba1":17801,"bytes":4096,"n":1,"kind":2,"ov":0}
[msc.reads] n=1 bytes=4096 lba=17801..17801 gap=4 ov=0
[rx] {"t":"event","op":"msc.reads","ms":84370089,"gap":4,"lba0":17809,"lba1":17809,"bytes":4096,"n":1,"kind":2,"ov":0}
[msc.reads] n=1 bytes=4096 lba=17809..17809 gap=4 ov=0
[rx] {"t":"event","op":"msc.reads","ms":84370093,"gap":4,"lba0":17817,"lba1":17817,"bytes":4096,"n":1,"kind":2,"ov":0}
[msc.reads] n=1 bytes=4096 lba=17817..17817 gap=4 ov=0
[rx] {"t":"event","op":"msc.reads","ms":84370097,"gap":4,"lba0":17825,"lba1":17825,"bytes":4096,"n":1,"kind":2,"ov":0}
[msc.reads] n=1 bytes=4096 lba=17825..17825 gap=4 ov=0
[rx] {"t":"event","op":"msc.reads","ms":84370102,"gap":5,"lba0":17833,"lba1":17833,"bytes":4096,"n":1,"kind":2,"ov":0}
[msc.reads] n=1 bytes=4096 lba=17833..17833 gap=5 ov=0
[rx] {"t":"event","op":"msc.reads","ms":84370106,"gap":4,"lba0":17841,"lba1":17841,"bytes":4096,"n":1,"kind":2,"ov":0}
[msc.reads] n=1 bytes=4096 lba=17841..17841 gap=4 ov=0
[rx] {"t":"event","op":"msc.reads","ms":84370110,"gap":4,"lba0":17849,"lba1":17857,"bytes":8192,"n":2,"kind":2,"ov":0}
[msc.reads] n=2 bytes=8192 lba=17849..17857 gap=4 ov=0
[rx] {"t":"event","op":"msc.reads","ms":84370118,"gap":4,"lba0":17865,"lba1":17865,"bytes":4096,"n":1,"kind":2,"ov":0}
[msc.reads] n=1 bytes=4096 lba=17865..17865 gap=4 ov=0
[rx] {"t":"event","op":"msc.reads","ms":84370123,"gap":5,"lba0":17873,"lba1":17873,"bytes":4096,"n":1,"kind":2,"ov":0}
[msc.reads] n=1 bytes=4096 lba=17873..17873 gap=5 ov=0
[rx] {"t":"event","op":"msc.reads","ms":84370127,"gap":4,"lba0":17881,"lba1":17881,"bytes":4096,"n":1,"kind":2,"ov":0}
[msc.reads] n=1 bytes=4096 lba=17881..17881 gap=4 ov=0
[rx] {"t":"event","op":"msc.reads","ms":84370131,"gap":4,"lba0":17889,"lba1":17889,"bytes":4096,"n":1,"kind":2,"ov":0}
[msc.reads] n=1 bytes=4096 lba=17889..17889 gap=4 ov=0
[rx] {"t":"event","op":"msc.reads","ms":84370135,"gap":4,"lba0":17897,"lba1":17897,"bytes":4096,"n":1,"kind":2,"ov":0}
[msc.reads] n=1 bytes=4096 lba=17897..17897 gap=4 ov=0
[rx] {"t":"event","op":"msc.reads","ms":84370140,"gap":5,"lba0":17905,"lba1":17905,"bytes":4096,"n":1,"kind":2,"ov":0}
[msc.reads] n=1 bytes=4096 lba=17905..17905 gap=5 ov=0
[rx] {"t":"event","op":"msc.reads","ms":84370144,"gap":4,"lba0":17913,"lba1":17913,"bytes":4096,"n":1,"kind":2,"ov":0}
[msc.reads] n=1 bytes=4096 lba=17913..17913 gap=4 ov=0
[rx] {"t":"event","op":"msc.reads","ms":84370148,"gap":4,"lba0":17921,"lba1":17937,"bytes":12288,"n":3,"kind":2,"ov":0}
[msc.reads] n=3 bytes=12288 lba=17921..17937 gap=4 ov=0
[rx] {"t":"event","op":"msc.reads","ms":84370161,"gap":4,"lba0":17945,"lba1":17945,"bytes":4096,"n":1,"kind":2,"ov":0}
[msc.reads] n=1 bytes=4096 lba=17945..17945 gap=4 ov=0
[rx] {"t":"event","op":"msc.reads","ms":84370165,"gap":4,"lba0":17953,"lba1":17953,"bytes":4096,"n":1,"kind":2,"ov":0}
[msc.reads] n=1 bytes=4096 lba=17953..17953 gap=4 ov=0
[rx] {"t":"event","op":"msc.reads","ms":84370170,"gap":5,"lba0":17961,"lba1":17961,"bytes":4096,"n":1,"kind":2,"ov":0}
[msc.reads] n=1 bytes=4096 lba=17961..17961 gap=5 ov=0
[rx] {"t":"event","op":"msc.reads","ms":84370174,"gap":4,"lba0":17969,"lba1":17969,"bytes":4096,"n":1,"kind":2,"ov":0}
[msc.reads] n=1 bytes=4096 lba=17969..17969 gap=4 ov=0
[rx] {"t":"event","op":"msc.reads","ms":84370178,"gap":4,"lba0":17977,"lba1":17977,"bytes":4096,"n":1,"kind":2,"ov":0}
[msc.reads] n=1 bytes=4096 lba=17977..17977 gap=4 ov=0
[rx] {"t":"event","op":"msc.reads","ms":84370183,"gap":5,"lba0":17985,"lba1":17985,"bytes":4096,"n":1,"kind":2,"ov":0}
[msc.reads] n=1 bytes=4096 lba=17985..17985 gap=5 ov=0
[rx] {"t":"event","op":"msc.reads","ms":84370187,"gap":4,"lba0":17993,"lba1":17993,"bytes":4096,"n":1,"kind":2,"ov":0}
[msc.reads] n=1 bytes=4096 lba=17993..17993 gap=4 ov=0
[rx] {"t":"event","op":"msc.reads","ms":84370191,"gap":4,"lba0":18001,"lba1":18001,"bytes":4096,"n":1,"kind":2,"ov":0}
[msc.reads] n=1 bytes=4096 lba=18001..18001 gap=4 ov=0
[rx] {"t":"event","op":"msc.reads","ms":84370195,"gap":4,"lba0":18009,"lba1":18009,"bytes":4096,"n":1,"kind":2,"ov":0}
[msc.reads] n=1 bytes=4096 lba=18009..18009 gap=4 ov=0
[rx] {"t":"event","op":"msc.reads","ms":84370200,"gap":5,"lba0":18017,"lba1":18017,"bytes":4096,"n":1,"kind":2,"ov":0}
[msc.reads] n=1 bytes=4096 lba=18017..18017 gap=5 ov=0
[rx] {"t":"event","op":"msc.reads","ms":84370204,"gap":4,"lba0":18025,"lba1":18025,"bytes":4096,"n":1,"kind":2,"ov":0}
[msc.reads] n=1 bytes=4096 lba=18025..18025 gap=4 ov=0
[rx] {"t":"event","op":"msc.reads","ms":84370208,"gap":4,"lba0":18033,"lba1":18033,"bytes":4096,"n":1,"kind":2,"ov":0}
[msc.reads] n=1 bytes=4096 lba=18033..18033 gap=4 ov=0
[rx] {"t":"event","op":"msc.reads","ms":84370213,"gap":5,"lba0":18041,"lba1":18041,"bytes":4096,"n":1,"kind":2,"ov":0}
[msc.reads] n=1 bytes=4096 lba=18041..18041 gap=5 ov=0
[rx] {"t":"event","op":"msc.reads","ms":84370217,"gap":4,"lba0":18049,"lba1":18049,"bytes":4096,"n":1,"kind":2,"ov":0}
[msc.reads] n=1 bytes=4096 lba=18049..18049 gap=4 ov=0
[rx] {"t":"event","op":"msc.reads","ms":84370221,"gap":4,"lba0":18057,"lba1":18057,"bytes":4096,"n":1,"kind":2,"ov":0}
[msc.reads] n=1 bytes=4096 lba=18057..18057 gap=4 ov=0
[rx] {"t":"event","op":"msc.reads","ms":84370226,"gap":5,"lba0":18065,"lba1":18065,"bytes":4096,"n":1,"kind":2,"ov":0}
[msc.reads] n=1 bytes=4096 lba=18065..18065 gap=5 ov=0
[rx] {"t":"event","op":"msc.reads","ms":84370230,"gap":4,"lba0":18073,"lba1":18073,"bytes":4096,"n":1,"kind":2,"ov":0}
[msc.reads] n=1 bytes=4096 lba=18073..18073 gap=4 ov=0
[rx] {"t":"event","op":"msc.reads","ms":84370234,"gap":4,"lba0":18081,"lba1":18081,"bytes":4096,"n":1,"kind":2,"ov":0}
[msc.reads] n=1 bytes=4096 lba=18081..18081 gap=4 ov=0
[rx] {"t":"event","op":"msc.reads","ms":84370239,"gap":5,"lba0":18089,"lba1":18089,"bytes":4096,"n":1,"kind":2,"ov":0}
[msc.reads] n=1 bytes=4096 lba=18089..18089 gap=5 ov=0
[rx] {"t":"event","op":"msc.reads","ms":84370243,"gap":4,"lba0":18097,"lba1":18097,"bytes":4096,"n":1,"kind":2,"ov":0}
[msc.reads] n=1 bytes=4096 lba=18097..18097 gap=4 ov=0
[rx] {"t":"event","op":"msc.reads","ms":84370248,"gap":5,"lba0":18105,"lba1":18105,"bytes":4096,"n":1,"kind":2,"ov":0}
[msc.reads] n=1 bytes=4096 lba=18105..18105 gap=5 ov=0
[rx] {"t":"event","op":"msc.reads","ms":84370252,"gap":4,"lba0":18113,"lba1":18113,"bytes":4096,"n":1,"kind":2,"ov":0}
[msc.reads] n=1 bytes=4096 lba=18113..18113 gap=4 ov=0
[rx] {"t":"event","op":"msc.reads","ms":84370256,"gap":4,"lba0":18121,"lba1":18121,"bytes":4096,"n":1,"kind":2,"ov":0}
[msc.reads] n=1 bytes=4096 lba=18121..18121 gap=4 ov=0
[rx] {"t":"event","op":"msc.reads","ms":84370260,"gap":4,"lba0":18129,"lba1":18129,"bytes":4096,"n":1,"kind":2,"ov":0}
[msc.reads] n=1 bytes=4096 lba=18129..18129 gap=4 ov=0
[rx] {"t":"event","op":"msc.reads","ms":84370265,"gap":5,"lba0":18137,"lba1":18137,"bytes":4096,"n":1,"kind":2,"ov":0}
[msc.reads] n=1 bytes=4096 lba=18137..18137 gap=5 ov=0
[rx] {"t":"event","op":"msc.reads","ms":84370269,"gap":4,"lba0":18145,"lba1":18145,"bytes":4096,"n":1,"kind":2,"ov":0}
[msc.reads] n=1 bytes=4096 lba=18145..18145 gap=4 ov=0
[rx] {"t":"event","op":"msc.reads","ms":84370273,"gap":4,"lba0":18153,"lba1":18153,"bytes":4096,"n":1,"kind":2,"ov":0}
[msc.reads] n=1 bytes=4096 lba=18153..18153 gap=4 ov=0
[rx] {"t":"event","op":"msc.reads","ms":84370278,"gap":5,"lba0":18161,"lba1":18161,"bytes":4096,"n":1,"kind":2,"ov":0}
[msc.reads] n=1 bytes=4096 lba=18161..18161 gap=5 ov=0
[rx] {"t":"event","op":"msc.reads","ms":84370282,"gap":4,"lba0":18169,"lba1":18169,"bytes":4096,"n":1,"kind":2,"ov":0}
[msc.reads] n=1 bytes=4096 lba=18169..18169 gap=4 ov=0
[rx] {"t":"event","op":"msc.reads","ms":84370287,"gap":5,"lba0":18177,"lba1":18177,"bytes":4096,"n":1,"kind":2,"ov":0}
[msc.reads] n=1 bytes=4096 lba=18177..18177 gap=5 ov=0
[rx] {"t":"event","op":"msc.reads","ms":84370291,"gap":4,"lba0":18185,"lba1":18185,"bytes":4096,"n":1,"kind":2,"ov":0}
[msc.reads] n=1 bytes=4096 lba=18185..18185 gap=4 ov=0
[rx] {"t":"event","op":"msc.reads","ms":84370295,"gap":4,"lba0":18193,"lba1":18193,"bytes":4096,"n":1,"kind":2,"ov":0}
[msc.reads] n=1 bytes=4096 lba=18193..18193 gap=4 ov=0
[rx] {"t":"event","op":"msc.reads","ms":84370300,"gap":5,"lba0":18201,"lba1":18201,"bytes":4096,"n":1,"kind":2,"ov":0}
[msc.reads] n=1 bytes=4096 lba=18201..18201 gap=5 ov=0
[rx] {"t":"event","op":"msc.reads","ms":84370304,"gap":4,"lba0":18209,"lba1":18209,"bytes":4096,"n":1,"kind":2,"ov":0}
[msc.reads] n=1 bytes=4096 lba=18209..18209 gap=4 ov=0
[rx] {"t":"event","op":"msc.reads","ms":84370308,"gap":4,"lba0":18217,"lba1":18217,"bytes":4096,"n":1,"kind":2,"ov":0}
[msc.reads] n=1 bytes=4096 lba=18217..18217 gap=4 ov=0
[rx] {"t":"event","op":"msc.reads","ms":84370312,"gap":4,"lba0":18225,"lba1":18225,"bytes":4096,"n":1,"kind":2,"ov":0}
[msc.reads] n=1 bytes=4096 lba=18225..18225 gap=4 ov=0
[rx] {"t":"event","op":"msc.reads","ms":84370317,"gap":5,"lba0":18233,"lba1":18233,"bytes":4096,"n":1,"kind":2,"ov":0}
[msc.reads] n=1 bytes=4096 lba=18233..18233 gap=5 ov=0
[rx] {"t":"event","op":"msc.reads","ms":84370321,"gap":4,"lba0":18241,"lba1":18241,"bytes":4096,"n":1,"kind":2,"ov":0}
[msc.reads] n=1 bytes=4096 lba=18241..18241 gap=4 ov=0
[rx] {"t":"event","op":"msc.reads","ms":84370325,"gap":4,"lba0":18249,"lba1":18249,"bytes":4096,"n":1,"kind":2,"ov":0}
[msc.reads] n=1 bytes=4096 lba=18249..18249 gap=4 ov=0
[rx] {"t":"event","op":"msc.reads","ms":84370329,"gap":4,"lba0":18257,"lba1":18257,"bytes":4096,"n":1,"kind":2,"ov":0}
[msc.reads] n=1 bytes=4096 lba=18257..18257 gap=4 ov=0
[rx] {"t":"event","op":"msc.reads","ms":84370334,"gap":5,"lba0":18265,"lba1":18265,"bytes":4096,"n":1,"kind":2,"ov":0}
[msc.reads] n=1 bytes=4096 lba=18265..18265 gap=5 ov=0
[rx] {"t":"event","op":"msc.reads","ms":84370338,"gap":4,"lba0":18273,"lba1":18273,"bytes":4096,"n":1,"kind":2,"ov":0}
[msc.reads] n=1 bytes=4096 lba=18273..18273 gap=4 ov=0
[rx] {"t":"event","op":"msc.reads","ms":84370342,"gap":4,"lba0":18281,"lba1":18281,"bytes":4096,"n":1,"kind":2,"ov":0}
[msc.reads] n=1 bytes=4096 lba=18281..18281 gap=4 ov=0
[rx] {"t":"event","op":"msc.reads","ms":84370346,"gap":4,"lba0":18289,"lba1":18289,"bytes":4096,"n":1,"kind":2,"ov":0}
[msc.reads] n=1 bytes=4096 lba=18289..18289 gap=4 ov=0
[rx] {"t":"event","op":"msc.reads","ms":84370350,"gap":4,"lba0":18297,"lba1":18297,"bytes":4096,"n":1,"kind":2,"ov":0}
[msc.reads] n=1 bytes=4096 lba=18297..18297 gap=4 ov=0
[rx] {"t":"event","op":"msc.reads","ms":84370355,"gap":5,"lba0":18305,"lba1":18329,"bytes":16384,"n":4,"kind":2,"ov":0}
[msc.reads] n=4 bytes=16384 lba=18305..18329 gap=5 ov=0
[rx] {"t":"event","op":"msc.reads","ms":84370372,"gap":5,"lba0":18337,"lba1":18337,"bytes":4096,"n":1,"kind":2,"ov":0}
[msc.reads] n=1 bytes=4096 lba=18337..18337 gap=5 ov=0
[rx] {"t":"event","op":"msc.reads","ms":84370376,"gap":4,"lba0":18345,"lba1":18345,"bytes":4096,"n":1,"kind":2,"ov":0}
[msc.reads] n=1 bytes=4096 lba=18345..18345 gap=4 ov=0
[rx] {"t":"event","op":"msc.reads","ms":84370380,"gap":4,"lba0":18353,"lba1":18353,"bytes":4096,"n":1,"kind":2,"ov":0}
[msc.reads] n=1 bytes=4096 lba=18353..18353 gap=4 ov=0
[rx] {"t":"event","op":"msc.reads","ms":84370384,"gap":4,"lba0":18361,"lba1":18377,"bytes":12288,"n":3,"kind":2,"ov":0}
[msc.reads] n=3 bytes=12288 lba=18361..18377 gap=4 ov=0
[rx] {"t":"event","op":"msc.reads","ms":84370396,"gap":4,"lba0":18385,"lba1":18385,"bytes":4096,"n":1,"kind":2,"ov":0}
[msc.reads] n=1 bytes=4096 lba=18385..18385 gap=4 ov=0
[rx] {"t":"event","op":"msc.reads","ms":84370401,"gap":5,"lba0":18393,"lba1":18393,"bytes":4096,"n":1,"kind":2,"ov":0}
[msc.reads] n=1 bytes=4096 lba=18393..18393 gap=5 ov=0
[rx] {"t":"event","op":"msc.reads","ms":84370405,"gap":4,"lba0":18401,"lba1":18401,"bytes":4096,"n":1,"kind":2,"ov":0}
[msc.reads] n=1 bytes=4096 lba=18401..18401 gap=4 ov=0
[rx] {"t":"event","op":"msc.reads","ms":84370409,"gap":4,"lba0":18409,"lba1":18409,"bytes":4096,"n":1,"kind":2,"ov":0}
[msc.reads] n=1 bytes=4096 lba=18409..18409 gap=4 ov=0
[rx] {"t":"event","op":"msc.reads","ms":84370414,"gap":5,"lba0":18417,"lba1":18417,"bytes":4096,"n":1,"kind":2,"ov":0}
[msc.reads] n=1 bytes=4096 lba=18417..18417 gap=5 ov=0
[rx] {"t":"event","op":"msc.reads","ms":84370418,"gap":4,"lba0":18425,"lba1":18425,"bytes":4096,"n":1,"kind":2,"ov":0}
[msc.reads] n=1 bytes=4096 lba=18425..18425 gap=4 ov=0
[rx] {"t":"event","op":"msc.reads","ms":84370422,"gap":4,"lba0":18433,"lba1":18441,"bytes":8192,"n":2,"kind":2,"ov":0}
[msc.reads] n=2 bytes=8192 lba=18433..18441 gap=4 ov=0
[rx] {"t":"event","op":"msc.reads","ms":84370431,"gap":5,"lba0":18449,"lba1":18449,"bytes":4096,"n":1,"kind":2,"ov":0}
[msc.reads] n=1 bytes=4096 lba=18449..18449 gap=5 ov=0
[rx] {"t":"event","op":"msc.reads","ms":84370435,"gap":4,"lba0":18457,"lba1":18457,"bytes":4096,"n":1,"kind":2,"ov":0}
[msc.reads] n=1 bytes=4096 lba=18457..18457 gap=4 ov=0
[rx] {"t":"event","op":"msc.reads","ms":84370439,"gap":4,"lba0":18465,"lba1":18465,"bytes":4096,"n":1,"kind":2,"ov":0}
[msc.reads] n=1 bytes=4096 lba=18465..18465 gap=4 ov=0
[rx] {"t":"event","op":"msc.reads","ms":84370444,"gap":5,"lba0":18473,"lba1":18473,"bytes":4096,"n":1,"kind":2,"ov":0}
[msc.reads] n=1 bytes=4096 lba=18473..18473 gap=5 ov=0
[rx] {"t":"event","op":"msc.reads","ms":84370448,"gap":4,"lba0":18481,"lba1":18481,"bytes":4096,"n":1,"kind":2,"ov":0}
[msc.reads] n=1 bytes=4096 lba=18481..18481 gap=4 ov=0
[rx] {"t":"event","op":"msc.reads","ms":84370452,"gap":4,"lba0":18489,"lba1":18489,"bytes":4096,"n":1,"kind":2,"ov":0}
[msc.reads] n=1 bytes=4096 lba=18489..18489 gap=4 ov=0
[rx] {"t":"event","op":"msc.reads","ms":84370457,"gap":5,"lba0":18497,"lba1":18497,"bytes":4096,"n":1,"kind":2,"ov":0}
[msc.reads] n=1 bytes=4096 lba=18497..18497 gap=5 ov=0
[rx] {"t":"event","op":"msc.reads","ms":84370461,"gap":4,"lba0":18505,"lba1":18505,"bytes":4096,"n":1,"kind":2,"ov":0}
[msc.reads] n=1 bytes=4096 lba=18505..18505 gap=4 ov=0
