{
  "G7": {
    "pass": false,
    "slot_size": 8388608,
    "maxSeq_after_head": 5201920,
    "maxSeq_after_frag": 5201920,
    "maxSeq_final": 5201920,
    "bytes_delta": 8179712,
    "expect_total": 8179712,
    "field_total_8mib": 8179712,
    "timing": {
      "period_ms": 4.0,
      "gap_ms": null,
      "sg_duration_ms": {
        "p5": 4.0,
        "p50": 4.0,
        "p95": 5.0,
        "p99": 18.0,
        "min": 3.0,
        "max": 65.0,
        "n": 1997
      },
      "wall_ms": {
        "p5": 3.999,
        "p50": 4.162,
        "p95": 4.575,
        "p99": 17.621,
        "min": 3.938,
        "max": 65.011,
        "n": 1997
      },
      "start_to_start_ms": {
        "p5": 4.553,
        "p50": 4.802,
        "p95": 5.427,
        "p99": 18.312,
        "min": 4.481,
        "max": 1139.2,
        "n": 1996
      },
      "late_reads": 392
    },
    "head_ok": false,
    "frag_ok": false,
    "final_ok": true,
    "total_ok": true
  }
}
OUT docs/betrieb/artifacts-2026-10-07-lab/lab88-s2probe/T1-1600/sim-bare overall=FAIL
