{
  "G5": {
    "pass": true,
    "burst_median_bps": 8702.9,
    "late_median_bps": 5887.5,
    "burst_ok": true,
    "late_ok": true,
    "err": null
  },
  "G1": {
    "pass": true,
    "bytes_before_arm": 86016,
    "expect_before": 86016,
    "before_ok": true,
    "hostAbs": 438272,
    "underruns": 438272,
    "expect_und_host": 438272,
    "und_ok": true,
    "host_ok": true,
    "und_host_ok": true,
    "liveBytes_fw": 32874496,
    "liveBytes_ear": 0,
    "live_ok": true,
    "class_counts": {
      "ID3": 2,
      "SILENCE": 254
    },
    "ear": {
      "live_bytes": 0,
      "consumed": 0,
      "events": {},
      "event_list": []
    },
    "silence_ratio": 1.0,
    "other_ratio": 0.0,
    "classifier_ok": true
  },
  "G3": {
    "pass": true,
    "fill_pre": 49152,
    "fill_wait_s": 1.251,
    "fill_ok": true,
    "liveBytes_fw": 33361951,
    "liveBytes_ear": 45056,
    "expect_live": 49152,
    "live_ok": true,
    "underruns": 475105,
    "hostAbs": 543457,
    "class_counts": {
      "ID3": 1,
      "LIVE": 11,
      "SILENCE": 116
    },
    "ear": {
      "live_bytes": 45056,
      "consumed": 0,
      "events": {
        "gap_in_content": 10,
        "silence_in_play": 116
      },
      "event_list": [
        {
          "t": 1840328.072635526,
          "kind": "gap_in_content",
          "from": 91,
          "to": 107
        },
        {
          "t": 1840328.082420506,
          "kind": "gap_in_content",
          "from": 107,
          "to": 123
        },
        {
          "t": 1840328.092225104,
          "kind": "gap_in_content",
          "from": 123,
          "to": 139
        },
        {
          "t": 1840328.102479592,
          "kind": "gap_in_content",
          "from": 139,
          "to": 155
        },
        {
          "t": 1840328.11247511,
          "kind": "gap_in_content",
          "from": 155,
          "to": 171
        },
        {
          "t": 1840328.122334782,
          "kind": "gap_in_content",
          "from": 171,
          "to": 187
        },
        {
          "t": 1840328.132031025,
          "kind": "gap_in_content",
          "from": 187,
          "to": 203
        },
        {
          "t": 1840328.155520583,
          "kind": "gap_in_content",
          "from": 203,
          "to": 219
        },
        {
          "t": 1840328.165067203,
          "kind": "gap_in_content",
          "from": 219,
          "to": 235
        },
        {
          "t": 1840328.174570582,
          "kind": "gap_in_content",
          "from": 235,
          "to": 251
        },
        {
          "t": 1840328.184615634,
          "kind": "silence_in_play"
        },
        {
          "t": 1840328.194955413,
          "kind": "silence_in_play"
        },
        {
          "t": 1840328.205267109,
          "kind": "silence_in_play"
        },
        {
          "t": 1840328.215499946,
          "kind": "silence_in_play"
        },
        {
          "t": 1840328.225495134,
          "kind": "silence_in_play"
        },
        {
          "t": 1840328.235481605,
          "kind": "silence_in_play"
        },
        {
          "t": 1840328.24570258,
          "kind": "silence_in_play"
        },
        {
          "t": 1840328.255995931,
          "kind": "silence_in_play"
        },
        {
          "t": 1840328.266336211,
          "kind": "silence_in_play"
        },
        {
          "t": 1840328.276479008,
          "kind": "silence_in_play"
        },
        {
          "t": 1840328.286501247,
          "kind": "silence_in_play"
        },
        {
          "t": 1840328.296795029,
          "kind": "silence_in_play"
        },
        {
          "t": 1840328.306868124,
          "kind": "silence_in_play"
        },
        {
          "t": 1840328.316953072,
          "kind": "silence_in_play"
        },
        {
          "t": 1840328.327159188,
          "kind": "silence_in_play"
        },
        {
          "t": 1840328.33762748,
          "kind": "silence_in_play"
        },
        {
          "t": 1840328.348623659,
          "kind": "silence_in_play"
        },
        {
          "t": 1840328.360008403,
          "kind": "silence_in_play"
        },
        {
          "t": 1840328.37042661,
          "kind": "silence_in_play"
        },
        {
          "t": 1840328.380447627,
          "kind": "silence_in_play"
        },
        {
          "t": 1840328.390981353,
          "kind": "silence_in_play"
        },
        {
          "t": 1840328.401397616,
          "kind": "silence_in_play"
        },
        {
          "t": 1840328.41164455,
          "kind": "silence_in_play"
        },
        {
          "t": 1840328.421901863,
          "kind": "silence_in_play"
        },
        {
          "t": 1840328.432270647,
          "kind": "silence_in_play"
        },
        {
          "t": 1840328.442402503,
          "kind": "silence_in_play"
        },
        {
          "t": 1840328.452786125,
          "kind": "silence_in_play"
        },
        {
          "t": 1840328.463187059,
          "kind": "silence_in_play"
        },
        {
          "t": 1840328.473638139,
          "kind": "silence_in_play"
        },
        {
          "t": 1840328.484020959,
          "kind": "silence_in_play"
        },
        {
          "t": 1840328.494193723,
          "kind": "silence_in_play"
        },
        {
          "t": 1840328.504432621,
          "kind": "silence_in_play"
        },
        {
          "t": 1840328.514499044,
          "kind": "silence_in_play"
        },
        {
          "t": 1840328.5245253,
          "kind": "silence_in_play"
        },
        {
          "t": 1840328.534907299,
          "kind": "silence_in_play"
        },
        {
          "t": 1840328.545247759,
          "kind": "silence_in_play"
        },
        {
          "t": 1840328.555863871,
          "kind": "silence_in_play"
        },
        {
          "t": 1840328.565985327,
          "kind": "silence_in_play"
        },
        {
          "t": 1840328.576290951,
          "kind": "silence_in_play"
        },
        {
          "t": 1840328.586491738,
          "kind": "silence_in_play"
        }
      ]
    },
    "silence_after_live": true
  },
  "G4": {
    "pass": true,
    "fav2_maxSeq": 524288,
    "prefetch_s": 1.187,
    "prefetch_ok": true,
    "within_few_s": true
  },
  "G2": {
    "pass": true,
    "maxSeq": 524288,
    "hostAbs_pre": 524257,
    "hostAbs_after_arm": 0,
    "und_delta": -1048545,
    "host_delta": -524257,
    "armed": false,
    "file_full": true,
    "host_ok": true,
    "und_ok": true
  }
}
OUT docs/betrieb/artifacts-2026-10-06-lab/lab88-nbt-hu-sim-all-c2 overall=PASS
