{
  "G1": {
    "pass": true,
    "bytes_before_arm": 86016,
    "expect_before": 86016,
    "before_ok": true,
    "hostAbs": 524288,
    "underruns": 524288,
    "expect_und_host": 438272,
    "und_host_ok": true,
    "liveBytes_fw": 26841088,
    "liveBytes_ear": 0,
    "live_ok": true,
    "class_counts": {
      "ID3": 2,
      "OTHER": 242,
      "SILENCE": 12
    },
    "ear": {
      "live_bytes": 0,
      "consumed": 0,
      "events": {},
      "event_list": []
    }
  },
  "G2": {
    "pass": true,
    "maxSeq": 524288,
    "hostAbs_pre": 524257,
    "hostAbs_after_arm": 0,
    "und_delta": -1048545,
    "host_delta": -524257,
    "armed": false,
    "file_full": true,
    "host_ok": true,
    "und_ok": true
  }
}
OUT docs/betrieb/artifacts-2026-10-06-lab/lab88-feld-s1-replay/G1G2 overall=PASS
