2026-10-07T07:41:27.486+02:00 play '-' host 0 und 0 readCount 0
2026-10-07T07:41:28.486+02:00 play '-' host 0 und 0 readCount 0
2026-10-07T07:41:29.486+02:00 play '-' host 0 und 0 readCount 0
2026-10-07T07:41:30.486+02:00 play '-' host 0 und 0 readCount 0
2026-10-07T07:41:31.487+02:00 play '-' host 0 und 0 readCount 0
2026-10-07T07:41:32.487+02:00 play '-' host 0 und 0 readCount 0
2026-10-07T07:41:33.487+02:00 play '-' host 0 und 0 readCount 0
2026-10-07T07:41:34.488+02:00 play '-' host 0 und 0 readCount 0
2026-10-07T07:41:35.488+02:00 play '-' host 0 und 0 readCount 0
2026-10-07T07:41:36.488+02:00 play '-' host 0 und 0 readCount 0
2026-10-07T07:41:37.488+02:00 play '-' host 0 und 0 readCount 0
2026-10-07T07:41:38.488+02:00 play '-' host 0 und 0 readCount 0
2026-10-07T07:41:39.489+02:00 play '-' host 0 und 0 readCount 0
2026-10-07T07:41:40.489+02:00 play '-' host 0 und 0 readCount 15
2026-10-07T07:41:41.489+02:00 play '-' host 0 und 0 readCount 147
2026-10-07T07:41:42.489+02:00 play '-' host 0 und 0 readCount 339
2026-10-07T07:41:43.489+02:00 play '-' host 0 und 0 readCount 339
2026-10-07T07:41:44.490+02:00 play '-' host 0 und 0 readCount 339
2026-10-07T07:41:45.490+02:00 play '-' host 0 und 0 readCount 339
2026-10-07T07:41:46.490+02:00 play '-' host 0 und 0 readCount 339
2026-10-07T07:41:47.491+02:00 play '-' host 0 und 0 readCount 339
2026-10-07T07:41:48.491+02:00 play '-' host 0 und 0 readCount 339
2026-10-07T07:41:49.491+02:00 play '-' host 0 und 0 readCount 339
2026-10-07T07:41:50.491+02:00 play '-' host 0 und 0 readCount 339
2026-10-07T07:41:51.492+02:00 play '-' host 0 und 0 readCount 339
2026-10-07T07:41:52.492+02:00 play '-' host 0 und 0 readCount 339
2026-10-07T07:41:53.492+02:00 play '-' host 0 und 0 readCount 339
2026-10-07T07:41:54.492+02:00 play '-' host 0 und 0 readCount 339
2026-10-07T07:41:55.493+02:00 play '-' host 0 und 0 readCount 339
2026-10-07T07:41:56.493+02:00 play '-' host 0 und 0 readCount 339
2026-10-07T07:41:57.493+02:00 play '-' host 0 und 0 readCount 339
2026-10-07T07:41:58.493+02:00 play '-' host 0 und 0 readCount 339
2026-10-07T07:41:59.493+02:00 play '-' host 0 und 0 readCount 339
2026-10-07T07:42:00.493+02:00 play '-' host 0 und 0 readCount 339
2026-10-07T07:42:01.493+02:00 play '-' host 0 und 0 readCount 339
2026-10-07T07:42:02.494+02:00 play '-' host 0 und 0 readCount 339
2026-10-07T07:42:03.494+02:00 play '-' host 0 und 0 readCount 339
2026-10-07T07:42:04.494+02:00 play '-' host 0 und 0 readCount 339
2026-10-07T07:42:05.494+02:00 play '-' host 0 und 0 readCount 339
2026-10-07T07:42:06.494+02:00 play '-' host 0 und 0 readCount 339
2026-10-07T07:42:07.495+02:00 play '-' host 0 und 0 readCount 339
2026-10-07T07:42:08.495+02:00 play '-' host 0 und 0 readCount 339
2026-10-07T07:42:09.495+02:00 play '-' host 0 und 0 readCount 339
2026-10-07T07:42:10.495+02:00 play '-' host 0 und 0 readCount 339
2026-10-07T07:42:11.495+02:00 play '-' host 0 und 0 readCount 339
2026-10-07T07:42:12.495+02:00 play '-' host 0 und 0 readCount 339
2026-10-07T07:42:13.496+02:00 play '-' host 0 und 0 readCount 339
2026-10-07T07:42:14.496+02:00 play '-' host 0 und 0 readCount 339
2026-10-07T07:42:15.496+02:00 play '-' host 0 und 0 readCount 339
2026-10-07T07:42:16.496+02:00 play '-' host 0 und 0 readCount 339
2026-10-07T07:42:17.496+02:00 play '-' host 0 und 0 readCount 339
2026-10-07T07:42:18.496+02:00 play '-' host 0 und 0 readCount 339
2026-10-07T07:42:19.496+02:00 play '-' host 0 und 0 readCount 339
2026-10-07T07:42:20.497+02:00 play '-' host 0 und 0 readCount 339
2026-10-07T07:42:21.497+02:00 play '-' host 0 und 0 readCount 339
2026-10-07T07:42:22.497+02:00 play '-' host 0 und 0 readCount 339
2026-10-07T07:42:23.497+02:00 play '-' host 0 und 0 readCount 339
2026-10-07T07:42:24.497+02:00 play '-' host 0 und 0 readCount 339
2026-10-07T07:42:25.497+02:00 play '-' host 0 und 0 readCount 339
2026-10-07T07:42:26.497+02:00 play '-' host 0 und 0 readCount 339
2026-10-07T07:42:27.498+02:00 play '-' host 0 und 0 readCount 339
2026-10-07T07:42:28.498+02:00 play '-' host 0 und 0 readCount 339
2026-10-07T07:42:29.498+02:00 play '-' host 0 und 0 readCount 339
2026-10-07T07:42:30.498+02:00 play '-' host 0 und 0 readCount 339
2026-10-07T07:42:31.498+02:00 play '-' host 0 und 0 readCount 339
2026-10-07T07:42:32.498+02:00 play '-' host 0 und 0 readCount 339
2026-10-07T07:42:33.499+02:00 play '-' host 0 und 0 readCount 339
2026-10-07T07:42:34.499+02:00 play '-' host 0 und 0 readCount 339
2026-10-07T07:42:35.499+02:00 play '-' host 0 und 0 readCount 339
2026-10-07T07:42:36.499+02:00 play '-' host 0 und 0 readCount 339
2026-10-07T07:42:37.499+02:00 play '-' host 0 und 0 readCount 339
2026-10-07T07:42:38.499+02:00 play '-' host 0 und 0 readCount 339
2026-10-07T07:42:39.500+02:00 play '-' host 0 und 0 readCount 339
2026-10-07T07:42:40.500+02:00 play '-' host 0 und 0 readCount 339
2026-10-07T07:42:41.500+02:00 play '-' host 0 und 0 readCount 339
2026-10-07T07:42:42.500+02:00 play '-' host 0 und 0 readCount 339
2026-10-07T07:42:43.500+02:00 play '-' host 0 und 0 readCount 339
2026-10-07T07:42:44.500+02:00 play '-' host 0 und 0 readCount 339
2026-10-07T07:42:45.501+02:00 play '-' host 0 und 0 readCount 339
2026-10-07T07:42:46.501+02:00 play '-' host 0 und 0 readCount 339
2026-10-07T07:42:47.501+02:00 play '-' host 0 und 0 readCount 339
2026-10-07T07:42:48.501+02:00 play '-' host 0 und 0 readCount 382
2026-10-07T07:42:49.501+02:00 play '-' host 0 und 0 readCount 382
2026-10-07T07:42:50.501+02:00 play '-' host 0 und 0 readCount 382
2026-10-07T07:42:51.502+02:00 play '-' host 0 und 0 readCount 382
2026-10-07T07:42:52.502+02:00 play '-' host 0 und 0 readCount 382
2026-10-07T07:42:53.502+02:00 play '-' host 0 und 0 readCount 382
2026-10-07T07:42:54.502+02:00 play '-' host 0 und 0 readCount 382
2026-10-07T07:42:55.502+02:00 play '-' host 0 und 0 readCount 382
2026-10-07T07:42:56.503+02:00 play '-' host 0 und 0 readCount 382
2026-10-07T07:42:57.503+02:00 play '-' host 0 und 0 readCount 382
2026-10-07T07:42:58.503+02:00 play '-' host 0 und 0 readCount 382
2026-10-07T07:42:59.503+02:00 play '-' host 0 und 0 readCount 382
2026-10-07T07:43:00.503+02:00 play '-' host 0 und 0 readCount 382
2026-10-07T07:43:01.503+02:00 play '-' host 0 und 0 readCount 382
2026-10-07T07:43:02.503+02:00 play '-' host 0 und 0 readCount 382
2026-10-07T07:43:03.504+02:00 play '-' host 0 und 0 readCount 382
2026-10-07T07:43:04.504+02:00 play '-' host 0 und 0 readCount 382
2026-10-07T07:43:05.504+02:00 play '-' host 0 und 0 readCount 382
2026-10-07T07:43:06.504+02:00 play '-' host 0 und 0 readCount 382
2026-10-07T07:43:07.504+02:00 play '-' host 0 und 0 readCount 382
2026-10-07T07:43:08.504+02:00 play '-' host 0 und 0 readCount 382
2026-10-07T07:43:09.505+02:00 play '-' host 0 und 0 readCount 382
2026-10-07T07:43:10.505+02:00 play '-' host 0 und 0 readCount 382
2026-10-07T07:43:11.505+02:00 play '-' host 0 und 0 readCount 382
2026-10-07T07:43:12.505+02:00 play '-' host 0 und 0 readCount 382
2026-10-07T07:43:13.505+02:00 play '-' host 0 und 0 readCount 382
2026-10-07T07:43:14.506+02:00 play '-' host 0 und 0 readCount 382
2026-10-07T07:43:15.506+02:00 play '-' host 0 und 0 readCount 382
2026-10-07T07:43:16.506+02:00 play '-' host 0 und 0 readCount 382
2026-10-07T07:43:17.506+02:00 play '-' host 0 und 0 readCount 382
2026-10-07T07:43:18.506+02:00 play '-' host 0 und 0 readCount 382
2026-10-07T07:43:19.506+02:00 play '-' host 0 und 0 readCount 382
2026-10-07T07:43:20.507+02:00 play '-' host 0 und 0 readCount 382
2026-10-07T07:43:21.507+02:00 play '-' host 0 und 0 readCount 382
2026-10-07T07:43:22.507+02:00 play '-' host 0 und 0 readCount 382
2026-10-07T07:43:23.507+02:00 play '-' host 0 und 0 readCount 382
2026-10-07T07:43:24.507+02:00 play '-' host 0 und 0 readCount 382
2026-10-07T07:43:25.507+02:00 play '-' host 0 und 0 readCount 382
2026-10-07T07:43:26.507+02:00 play '-' host 0 und 0 readCount 382
2026-10-07T07:43:27.508+02:00 play '-' host 0 und 0 readCount 382
2026-10-07T07:43:28.508+02:00 play '-' host 0 und 0 readCount 382
2026-10-07T07:43:29.508+02:00 play '-' host 0 und 0 readCount 382
2026-10-07T07:43:30.508+02:00 play '-' host 0 und 0 readCount 382
2026-10-07T07:43:31.508+02:00 play '-' host 0 und 0 readCount 382
2026-10-07T07:43:32.508+02:00 play '-' host 0 und 0 readCount 382
2026-10-07T07:43:33.509+02:00 play '-' host 0 und 0 readCount 382
2026-10-07T07:43:34.509+02:00 play '-' host 0 und 0 readCount 382
2026-10-07T07:43:35.509+02:00 play '-' host 0 und 0 readCount 382
2026-10-07T07:43:36.509+02:00 play '-' host 0 und 0 readCount 382
2026-10-07T07:43:37.509+02:00 play '-' host 0 und 0 readCount 382
2026-10-07T07:43:38.509+02:00 play '-' host 0 und 0 readCount 382
2026-10-07T07:43:39.509+02:00 play '-' host 0 und 0 readCount 382
2026-10-07T07:43:40.510+02:00 play '-' host 0 und 0 readCount 382
2026-10-07T07:43:41.510+02:00 play '-' host 0 und 0 readCount 382
2026-10-07T07:43:42.510+02:00 play '-' host 0 und 0 readCount 382
2026-10-07T07:43:43.510+02:00 play '-' host 0 und 0 readCount 382
2026-10-07T07:43:44.510+02:00 play '-' host 0 und 0 readCount 382
2026-10-07T07:43:45.510+02:00 play '-' host 0 und 0 readCount 382
2026-10-07T07:43:46.510+02:00 play '-' host 0 und 0 readCount 382
2026-10-07T07:43:47.511+02:00 play '-' host 0 und 0 readCount 382
2026-10-07T07:43:48.511+02:00 play '-' host 0 und 0 readCount 382
2026-10-07T07:43:49.511+02:00 play '-' host 0 und 0 readCount 382
2026-10-07T07:43:50.511+02:00 play '-' host 0 und 0 readCount 382
2026-10-07T07:43:51.511+02:00 play '-' host 0 und 0 readCount 382
2026-10-07T07:43:52.511+02:00 play '-' host 0 und 0 readCount 382
2026-10-07T07:43:53.511+02:00 play '-' host 0 und 0 readCount 382
2026-10-07T07:43:54.512+02:00 play '-' host 0 und 0 readCount 382
2026-10-07T07:43:55.512+02:00 play '-' host 0 und 0 readCount 382
2026-10-07T07:43:56.512+02:00 play '-' host 0 und 0 readCount 382
2026-10-07T07:43:57.512+02:00 play '-' host 0 und 0 readCount 382
2026-10-07T07:43:58.512+02:00 play '-' host 0 und 0 readCount 382
2026-10-07T07:43:59.512+02:00 play '-' host 0 und 0 readCount 382
2026-10-07T07:44:00.513+02:00 play '-' host 0 und 0 readCount 382
2026-10-07T07:44:01.513+02:00 play '-' host 0 und 0 readCount 382
2026-10-07T07:44:02.513+02:00 play '-' host 0 und 0 readCount 382
2026-10-07T07:44:03.513+02:00 play '-' host 0 und 0 readCount 382
2026-10-07T07:44:04.513+02:00 play '-' host 0 und 0 readCount 382
2026-10-07T07:44:05.513+02:00 play '-' host 0 und 0 readCount 382
2026-10-07T07:44:06.513+02:00 play '-' host 0 und 0 readCount 382
2026-10-07T07:44:07.514+02:00 play '-' host 0 und 0 readCount 382
2026-10-07T07:44:08.514+02:00 play '-' host 0 und 0 readCount 553
2026-10-07T07:44:09.514+02:00 play '-' host 0 und 0 readCount 802
2026-10-07T07:44:10.514+02:00 play '-' host 0 und 0 readCount 1055
2026-10-07T07:44:11.514+02:00 play '-' host 0 und 0 readCount 1305
2026-10-07T07:44:12.514+02:00 play '-' host 0 und 0 readCount 1313
2026-10-07T07:44:13.515+02:00 play '-' host 0 und 0 readCount 1313
2026-10-07T07:44:14.515+02:00 play '-' host 0 und 0 readCount 1313
2026-10-07T07:44:15.515+02:00 play '-' host 0 und 0 readCount 1483
2026-10-07T07:44:16.515+02:00 play '-' host 0 und 0 readCount 1735
2026-10-07T07:44:17.515+02:00 play '-' host 0 und 0 readCount 2003
2026-10-07T07:44:18.515+02:00 play '-' host 0 und 0 readCount 2250
2026-10-07T07:44:19.516+02:00 play '-' host 0 und 0 readCount 2337
2026-10-07T07:44:20.516+02:00 play '-' host 0 und 0 readCount 2337
2026-10-07T07:44:21.516+02:00 play '-' host 0 und 0 readCount 2337
2026-10-07T07:44:22.516+02:00 play '-' host 0 und 0 readCount 2337
2026-10-07T07:44:23.517+02:00 play '-' host 0 und 0 readCount 2337
2026-10-07T07:44:24.517+02:00 play '-' host 0 und 0 readCount 2337
2026-10-07T07:44:25.517+02:00 play '-' host 0 und 0 readCount 2337
2026-10-07T07:44:26.517+02:00 play '-' host 0 und 0 readCount 2337
2026-10-07T07:44:27.517+02:00 play '-' host 0 und 0 readCount 2337
2026-10-07T07:44:28.518+02:00 play '-' host 0 und 0 readCount 2337
2026-10-07T07:44:29.518+02:00 play '-' host 0 und 0 readCount 2337
2026-10-07T07:44:30.518+02:00 play '-' host 0 und 0 readCount 2337
2026-10-07T07:44:31.518+02:00 play '-' host 0 und 0 readCount 2337
2026-10-07T07:44:32.518+02:00 play '-' host 0 und 0 readCount 2337
2026-10-07T07:44:33.519+02:00 play '-' host 0 und 0 readCount 2337
2026-10-07T07:44:34.519+02:00 play '-' host 0 und 0 readCount 2337
2026-10-07T07:44:35.519+02:00 play '-' host 0 und 0 readCount 2337
2026-10-07T07:44:36.519+02:00 play '-' host 0 und 0 readCount 2337
2026-10-07T07:44:37.519+02:00 play '-' host 0 und 0 readCount 2337
2026-10-07T07:44:38.519+02:00 play '-' host 0 und 0 readCount 2337
2026-10-07T07:44:39.520+02:00 play '-' host 0 und 0 readCount 2337
2026-10-07T07:44:40.520+02:00 play '-' host 0 und 0 readCount 2337
2026-10-07T07:44:41.520+02:00 play '-' host 0 und 0 readCount 2337
2026-10-07T07:44:42.520+02:00 play '-' host 0 und 0 readCount 2337
2026-10-07T07:44:43.520+02:00 play '-' host 0 und 0 readCount 2337
2026-10-07T07:44:44.520+02:00 play '-' host 0 und 0 readCount 2337
2026-10-07T07:44:45.521+02:00 play '-' host 0 und 0 readCount 2337
2026-10-07T07:44:46.521+02:00 play '-' host 0 und 0 readCount 2337
2026-10-07T07:44:47.521+02:00 play '-' host 0 und 0 readCount 2337
2026-10-07T07:44:48.521+02:00 play '-' host 0 und 0 readCount 2337
2026-10-07T07:44:49.521+02:00 play '-' host 0 und 0 readCount 2337
2026-10-07T07:44:50.521+02:00 play '-' host 0 und 0 readCount 2337
2026-10-07T07:44:51.521+02:00 play '-' host 0 und 0 readCount 2337
2026-10-07T07:44:52.522+02:00 play '-' host 0 und 0 readCount 2337
2026-10-07T07:44:53.522+02:00 play '-' host 0 und 0 readCount 2337
2026-10-07T07:44:54.522+02:00 play '-' host 0 und 0 readCount 2337
2026-10-07T07:44:55.522+02:00 play '-' host 0 und 0 readCount 2337
2026-10-07T07:44:56.522+02:00 play '-' host 0 und 0 readCount 2337
2026-10-07T07:44:57.522+02:00 play '-' host 0 und 0 readCount 2337
2026-10-07T07:44:58.522+02:00 play '-' host 0 und 0 readCount 2337
2026-10-07T07:44:59.523+02:00 play '-' host 0 und 0 readCount 2337
2026-10-07T07:45:00.523+02:00 play '-' host 0 und 0 readCount 2337
2026-10-07T07:45:01.523+02:00 play '-' host 0 und 0 readCount 2337
2026-10-07T07:45:02.523+02:00 play '-' host 0 und 0 readCount 2337
2026-10-07T07:45:03.523+02:00 play '-' host 0 und 0 readCount 2337
2026-10-07T07:45:04.524+02:00 play '-' host 0 und 0 readCount 2337
2026-10-07T07:45:05.524+02:00 play '-' host 0 und 0 readCount 2337
2026-10-07T07:45:06.524+02:00 play '-' host 0 und 0 readCount 2337
2026-10-07T07:45:07.524+02:00 play '-' host 0 und 0 readCount 2337
2026-10-07T07:45:08.524+02:00 play '-' host 0 und 0 readCount 2337
2026-10-07T07:45:09.524+02:00 play '-' host 0 und 0 readCount 2337
2026-10-07T07:45:10.525+02:00 play '-' host 0 und 0 readCount 2337
2026-10-07T07:45:11.525+02:00 play '-' host 0 und 0 readCount 2337
2026-10-07T07:45:12.525+02:00 play '-' host 0 und 0 readCount 2337
2026-10-07T07:45:13.525+02:00 play '-' host 0 und 0 readCount 2337
2026-10-07T07:45:14.525+02:00 play '-' host 0 und 0 readCount 2337
2026-10-07T07:45:15.526+02:00 play '-' host 0 und 0 readCount 2337
2026-10-07T07:45:16.526+02:00 play '-' host 0 und 0 readCount 2337
2026-10-07T07:45:17.526+02:00 play '-' host 0 und 0 readCount 2337
2026-10-07T07:45:18.526+02:00 play '-' host 0 und 0 readCount 2337
2026-10-07T07:45:19.526+02:00 play '-' host 0 und 0 readCount 2337
2026-10-07T07:45:20.526+02:00 play '-' host 0 und 0 readCount 2337
2026-10-07T07:45:21.527+02:00 play '-' host 0 und 0 readCount 2337
2026-10-07T07:45:22.527+02:00 play '-' host 0 und 0 readCount 2337
2026-10-07T07:45:23.527+02:00 play '-' host 0 und 0 readCount 2337
2026-10-07T07:45:24.527+02:00 play '-' host 0 und 0 readCount 2337
2026-10-07T07:45:25.528+02:00 play '-' host 0 und 0 readCount 2337
2026-10-07T07:45:26.528+02:00 play '-' host 0 und 0 readCount 2337
2026-10-07T07:45:27.528+02:00 play '-' host 0 und 0 readCount 2337
2026-10-07T07:45:28.528+02:00 play '-' host 0 und 0 readCount 2337
2026-10-07T07:45:29.528+02:00 play '-' host 0 und 0 readCount 2337
2026-10-07T07:45:30.528+02:00 play '-' host 0 und 0 readCount 2337
2026-10-07T07:45:31.528+02:00 play '-' host 0 und 0 readCount 2337
2026-10-07T07:45:32.529+02:00 play '-' host 0 und 0 readCount 2337
2026-10-07T07:45:33.529+02:00 play '-' host 0 und 0 readCount 2337
2026-10-07T07:45:34.529+02:00 play '-' host 0 und 0 readCount 2337
2026-10-07T07:45:35.529+02:00 play '-' host 0 und 0 readCount 2337
2026-10-07T07:45:36.529+02:00 play '-' host 0 und 0 readCount 2337
2026-10-07T07:45:37.529+02:00 play '-' host 0 und 0 readCount 2337
2026-10-07T07:45:38.530+02:00 play '-' host 0 und 0 readCount 2337
2026-10-07T07:45:39.530+02:00 play '-' host 0 und 0 readCount 2337
2026-10-07T07:45:40.530+02:00 play '-' host 0 und 0 readCount 2337
2026-10-07T07:45:41.530+02:00 play '-' host 0 und 0 readCount 2337
2026-10-07T07:45:42.530+02:00 play '-' host 0 und 0 readCount 2337
2026-10-07T07:45:43.530+02:00 play '-' host 0 und 0 readCount 2337
2026-10-07T07:45:44.531+02:00 play '-' host 0 und 0 readCount 2337
2026-10-07T07:45:45.531+02:00 play '-' host 0 und 0 readCount 2337
2026-10-07T07:45:46.531+02:00 play '-' host 0 und 0 readCount 2337
2026-10-07T07:45:47.531+02:00 play '-' host 0 und 0 readCount 2337
2026-10-07T07:45:48.531+02:00 play '-' host 0 und 0 readCount 2337
2026-10-07T07:45:49.531+02:00 play '-' host 0 und 0 readCount 2337
2026-10-07T07:45:50.531+02:00 play '-' host 0 und 0 readCount 2337
2026-10-07T07:45:51.532+02:00 play '-' host 0 und 0 readCount 2337
2026-10-07T07:45:52.532+02:00 play '-' host 0 und 0 readCount 2337
2026-10-07T07:45:53.532+02:00 play '-' host 0 und 0 readCount 2337
2026-10-07T07:45:54.532+02:00 play '-' host 0 und 0 readCount 2337
2026-10-07T07:45:55.533+02:00 play '-' host 0 und 0 readCount 2337
2026-10-07T07:45:56.533+02:00 play '-' host 0 und 0 readCount 2337
2026-10-07T07:45:57.533+02:00 play '-' host 0 und 0 readCount 2337
2026-10-07T07:45:58.533+02:00 play '-' host 0 und 0 readCount 2337
2026-10-07T07:45:59.533+02:00 play '-' host 0 und 0 readCount 2337
2026-10-07T07:46:00.533+02:00 play '-' host 0 und 0 readCount 2337
2026-10-07T07:46:01.533+02:00 play '-' host 0 und 0 readCount 2337
2026-10-07T07:46:02.534+02:00 play '-' host 0 und 0 readCount 2337
2026-10-07T07:46:03.534+02:00 play '-' host 0 und 0 readCount 2337
2026-10-07T07:46:04.534+02:00 play '-' host 0 und 0 readCount 2337
2026-10-07T07:46:05.534+02:00 play '-' host 0 und 0 readCount 2337
2026-10-07T07:46:06.534+02:00 play '-' host 0 und 0 readCount 2337
2026-10-07T07:46:07.535+02:00 play '-' host 0 und 0 readCount 2337
2026-10-07T07:46:08.535+02:00 play '-' host 0 und 0 readCount 2337
2026-10-07T07:46:09.535+02:00 play '-' host 0 und 0 readCount 2337
2026-10-07T07:46:10.535+02:00 play '-' host 0 und 0 readCount 2337
2026-10-07T07:46:11.535+02:00 play '-' host 0 und 0 readCount 2337
2026-10-07T07:46:12.535+02:00 play '-' host 0 und 0 readCount 2337
2026-10-07T07:46:13.536+02:00 play '-' host 0 und 0 readCount 2337
2026-10-07T07:46:14.536+02:00 play '-' host 0 und 0 readCount 2337
2026-10-07T07:46:15.536+02:00 play '-' host 0 und 0 readCount 2337
2026-10-07T07:46:16.536+02:00 play '-' host 0 und 0 readCount 2337
2026-10-07T07:46:17.536+02:00 play '-' host 0 und 0 readCount 2337
2026-10-07T07:46:18.536+02:00 play '-' host 0 und 0 readCount 2337
2026-10-07T07:46:19.536+02:00 play '-' host 0 und 0 readCount 2337
2026-10-07T07:46:20.537+02:00 play '-' host 0 und 0 readCount 2337
2026-10-07T07:46:21.537+02:00 play '-' host 0 und 0 readCount 2337
2026-10-07T07:46:22.537+02:00 play '-' host 0 und 0 readCount 2337
2026-10-07T07:46:23.537+02:00 play '-' host 0 und 0 readCount 2337
2026-10-07T07:46:24.537+02:00 play '-' host 0 und 0 readCount 2337
2026-10-07T07:46:25.537+02:00 play '-' host 0 und 0 readCount 2337
2026-10-07T07:46:26.538+02:00 play '-' host 0 und 0 readCount 2337
2026-10-07T07:46:27.538+02:00 play '-' host 0 und 0 readCount 2337
2026-10-07T07:46:28.538+02:00 play '-' host 0 und 0 readCount 2337
2026-10-07T07:46:29.538+02:00 play '-' host 0 und 0 readCount 2337
2026-10-07T07:46:30.538+02:00 play '-' host 0 und 0 readCount 2337
2026-10-07T07:46:31.539+02:00 play '-' host 0 und 0 readCount 2337
2026-10-07T07:46:32.539+02:00 play '-' host 0 und 0 readCount 2337
2026-10-07T07:46:33.539+02:00 play '-' host 0 und 0 readCount 2337
2026-10-07T07:46:34.539+02:00 play '-' host 0 und 0 readCount 2337
2026-10-07T07:46:35.539+02:00 play '-' host 0 und 0 readCount 2337
2026-10-07T07:46:36.540+02:00 play '-' host 0 und 0 readCount 2337
2026-10-07T07:46:37.540+02:00 play '-' host 0 und 0 readCount 2337
2026-10-07T07:46:38.540+02:00 play '-' host 0 und 0 readCount 2337
2026-10-07T07:46:39.540+02:00 play '-' host 0 und 0 readCount 2337
2026-10-07T07:46:40.540+02:00 play '-' host 0 und 0 readCount 2337
2026-10-07T07:46:41.540+02:00 play '-' host 0 und 0 readCount 2337
2026-10-07T07:46:42.540+02:00 play '-' host 0 und 0 readCount 2337
2026-10-07T07:46:43.541+02:00 play '-' host 0 und 0 readCount 2337
2026-10-07T07:46:44.541+02:00 play '-' host 0 und 0 readCount 2337
2026-10-07T07:46:45.541+02:00 play '-' host 0 und 0 readCount 2337
2026-10-07T07:46:46.541+02:00 play '-' host 0 und 0 readCount 2337
2026-10-07T07:46:47.541+02:00 play '-' host 0 und 0 readCount 2337
2026-10-07T07:46:48.541+02:00 play '-' host 0 und 0 readCount 2337
2026-10-07T07:46:49.542+02:00 play '-' host 0 und 0 readCount 2337
2026-10-07T07:46:50.542+02:00 play '-' host 0 und 0 readCount 2337
2026-10-07T07:46:51.542+02:00 play '-' host 0 und 0 readCount 2337
2026-10-07T07:46:52.542+02:00 play '-' host 0 und 0 readCount 2337
2026-10-07T07:46:53.542+02:00 play '-' host 0 und 0 readCount 2337
2026-10-07T07:46:54.543+02:00 play '-' host 0 und 0 readCount 2337
2026-10-07T07:46:55.543+02:00 play '-' host 0 und 0 readCount 2337
2026-10-07T07:46:56.543+02:00 play '-' host 0 und 0 readCount 2337
2026-10-07T07:46:57.543+02:00 play '-' host 0 und 0 readCount 2337
2026-10-07T07:46:58.544+02:00 ERR <urlopen error timed out>
2026-10-07T07:47:02.548+02:00 play '-' host 0 und 0 readCount 167
2026-10-07T07:47:03.548+02:00 play '-' host 0 und 0 readCount 167
2026-10-07T07:47:04.548+02:00 play '-' host 0 und 0 readCount 167
2026-10-07T07:47:05.549+02:00 play '-' host 0 und 0 readCount 167
2026-10-07T07:47:06.549+02:00 play '-' host 0 und 0 readCount 167
2026-10-07T07:47:07.549+02:00 play '-' host 0 und 0 readCount 167
2026-10-07T07:47:08.549+02:00 play '-' host 0 und 0 readCount 167
2026-10-07T07:47:09.549+02:00 play '-' host 0 und 0 readCount 167
2026-10-07T07:47:10.549+02:00 play '-' host 0 und 0 readCount 167
2026-10-07T07:47:11.550+02:00 play '-' host 0 und 0 readCount 167
2026-10-07T07:47:12.550+02:00 play '-' host 0 und 0 readCount 167
2026-10-07T07:47:13.550+02:00 play '-' host 0 und 0 readCount 167
2026-10-07T07:47:14.550+02:00 play '-' host 0 und 0 readCount 167
2026-10-07T07:47:15.550+02:00 play '-' host 0 und 0 readCount 167
2026-10-07T07:47:16.550+02:00 play '-' host 0 und 0 readCount 167
2026-10-07T07:47:17.550+02:00 play '-' host 0 und 0 readCount 167
2026-10-07T07:47:18.551+02:00 play '-' host 0 und 0 readCount 167
2026-10-07T07:47:19.551+02:00 play '-' host 0 und 0 readCount 167
2026-10-07T07:47:20.551+02:00 play '-' host 0 und 0 readCount 167
2026-10-07T07:47:21.551+02:00 play '-' host 0 und 0 readCount 167
2026-10-07T07:47:22.551+02:00 play '-' host 0 und 0 readCount 167
2026-10-07T07:47:23.551+02:00 play '-' host 0 und 0 readCount 167
2026-10-07T07:47:24.552+02:00 play '-' host 0 und 0 readCount 167
2026-10-07T07:47:25.552+02:00 play '-' host 0 und 0 readCount 167
2026-10-07T07:47:26.552+02:00 play '-' host 0 und 0 readCount 167
2026-10-07T07:47:27.552+02:00 play '-' host 0 und 0 readCount 167
2026-10-07T07:47:28.552+02:00 play '-' host 0 und 0 readCount 167
2026-10-07T07:47:29.552+02:00 play '-' host 0 und 0 readCount 167
2026-10-07T07:47:30.553+02:00 play '-' host 0 und 0 readCount 167
2026-10-07T07:47:31.553+02:00 play '-' host 0 und 0 readCount 167
2026-10-07T07:47:32.553+02:00 play '-' host 0 und 0 readCount 167
2026-10-07T07:47:33.553+02:00 play '-' host 0 und 0 readCount 167
2026-10-07T07:47:34.553+02:00 play '-' host 0 und 0 readCount 167
2026-10-07T07:47:35.553+02:00 play '-' host 0 und 0 readCount 167
2026-10-07T07:47:36.554+02:00 play '-' host 0 und 0 readCount 167
2026-10-07T07:47:37.554+02:00 play '-' host 0 und 0 readCount 167
2026-10-07T07:47:38.554+02:00 play '-' host 0 und 0 readCount 167
2026-10-07T07:47:39.554+02:00 play '-' host 0 und 0 readCount 167
2026-10-07T07:47:40.554+02:00 play '-' host 0 und 0 readCount 167
2026-10-07T07:47:41.554+02:00 play '-' host 0 und 0 readCount 167
2026-10-07T07:47:42.554+02:00 play '-' host 0 und 0 readCount 167
2026-10-07T07:47:43.555+02:00 play '-' host 0 und 0 readCount 167
2026-10-07T07:47:44.555+02:00 play '-' host 0 und 0 readCount 167
2026-10-07T07:47:45.555+02:00 play '-' host 0 und 0 readCount 167
2026-10-07T07:47:46.555+02:00 play '-' host 0 und 0 readCount 167
2026-10-07T07:47:47.555+02:00 play '-' host 0 und 0 readCount 167
2026-10-07T07:47:48.555+02:00 play '-' host 0 und 0 readCount 167
2026-10-07T07:47:49.556+02:00 play '-' host 0 und 0 readCount 167
2026-10-07T07:47:50.556+02:00 play '-' host 0 und 0 readCount 167
2026-10-07T07:47:51.556+02:00 play '-' host 0 und 0 readCount 167
2026-10-07T07:47:52.556+02:00 play '-' host 0 und 0 readCount 167
2026-10-07T07:47:53.556+02:00 play '-' host 0 und 0 readCount 167
2026-10-07T07:47:54.557+02:00 play '-' host 0 und 0 readCount 167
2026-10-07T07:47:55.557+02:00 play '-' host 0 und 0 readCount 167
2026-10-07T07:47:56.557+02:00 play '-' host 0 und 0 readCount 167
2026-10-07T07:47:57.557+02:00 play '-' host 0 und 0 readCount 167
2026-10-07T07:47:58.557+02:00 play '-' host 0 und 0 readCount 167
2026-10-07T07:47:59.557+02:00 play '-' host 0 und 0 readCount 167
2026-10-07T07:48:00.558+02:00 play '-' host 0 und 0 readCount 167
2026-10-07T07:48:01.558+02:00 play '-' host 0 und 0 readCount 167
2026-10-07T07:48:02.558+02:00 play '-' host 0 und 0 readCount 167
2026-10-07T07:48:03.558+02:00 play '-' host 0 und 0 readCount 167
2026-10-07T07:48:04.558+02:00 play '-' host 0 und 0 readCount 167
2026-10-07T07:48:05.558+02:00 play '-' host 0 und 0 readCount 167
2026-10-07T07:48:06.559+02:00 play '-' host 0 und 0 readCount 167
2026-10-07T07:48:07.559+02:00 play '-' host 0 und 0 readCount 167
2026-10-07T07:48:08.559+02:00 play '-' host 0 und 0 readCount 167
2026-10-07T07:48:09.559+02:00 play '-' host 0 und 0 readCount 167
2026-10-07T07:48:10.559+02:00 play '-' host 0 und 0 readCount 169
2026-10-07T07:48:11.559+02:00 play 'Rock Antenne Bayern' host 196608 und 196608 readCount 295
2026-10-07T07:48:12.559+02:00 play 'Rock Antenne Bayern' host 196608 und 196608 readCount 295
2026-10-07T07:48:13.560+02:00 play 'Rock Antenne Bayern' host 196608 und 196608 readCount 295
2026-10-07T07:48:14.560+02:00 play 'Rock Antenne Bayern' host 196608 und 196608 readCount 295
2026-10-07T07:48:15.560+02:00 play 'Rock Antenne Bayern' host 196608 und 196608 readCount 295
2026-10-07T07:48:16.560+02:00 play 'Rock Antenne Bayern' host 196608 und 196608 readCount 295
2026-10-07T07:48:17.560+02:00 play 'Rock Antenne Bayern' host 196608 und 196608 readCount 295
2026-10-07T07:48:18.560+02:00 play 'Rock Antenne Bayern' host 196608 und 196608 readCount 295
2026-10-07T07:48:19.561+02:00 play 'Rock Antenne Bayern' host 196608 und 196608 readCount 295
2026-10-07T07:48:20.561+02:00 play 'Rock Antenne Bayern' host 196608 und 196608 readCount 295
2026-10-07T07:48:21.561+02:00 play 'Rock Antenne Bayern' host 196608 und 196608 readCount 295
2026-10-07T07:48:22.561+02:00 play 'Rock Antenne Bayern' host 196608 und 196608 readCount 295
2026-10-07T07:48:23.561+02:00 play 'Rock Antenne Bayern' host 196608 und 196608 readCount 295
2026-10-07T07:48:24.561+02:00 play 'Rock Antenne Bayern' host 196608 und 196608 readCount 295
2026-10-07T07:48:25.561+02:00 play 'Rock Antenne Bayern' host 196608 und 196608 readCount 295
2026-10-07T07:48:26.561+02:00 play 'Rock Antenne Bayern' host 196608 und 196608 readCount 295
2026-10-07T07:48:27.562+02:00 play 'Rock Antenne Bayern' host 196608 und 196608 readCount 295
2026-10-07T07:48:28.562+02:00 play 'Rock Antenne Bayern' host 196608 und 196608 readCount 295
2026-10-07T07:48:29.562+02:00 play 'Rock Antenne Bayern' host 196608 und 196608 readCount 295
2026-10-07T07:48:30.563+02:00 play 'Rock Antenne Bayern' host 196608 und 196608 readCount 295
2026-10-07T07:48:31.563+02:00 play 'Rock Antenne Bayern' host 196608 und 196608 readCount 295
2026-10-07T07:48:32.563+02:00 play 'Rock Antenne Bayern' host 196608 und 196608 readCount 295
2026-10-07T07:48:33.563+02:00 play 'Rock Antenne Bayern' host 196608 und 196608 readCount 295
2026-10-07T07:48:34.563+02:00 play 'Rock Antenne Bayern' host 196608 und 196608 readCount 295
2026-10-07T07:48:35.563+02:00 play 'Rock Antenne Bayern' host 196608 und 196608 readCount 295
2026-10-07T07:48:36.563+02:00 play 'Rock Antenne Bayern' host 196608 und 196608 readCount 295
2026-10-07T07:48:37.564+02:00 play 'Rock Antenne Bayern' host 196608 und 196608 readCount 295
2026-10-07T07:48:38.564+02:00 play 'Rock Antenne Bayern' host 196608 und 196608 readCount 295
2026-10-07T07:48:39.564+02:00 play 'Rock Antenne Bayern' host 196608 und 196608 readCount 295
2026-10-07T07:48:40.564+02:00 play 'Rock Antenne Bayern' host 196608 und 196608 readCount 295
2026-10-07T07:48:41.564+02:00 play 'Rock Antenne Bayern' host 196608 und 196608 readCount 295
2026-10-07T07:48:42.564+02:00 play 'Rock Antenne Bayern' host 196608 und 196608 readCount 295
2026-10-07T07:48:43.564+02:00 play 'Rock Antenne Bayern' host 196608 und 196608 readCount 295
2026-10-07T07:48:44.564+02:00 play 'Rock Antenne Bayern' host 196608 und 196608 readCount 295
2026-10-07T07:48:45.565+02:00 play 'Rock Antenne Bayern' host 196608 und 196608 readCount 295
2026-10-07T07:48:46.565+02:00 play 'Rock Antenne Bayern' host 196608 und 196608 readCount 295
2026-10-07T07:48:47.565+02:00 play 'Rock Antenne Bayern' host 196608 und 196608 readCount 295
2026-10-07T07:48:48.565+02:00 play 'Rock Antenne Bayern' host 196608 und 196608 readCount 295
2026-10-07T07:48:49.565+02:00 play 'Rock Antenne Bayern' host 196608 und 196608 readCount 295
2026-10-07T07:48:50.566+02:00 play 'Rock Antenne Bayern' host 196608 und 196608 readCount 295
2026-10-07T07:48:51.566+02:00 play 'Rock Antenne Bayern' host 196608 und 196608 readCount 295
2026-10-07T07:48:52.566+02:00 play 'Rock Antenne Bayern' host 196608 und 196608 readCount 295
2026-10-07T07:48:53.566+02:00 play 'Rock Antenne Bayern' host 196608 und 196608 readCount 295
2026-10-07T07:48:54.566+02:00 play 'Rock Antenne Bayern' host 196608 und 196608 readCount 295
2026-10-07T07:48:55.566+02:00 play 'Rock Antenne Bayern' host 196608 und 196608 readCount 295
2026-10-07T07:48:56.567+02:00 play 'Rock Antenne Bayern' host 196608 und 196608 readCount 295
2026-10-07T07:48:57.567+02:00 play 'Rock Antenne Bayern' host 196608 und 196608 readCount 295
2026-10-07T07:48:58.567+02:00 play 'Rock Antenne Bayern' host 196608 und 196608 readCount 295
2026-10-07T07:48:59.567+02:00 play 'Rock Antenne Bayern' host 196608 und 196608 readCount 295
2026-10-07T07:49:00.567+02:00 play 'Rock Antenne Bayern' host 196608 und 196608 readCount 295
2026-10-07T07:49:01.567+02:00 play 'Rock Antenne Bayern' host 196608 und 196608 readCount 295
2026-10-07T07:49:02.568+02:00 play 'Rock Antenne Bayern' host 196608 und 196608 readCount 295
2026-10-07T07:49:03.568+02:00 play 'Rock Antenne Bayern' host 196608 und 196608 readCount 295
2026-10-07T07:49:04.568+02:00 play 'Rock Antenne Bayern' host 196608 und 196608 readCount 295
2026-10-07T07:49:05.568+02:00 play 'Rock Antenne Bayern' host 196608 und 196608 readCount 295
2026-10-07T07:49:06.568+02:00 play 'Rock Antenne Bayern' host 196608 und 196608 readCount 295
2026-10-07T07:49:07.568+02:00 play 'Rock Antenne Bayern' host 196608 und 196608 readCount 295
2026-10-07T07:49:08.568+02:00 play 'Rock Antenne Bayern' host 196608 und 196608 readCount 295
2026-10-07T07:49:09.569+02:00 play 'Rock Antenne Bayern' host 196608 und 196608 readCount 295
2026-10-07T07:49:10.569+02:00 play 'Rock Antenne Bayern' host 196608 und 196608 readCount 295
2026-10-07T07:49:11.569+02:00 play 'Rock Antenne Bayern' host 196608 und 196608 readCount 295
2026-10-07T07:49:12.569+02:00 play 'Rock Antenne Bayern' host 196608 und 196608 readCount 295
2026-10-07T07:49:13.569+02:00 play 'Rock Antenne Bayern' host 196608 und 196608 readCount 295
2026-10-07T07:49:14.570+02:00 play 'Rock Antenne Bayern' host 196608 und 196608 readCount 295
2026-10-07T07:49:15.570+02:00 play 'Rock Antenne Bayern' host 196608 und 196608 readCount 295
2026-10-07T07:49:16.570+02:00 play 'Rock Antenne Bayern' host 196608 und 196608 readCount 295
2026-10-07T07:49:17.570+02:00 play 'Rock Antenne Bayern' host 196608 und 196608 readCount 295
2026-10-07T07:49:18.570+02:00 play 'Rock Antenne Bayern' host 196608 und 196608 readCount 295
2026-10-07T07:49:19.571+02:00 play 'Rock Antenne Bayern' host 196608 und 196608 readCount 295
2026-10-07T07:49:20.571+02:00 play 'Rock Antenne Bayern' host 196608 und 196608 readCount 295
2026-10-07T07:49:21.571+02:00 play 'Rock Antenne Bayern' host 196608 und 196608 readCount 295
2026-10-07T07:49:22.571+02:00 play 'Rock Antenne Bayern' host 196608 und 196608 readCount 295
2026-10-07T07:49:23.571+02:00 play 'Rock Antenne Bayern' host 196608 und 196608 readCount 295
2026-10-07T07:49:24.571+02:00 play 'Rock Antenne Bayern' host 196608 und 196608 readCount 295
2026-10-07T07:49:25.572+02:00 play 'Rock Antenne Bayern' host 196608 und 196608 readCount 295
2026-10-07T07:49:26.572+02:00 play 'Rock Antenne Bayern' host 196608 und 196608 readCount 295
2026-10-07T07:49:27.572+02:00 play 'Rock Antenne Bayern' host 196608 und 196608 readCount 295
2026-10-07T07:49:28.572+02:00 play 'Rock Antenne Bayern' host 196608 und 196608 readCount 295
2026-10-07T07:49:29.572+02:00 play 'Rock Antenne Bayern' host 196608 und 196608 readCount 295
2026-10-07T07:49:30.572+02:00 play 'Rock Antenne Bayern' host 196608 und 196608 readCount 295
2026-10-07T07:49:31.573+02:00 play 'Rock Antenne Bayern' host 196608 und 196608 readCount 295
2026-10-07T07:49:32.573+02:00 play 'Rock Antenne Bayern' host 196608 und 196608 readCount 295
2026-10-07T07:49:33.573+02:00 play 'Rock Antenne Bayern' host 196608 und 196608 readCount 295
2026-10-07T07:49:34.573+02:00 play 'Rock Antenne Bayern' host 196608 und 196608 readCount 295
2026-10-07T07:49:35.573+02:00 play 'Rock Antenne Bayern' host 196608 und 196608 readCount 295
2026-10-07T07:49:36.573+02:00 play 'Rock Antenne Bayern' host 196608 und 196608 readCount 295
2026-10-07T07:49:37.574+02:00 play 'Rock Antenne Bayern' host 196608 und 196608 readCount 295
2026-10-07T07:49:38.574+02:00 play 'Rock Antenne' host 196608 und 196608 readCount 361
2026-10-07T07:49:39.574+02:00 play 'Rock Antenne' host 196608 und 196608 readCount 616
2026-10-07T07:49:40.574+02:00 play 'Rock Antenne' host 331776 und 466944 readCount 851
2026-10-07T07:49:41.574+02:00 play 'Rock Antenne' host 823296 und 1257472 readCount 1044
2026-10-07T07:49:42.574+02:00 play 'Rock Antenne' host 1638400 und 2072576 readCount 1243
2026-10-07T07:49:43.574+02:00 play 'Rock Antenne' host 1708032 und 2142208 readCount 1260
2026-10-07T07:49:44.575+02:00 play 'Rock Antenne' host 1708032 und 2142208 readCount 1260
2026-10-07T07:49:45.575+02:00 play 'Rock Antenne' host 1880064 und 2314240 readCount 1302
2026-10-07T07:49:46.575+02:00 play 'Rock Antenne' host 2744320 und 3178496 readCount 1513
2026-10-07T07:49:47.575+02:00 play 'Rock Antenne' host 3477504 und 3911680 readCount 1692
2026-10-07T07:49:48.575+02:00 play 'Rock Antenne' host 4263936 und 4698112 readCount 1884
2026-10-07T07:49:49.575+02:00 play 'Rock Antenne' host 5058560 und 5492736 readCount 2078
2026-10-07T07:49:50.576+02:00 play 'Rock Antenne' host 5857280 und 6291456 readCount 2273
2026-10-07T07:49:51.576+02:00 play 'Rock Antenne' host 5902336 und 6336512 readCount 2284
2026-10-07T07:49:52.576+02:00 play 'Rock Antenne' host 5902336 und 6336512 readCount 2284
2026-10-07T07:49:53.576+02:00 play 'Rock Antenne' host 5902336 und 6336512 readCount 2284
2026-10-07T07:49:54.576+02:00 play 'Rock Antenne' host 5902336 und 6336512 readCount 2284
2026-10-07T07:49:55.577+02:00 play 'Rock Antenne' host 5902336 und 6336512 readCount 2284
2026-10-07T07:49:56.577+02:00 play 'Rock Antenne' host 5902336 und 6336512 readCount 2284
2026-10-07T07:49:57.577+02:00 play 'Rock Antenne' host 5902336 und 6336512 readCount 2284
2026-10-07T07:49:58.577+02:00 play 'Rock Antenne' host 5902336 und 6336512 readCount 2284
2026-10-07T07:49:59.577+02:00 play 'Rock Antenne' host 5902336 und 6336512 readCount 2284
2026-10-07T07:50:00.577+02:00 play 'Rock Antenne' host 5902336 und 6336512 readCount 2284
2026-10-07T07:50:01.577+02:00 play 'Rock Antenne' host 5902336 und 6336512 readCount 2284
2026-10-07T07:50:02.577+02:00 play 'Rock Antenne' host 5902336 und 6336512 readCount 2284
2026-10-07T07:50:03.578+02:00 play 'Rock Antenne' host 5902336 und 6336512 readCount 2284
2026-10-07T07:50:04.578+02:00 play 'Rock Antenne' host 5902336 und 6336512 readCount 2284
2026-10-07T07:50:05.578+02:00 play 'Rock Antenne' host 5902336 und 6336512 readCount 2284
2026-10-07T07:50:06.578+02:00 play 'Rock Antenne' host 5902336 und 6336512 readCount 2284
2026-10-07T07:50:07.578+02:00 play 'Rock Antenne' host 5902336 und 6336512 readCount 2284
2026-10-07T07:50:08.579+02:00 play 'Rock Antenne' host 5902336 und 6336512 readCount 2284
2026-10-07T07:50:09.579+02:00 play 'Rock Antenne' host 5902336 und 6336512 readCount 2284
2026-10-07T07:50:10.579+02:00 play 'Rock Antenne' host 5902336 und 6336512 readCount 2284
2026-10-07T07:50:11.579+02:00 play 'Rock Antenne' host 5902336 und 6336512 readCount 2284
2026-10-07T07:50:12.579+02:00 play 'Rock Antenne' host 5902336 und 6336512 readCount 2284
2026-10-07T07:50:13.579+02:00 play 'Rock Antenne' host 5902336 und 6336512 readCount 2284
2026-10-07T07:50:14.579+02:00 play 'Rock Antenne' host 5902336 und 6336512 readCount 2284
2026-10-07T07:50:15.580+02:00 play 'Rock Antenne' host 5902336 und 6336512 readCount 2284
2026-10-07T07:50:16.580+02:00 play 'Rock Antenne' host 5902336 und 6336512 readCount 2284
2026-10-07T07:50:17.580+02:00 play 'Rock Antenne' host 5902336 und 6336512 readCount 2284
2026-10-07T07:50:18.580+02:00 play 'Rock Antenne' host 5902336 und 6336512 readCount 2284
2026-10-07T07:50:19.580+02:00 play 'Rock Antenne' host 5902336 und 6336512 readCount 2284
2026-10-07T07:50:20.581+02:00 play 'Rock Antenne' host 5902336 und 6336512 readCount 2284
2026-10-07T07:50:21.581+02:00 play 'Rock Antenne' host 5902336 und 6336512 readCount 2284
2026-10-07T07:50:22.581+02:00 play 'Rock Antenne' host 5902336 und 6336512 readCount 2284
2026-10-07T07:50:23.581+02:00 play 'Rock Antenne' host 5902336 und 6336512 readCount 2284
2026-10-07T07:50:24.581+02:00 play 'Rock Antenne' host 5902336 und 6336512 readCount 2284
2026-10-07T07:50:25.581+02:00 play 'Rock Antenne' host 5902336 und 6336512 readCount 2284
2026-10-07T07:50:26.582+02:00 play 'Rock Antenne' host 5902336 und 6336512 readCount 2284
2026-10-07T07:50:27.582+02:00 play 'Rock Antenne' host 5902336 und 6336512 readCount 2284
2026-10-07T07:50:28.582+02:00 play 'Rock Antenne' host 5902336 und 6336512 readCount 2284
2026-10-07T07:50:29.582+02:00 play 'Rock Antenne' host 5902336 und 6336512 readCount 2284
2026-10-07T07:50:30.582+02:00 play 'Rock Antenne' host 5902336 und 6336512 readCount 2284
2026-10-07T07:50:31.582+02:00 play 'Rock Antenne' host 5902336 und 6336512 readCount 2284
2026-10-07T07:50:32.583+02:00 play 'Rock Antenne' host 5902336 und 6336512 readCount 2284
2026-10-07T07:50:33.583+02:00 play 'Rock Antenne' host 5902336 und 6336512 readCount 2284
2026-10-07T07:50:34.583+02:00 play 'Rock Antenne' host 5902336 und 6336512 readCount 2284
2026-10-07T07:50:35.583+02:00 play 'Rock Antenne' host 5902336 und 6336512 readCount 2284
2026-10-07T07:50:36.583+02:00 play 'Rock Antenne' host 5902336 und 6336512 readCount 2284
2026-10-07T07:50:37.583+02:00 play 'Rock Antenne' host 5902336 und 6336512 readCount 2284
2026-10-07T07:50:38.584+02:00 play 'Rock Antenne' host 5902336 und 6336512 readCount 2284
2026-10-07T07:50:39.584+02:00 play 'Rock Antenne' host 5902336 und 6336512 readCount 2284
2026-10-07T07:50:40.584+02:00 play 'Rock Antenne' host 5902336 und 6336512 readCount 2284
2026-10-07T07:50:41.584+02:00 play 'Rock Antenne' host 5902336 und 6336512 readCount 2284
2026-10-07T07:50:42.584+02:00 play 'Rock Antenne' host 5902336 und 6336512 readCount 2284
2026-10-07T07:50:43.585+02:00 play 'Rock Antenne' host 5902336 und 6336512 readCount 2284
2026-10-07T07:50:44.585+02:00 play 'Rock Antenne' host 5902336 und 6336512 readCount 2284
2026-10-07T07:50:45.585+02:00 play 'Rock Antenne' host 5902336 und 6336512 readCount 2284
2026-10-07T07:50:46.585+02:00 play 'Rock Antenne' host 5902336 und 6336512 readCount 2284
2026-10-07T07:50:47.585+02:00 play 'Rock Antenne' host 5902336 und 6336512 readCount 2284
2026-10-07T07:50:48.586+02:00 play 'Rock Antenne' host 5902336 und 6336512 readCount 2284
2026-10-07T07:50:49.586+02:00 play 'Rock Antenne' host 5902336 und 6336512 readCount 2284
2026-10-07T07:50:50.586+02:00 play 'Rock Antenne' host 5902336 und 6336512 readCount 2284
2026-10-07T07:50:51.586+02:00 play 'Rock Antenne' host 5902336 und 6336512 readCount 2284
2026-10-07T07:50:52.586+02:00 play 'Rock Antenne' host 5902336 und 6336512 readCount 2284
2026-10-07T07:50:53.586+02:00 play 'Rock Antenne' host 5902336 und 6336512 readCount 2284
2026-10-07T07:50:54.586+02:00 play 'Rock Antenne' host 5902336 und 6336512 readCount 2284
2026-10-07T07:50:55.587+02:00 play 'Rock Antenne' host 5902336 und 6336512 readCount 2284
2026-10-07T07:50:56.587+02:00 play 'Rock Antenne' host 5902336 und 6336512 readCount 2284
2026-10-07T07:50:57.587+02:00 play 'Rock Antenne' host 5902336 und 6336512 readCount 2284
2026-10-07T07:50:58.587+02:00 play 'Rock Antenne' host 5902336 und 6336512 readCount 2284
2026-10-07T07:50:59.588+02:00 play 'Rock Antenne' host 5902336 und 6336512 readCount 2284
2026-10-07T07:51:00.588+02:00 play 'Rock Antenne' host 5902336 und 6336512 readCount 2284
2026-10-07T07:51:01.588+02:00 play 'Rock Antenne' host 5902336 und 6336512 readCount 2284
2026-10-07T07:51:02.588+02:00 play 'Rock Antenne' host 5902336 und 6336512 readCount 2284
2026-10-07T07:51:03.588+02:00 play 'Rock Antenne' host 5902336 und 6336512 readCount 2284
2026-10-07T07:51:04.588+02:00 play 'Rock Antenne' host 5902336 und 6336512 readCount 2284
2026-10-07T07:51:05.589+02:00 play 'Rock Antenne' host 5902336 und 6336512 readCount 2284
2026-10-07T07:51:06.589+02:00 play 'Rock Antenne' host 5902336 und 6336512 readCount 2284
2026-10-07T07:51:07.589+02:00 play 'Rock Antenne' host 5902336 und 6336512 readCount 2284
2026-10-07T07:51:08.589+02:00 play 'Rock Antenne' host 5902336 und 6336512 readCount 2284
2026-10-07T07:51:09.589+02:00 play 'Rock Antenne' host 5902336 und 6336512 readCount 2284
2026-10-07T07:51:10.589+02:00 play 'Rock Antenne' host 5902336 und 6336512 readCount 2284
2026-10-07T07:51:11.589+02:00 play 'Rock Antenne' host 5902336 und 6336512 readCount 2284
2026-10-07T07:51:12.590+02:00 play 'Rock Antenne' host 5902336 und 6336512 readCount 2284
2026-10-07T07:51:13.590+02:00 play 'Rock Antenne' host 5902336 und 6336512 readCount 2284
2026-10-07T07:51:14.590+02:00 play 'Rock Antenne' host 5902336 und 6336512 readCount 2284
2026-10-07T07:51:15.590+02:00 play 'Rock Antenne' host 5902336 und 6336512 readCount 2284
2026-10-07T07:51:16.590+02:00 play 'Rock Antenne' host 5902336 und 6336512 readCount 2284
2026-10-07T07:51:17.590+02:00 play 'Rock Antenne' host 5902336 und 6336512 readCount 2284
2026-10-07T07:51:18.590+02:00 play 'Rock Antenne' host 5902336 und 6336512 readCount 2284
2026-10-07T07:51:19.591+02:00 play 'Rock Antenne' host 5902336 und 6336512 readCount 2284
2026-10-07T07:51:20.591+02:00 play 'Rock Antenne' host 5902336 und 6336512 readCount 2284
2026-10-07T07:51:21.591+02:00 play 'Rock Antenne' host 5902336 und 6336512 readCount 2284
2026-10-07T07:51:22.591+02:00 play 'Rock Antenne' host 5902336 und 6336512 readCount 2284
2026-10-07T07:51:23.591+02:00 play 'Rock Antenne' host 5902336 und 6336512 readCount 2284
2026-10-07T07:51:24.591+02:00 play 'Rock Antenne' host 5902336 und 6336512 readCount 2284
2026-10-07T07:51:25.591+02:00 play 'Rock Antenne' host 5902336 und 6336512 readCount 2284
2026-10-07T07:51:26.592+02:00 play 'Rock Antenne' host 5902336 und 6336512 readCount 2284
DONE n=597 out=/home/martin/projects/pidrive/docs/betrieb/artifacts-2026-10-07-feld/feld-s1-morgen/status-poll.jsonl
2026-10-07T07:51:32.510+02:00 play 'Rock Antenne' host 5902336 und 6336512 readCount 2284
2026-10-07T07:51:33.510+02:00 play 'Rock Antenne' host 5902336 und 6336512 readCount 2284
2026-10-07T07:51:34.511+02:00 play 'Rock Antenne' host 5902336 und 6336512 readCount 2284
2026-10-07T07:51:35.511+02:00 play 'Rock Antenne' host 5902336 und 6336512 readCount 2284
2026-10-07T07:51:36.511+02:00 play 'Rock Antenne' host 5902336 und 6336512 readCount 2284
2026-10-07T07:51:37.511+02:00 play 'Rock Antenne' host 5902336 und 6336512 readCount 2284
2026-10-07T07:51:38.511+02:00 play 'Rock Antenne' host 5902336 und 6336512 readCount 2284
2026-10-07T07:51:39.511+02:00 play 'Rock Antenne' host 5902336 und 6336512 readCount 2284
2026-10-07T07:51:40.511+02:00 play 'Rock Antenne' host 5902336 und 6336512 readCount 2284
2026-10-07T07:51:41.512+02:00 play 'Rock Antenne' host 5902336 und 6336512 readCount 2284
2026-10-07T07:51:42.512+02:00 play 'Rock Antenne' host 5902336 und 6336512 readCount 2284
2026-10-07T07:51:43.512+02:00 play 'Rock Antenne' host 5902336 und 6336512 readCount 2284
2026-10-07T07:51:44.512+02:00 play 'Rock Antenne' host 5902336 und 6336512 readCount 2284
2026-10-07T07:51:45.513+02:00 play 'Rock Antenne' host 5902336 und 6336512 readCount 2284
2026-10-07T07:51:46.513+02:00 play 'Rock Antenne' host 5902336 und 6336512 readCount 2284
2026-10-07T07:51:47.513+02:00 play 'Rock Antenne' host 5902336 und 6336512 readCount 2284
2026-10-07T07:51:48.513+02:00 play 'Rock Antenne' host 5902336 und 6336512 readCount 2284
2026-10-07T07:51:49.513+02:00 play 'Rock Antenne' host 5902336 und 6336512 readCount 2284
2026-10-07T07:51:50.513+02:00 play '-' host 0 und 0 readCount 243
2026-10-07T07:51:53.690+02:00 play '-' host 0 und 0 readCount 255
2026-10-07T07:51:54.690+02:00 play '-' host 0 und 0 readCount 538
2026-10-07T07:51:55.690+02:00 play '-' host 0 und 0 readCount 780
2026-10-07T07:51:56.690+02:00 play '-' host 0 und 0 readCount 1047
2026-10-07T07:51:57.690+02:00 play '-' host 0 und 0 readCount 1307
2026-10-07T07:51:58.690+02:00 play '-' host 0 und 0 readCount 1559
2026-10-07T07:51:59.691+02:00 play '-' host 0 und 0 readCount 1822
2026-10-07T07:52:00.691+02:00 play '-' host 0 und 0 readCount 2044
2026-10-07T07:52:01.691+02:00 play '-' host 0 und 0 readCount 2044
2026-10-07T07:52:02.691+02:00 play '-' host 0 und 0 readCount 2172
2026-10-07T07:52:03.691+02:00 play '-' host 0 und 0 readCount 2172
2026-10-07T07:52:04.691+02:00 play '-' host 0 und 0 readCount 2172
2026-10-07T07:52:05.691+02:00 play 'Rock Antenne Bayern' host 180224 und 180224 readCount 2280
2026-10-07T07:52:06.692+02:00 play 'Rock Antenne Bayern' host 258048 und 258048 readCount 2300
2026-10-07T07:52:07.692+02:00 play 'Rock Antenne Bayern' host 258048 und 258048 readCount 2300
2026-10-07T07:52:08.692+02:00 play 'Rock Antenne Bayern' host 258048 und 258048 readCount 2300
2026-10-07T07:52:09.692+02:00 play 'Rock Antenne Bayern' host 258048 und 258048 readCount 2300
2026-10-07T07:52:10.692+02:00 play 'Rock Antenne Bayern' host 258048 und 258048 readCount 2300
2026-10-07T07:52:11.692+02:00 play 'Rock Antenne Bayern' host 258048 und 258048 readCount 2300
2026-10-07T07:52:12.692+02:00 play 'Rock Antenne Bayern' host 258048 und 258048 readCount 2300
2026-10-07T07:52:13.693+02:00 play 'Rock Antenne Bayern' host 258048 und 258048 readCount 2300
2026-10-07T07:52:14.693+02:00 play 'Rock Antenne Bayern' host 258048 und 258048 readCount 2300
2026-10-07T07:52:15.693+02:00 play 'Rock Antenne Bayern' host 258048 und 258048 readCount 2300
2026-10-07T07:52:16.693+02:00 play 'Rock Antenne Bayern' host 258048 und 258048 readCount 2300
2026-10-07T07:52:17.693+02:00 play 'Rock Antenne Bayern' host 258048 und 258048 readCount 2300
2026-10-07T07:52:18.693+02:00 play 'Rock Antenne Bayern' host 258048 und 258048 readCount 2300
2026-10-07T07:52:19.693+02:00 play 'Rock Antenne Bayern' host 258048 und 258048 readCount 2300
2026-10-07T07:52:20.694+02:00 play 'Rock Antenne Bayern' host 258048 und 258048 readCount 2300
2026-10-07T07:52:21.694+02:00 play 'Rock Antenne Bayern' host 258048 und 258048 readCount 2300
2026-10-07T07:52:22.694+02:00 play 'Rock Antenne Bayern' host 258048 und 258048 readCount 2300
2026-10-07T07:52:23.694+02:00 play 'Rock Antenne Bayern' host 258048 und 258048 readCount 2300
2026-10-07T07:52:24.694+02:00 play 'Rock Antenne Bayern' host 258048 und 258048 readCount 2300
2026-10-07T07:52:25.694+02:00 play 'Rock Antenne Bayern' host 258048 und 258048 readCount 2300
2026-10-07T07:52:26.694+02:00 play 'Rock Antenne Bayern' host 258048 und 258048 readCount 2300
2026-10-07T07:52:27.694+02:00 play 'Rock Antenne Bayern' host 258048 und 258048 readCount 2300
2026-10-07T07:52:28.695+02:00 play 'Rock Antenne Bayern' host 258048 und 258048 readCount 2300
2026-10-07T07:52:29.695+02:00 play 'Rock Antenne Bayern' host 258048 und 258048 readCount 2300
2026-10-07T07:52:30.695+02:00 play 'Rock Antenne Bayern' host 258048 und 258048 readCount 2300
2026-10-07T07:52:31.695+02:00 play 'Rock Antenne Bayern' host 258048 und 258048 readCount 2300
2026-10-07T07:52:32.695+02:00 play 'Rock Antenne Bayern' host 258048 und 258048 readCount 2300
2026-10-07T07:52:33.695+02:00 play 'Rock Antenne Bayern' host 258048 und 258048 readCount 2300
2026-10-07T07:52:34.696+02:00 play 'Rock Antenne Bayern' host 258048 und 258048 readCount 2300
2026-10-07T07:52:35.696+02:00 play 'Rock Antenne Bayern' host 258048 und 258048 readCount 2300
2026-10-07T07:52:36.696+02:00 play 'Rock Antenne Bayern' host 258048 und 258048 readCount 2300
2026-10-07T07:52:37.696+02:00 play 'Rock Antenne Bayern' host 258048 und 258048 readCount 2300
2026-10-07T07:52:38.696+02:00 play 'Rock Antenne Bayern' host 258048 und 258048 readCount 2300
2026-10-07T07:52:39.696+02:00 play 'Rock Antenne Bayern' host 258048 und 258048 readCount 2300
2026-10-07T07:52:40.697+02:00 play 'Rock Antenne Bayern' host 258048 und 258048 readCount 2300
2026-10-07T07:52:41.697+02:00 play 'Rock Antenne Bayern' host 258048 und 258048 readCount 2300
2026-10-07T07:52:42.697+02:00 play 'Rock Antenne Bayern' host 258048 und 258048 readCount 2300
2026-10-07T07:52:43.697+02:00 play 'Rock Antenne Bayern' host 258048 und 258048 readCount 2300
2026-10-07T07:52:44.698+02:00 play 'Rock Antenne Bayern' host 258048 und 258048 readCount 2300
2026-10-07T07:52:45.698+02:00 play 'Rock Antenne Bayern' host 258048 und 258048 readCount 2300
2026-10-07T07:52:46.698+02:00 play 'Rock Antenne Bayern' host 258048 und 258048 readCount 2300
2026-10-07T07:52:47.698+02:00 play 'Rock Antenne Bayern' host 258048 und 258048 readCount 2300
2026-10-07T07:52:48.698+02:00 play '-' host 0 und 0 readCount 167
2026-10-07T07:52:51.841+02:00 play '-' host 0 und 0 readCount 167
2026-10-07T07:52:52.841+02:00 play '-' host 0 und 0 readCount 167
2026-10-07T07:52:53.842+02:00 play '-' host 0 und 0 readCount 167
2026-10-07T07:52:54.842+02:00 play '-' host 0 und 0 readCount 167
2026-10-07T07:52:55.842+02:00 play '-' host 0 und 0 readCount 167
2026-10-07T07:52:56.842+02:00 play '-' host 0 und 0 readCount 167
2026-10-07T07:52:57.842+02:00 play 'Rock Antenne Bayern' host 0 und 0 readCount 295
2026-10-07T07:52:58.842+02:00 play 'Rock Antenne Bayern' host 0 und 0 readCount 295
2026-10-07T07:52:59.842+02:00 play 'Rock Antenne Bayern' host 0 und 0 readCount 295
2026-10-07T07:53:00.843+02:00 play 'Rock Antenne Bayern' host 0 und 0 readCount 295
2026-10-07T07:53:01.843+02:00 play 'Rock Antenne Bayern' host 0 und 0 readCount 295
2026-10-07T07:53:02.843+02:00 play 'Rock Antenne Bayern' host 0 und 0 readCount 295
2026-10-07T07:53:03.843+02:00 play 'Rock Antenne' host 0 und 0 readCount 511
2026-10-07T07:53:04.843+02:00 play 'Rock Antenne' host 0 und 0 readCount 747
2026-10-07T07:53:05.844+02:00 play 'Rock Antenne' host 274432 und 462848 readCount 973
2026-10-07T07:53:06.844+02:00 play 'Rock Antenne' host 1101824 und 1290240 readCount 1175
2026-10-07T07:53:07.844+02:00 play 'Rock Antenne' host 1908736 und 2097152 readCount 1372
2026-10-07T07:53:08.844+02:00 play 'Rock Antenne' host 2707456 und 2895872 readCount 1566
2026-10-07T07:53:09.844+02:00 play 'Rock Antenne' host 3497984 und 3686400 readCount 1760
2026-10-07T07:53:10.844+02:00 play 'Rock Antenne' host 4272128 und 4460544 readCount 1948
2026-10-07T07:53:11.845+02:00 play 'Rock Antenne' host 5058560 und 5246976 readCount 2141
2026-10-07T07:53:12.845+02:00 play 'Rock Antenne' host 5644288 und 5832704 readCount 2284
2026-10-07T07:53:13.845+02:00 play 'Rock Antenne' host 5644288 und 5832704 readCount 2284
2026-10-07T07:53:14.845+02:00 play 'Rock Antenne' host 5644288 und 5832704 readCount 2284
2026-10-07T07:53:15.846+02:00 play 'Rock Antenne' host 5644288 und 5832704 readCount 2284
2026-10-07T07:53:16.846+02:00 play 'Rock Antenne' host 5644288 und 5832704 readCount 2284
2026-10-07T07:53:17.846+02:00 play 'Rock Antenne' host 5644288 und 5832704 readCount 2284
2026-10-07T07:53:18.846+02:00 play 'Rock Antenne' host 5644288 und 5832704 readCount 2284
2026-10-07T07:53:19.846+02:00 play 'Rock Antenne' host 5644288 und 5832704 readCount 2284
2026-10-07T07:53:20.847+02:00 play 'Rock Antenne' host 5644288 und 5832704 readCount 2284
2026-10-07T07:53:21.847+02:00 play 'Rock Antenne' host 5644288 und 5832704 readCount 2284
2026-10-07T07:53:22.847+02:00 play 'Rock Antenne' host 5644288 und 5832704 readCount 2284
2026-10-07T07:53:23.847+02:00 play 'Rock Antenne' host 5644288 und 5832704 readCount 2284
2026-10-07T07:53:24.847+02:00 play 'Rock Antenne' host 5644288 und 5832704 readCount 2284
2026-10-07T07:53:25.847+02:00 play 'Rock Antenne' host 5644288 und 5832704 readCount 2284
2026-10-07T07:53:26.848+02:00 play 'Rock Antenne' host 5644288 und 5832704 readCount 2284
2026-10-07T07:53:27.848+02:00 play 'Rock Antenne' host 5644288 und 5832704 readCount 2284
2026-10-07T07:53:28.848+02:00 play 'Rock Antenne' host 5644288 und 5832704 readCount 2284
2026-10-07T07:53:29.848+02:00 play 'Rock Antenne' host 5644288 und 5832704 readCount 2284
2026-10-07T07:53:30.848+02:00 play 'Rock Antenne' host 5644288 und 5832704 readCount 2284
2026-10-07T07:53:31.849+02:00 play 'Rock Antenne' host 5644288 und 5832704 readCount 2284
2026-10-07T07:53:32.849+02:00 play 'Rock Antenne' host 5644288 und 5832704 readCount 2284
2026-10-07T07:53:33.849+02:00 play 'Rock Antenne' host 5644288 und 5832704 readCount 2284
2026-10-07T07:53:34.849+02:00 play 'Rock Antenne' host 5644288 und 5832704 readCount 2284
2026-10-07T07:53:35.849+02:00 play 'Rock Antenne' host 5644288 und 5832704 readCount 2284
2026-10-07T07:53:36.849+02:00 play 'Rock Antenne' host 5644288 und 5832704 readCount 2284
2026-10-07T07:53:37.850+02:00 play 'Rock Antenne' host 5644288 und 5832704 readCount 2284
2026-10-07T07:53:38.850+02:00 play 'Rock Antenne' host 5644288 und 5832704 readCount 2284
2026-10-07T07:53:39.850+02:00 play 'Rock Antenne' host 5644288 und 5832704 readCount 2284
2026-10-07T07:53:40.850+02:00 play 'Rock Antenne' host 5644288 und 5832704 readCount 2284
2026-10-07T07:53:41.851+02:00 play 'Rock Antenne' host 5644288 und 5832704 readCount 2284
2026-10-07T07:53:42.851+02:00 play 'Rock Antenne' host 5644288 und 5832704 readCount 2284
2026-10-07T07:53:43.851+02:00 play 'Rock Antenne' host 5644288 und 5832704 readCount 2284
2026-10-07T07:53:44.851+02:00 play 'Rock Antenne' host 5644288 und 5832704 readCount 2284
2026-10-07T07:53:45.851+02:00 play 'Rock Antenne' host 5644288 und 5832704 readCount 2284
2026-10-07T07:53:46.851+02:00 play 'Rock Antenne' host 5644288 und 5832704 readCount 2284
2026-10-07T07:53:47.852+02:00 play 'Rock Antenne' host 5644288 und 5832704 readCount 2284
2026-10-07T07:53:48.852+02:00 play 'Rock Antenne' host 5644288 und 5832704 readCount 2284
2026-10-07T07:53:49.852+02:00 play 'Rock Antenne' host 5644288 und 5832704 readCount 2284
2026-10-07T07:53:50.852+02:00 ERR <urlopen error timed out>
2026-10-07T07:53:54.856+02:00 play '-' host 0 und 0 readCount 167
2026-10-07T07:53:55.856+02:00 play '-' host 0 und 0 readCount 167
2026-10-07T07:53:56.856+02:00 play '-' host 0 und 0 readCount 167
2026-10-07T07:53:57.856+02:00 play '-' host 0 und 0 readCount 167
2026-10-07T07:53:58.857+02:00 play '-' host 0 und 0 readCount 167
2026-10-07T07:53:59.857+02:00 play '-' host 0 und 0 readCount 188
2026-10-07T07:54:00.857+02:00 play 'Rock Antenne' host 393216 und 397312 readCount 403
2026-10-07T07:54:01.857+02:00 play 'Rock Antenne' host 819200 und 1191936 readCount 597
2026-10-07T07:54:02.858+02:00 play 'Rock Antenne' host 1200128 und 2019328 readCount 799
2026-10-07T07:54:03.858+02:00 play 'Rock Antenne' host 1265664 und 2813952 readCount 993
2026-10-07T07:54:04.858+02:00 play 'Rock Antenne' host 1265664 und 3624960 readCount 1190
2026-10-07T07:54:05.858+02:00 play 'Rock Antenne' host 1265664 und 4448256 readCount 1392
2026-10-07T07:54:06.859+02:00 play 'Rock Antenne' host 1265664 und 5226496 readCount 1582
2026-10-07T07:54:07.859+02:00 play 'Rock Antenne' host 1265664 und 6045696 readCount 1782
2026-10-07T07:54:08.859+02:00 play 'Rock Antenne' host 1265664 und 6852608 readCount 1978
2026-10-07T07:54:09.859+02:00 play 'Rock Antenne' host 1265664 und 7577600 readCount 2156
2026-10-07T07:54:10.859+02:00 play 'Rock Antenne' host 1265664 und 7577600 readCount 2156
2026-10-07T07:54:11.859+02:00 play 'Rock Antenne' host 1265664 und 7577600 readCount 2156
2026-10-07T07:54:12.859+02:00 play 'Radio BOB!' host 1265664 und 7577600 readCount 2223
2026-10-07T07:54:13.860+02:00 play 'Radio BOB!' host 1265664 und 7577600 readCount 2284
2026-10-07T07:54:14.860+02:00 play 'Radio BOB!' host 0 und 0 readCount 2284
2026-10-07T07:54:15.860+02:00 play 'Radio BOB!' host 0 und 0 readCount 2284
2026-10-07T07:54:16.860+02:00 play 'Radio BOB!' host 0 und 0 readCount 2284
2026-10-07T07:54:17.860+02:00 play 'Radio BOB!' host 0 und 0 readCount 2284
2026-10-07T07:54:18.860+02:00 play 'Radio BOB!' host 0 und 0 readCount 2284
2026-10-07T07:54:19.861+02:00 play 'Radio BOB!' host 0 und 0 readCount 2284
2026-10-07T07:54:20.861+02:00 play 'Radio BOB!' host 0 und 0 readCount 2284
2026-10-07T07:54:21.861+02:00 play 'Radio BOB!' host 0 und 0 readCount 2284
2026-10-07T07:54:22.861+02:00 play 'Radio BOB!' host 0 und 0 readCount 2284
2026-10-07T07:54:23.861+02:00 play 'Radio BOB!' host 0 und 0 readCount 2284
2026-10-07T07:54:24.861+02:00 play 'Radio BOB!' host 0 und 0 readCount 2284
2026-10-07T07:54:25.861+02:00 play 'Radio BOB!' host 0 und 0 readCount 2284
2026-10-07T07:54:26.862+02:00 play 'Radio BOB!' host 0 und 0 readCount 2284
2026-10-07T07:54:27.862+02:00 play 'Radio BOB!' host 0 und 0 readCount 2284
2026-10-07T07:54:28.862+02:00 play 'Radio BOB!' host 0 und 0 readCount 2284
2026-10-07T07:54:29.862+02:00 play 'Radio BOB!' host 0 und 0 readCount 2284
2026-10-07T07:54:30.862+02:00 play 'Radio BOB!' host 0 und 0 readCount 2284
2026-10-07T07:54:31.863+02:00 play 'Radio BOB!' host 0 und 0 readCount 2284
2026-10-07T07:54:32.863+02:00 play 'Radio BOB!' host 0 und 0 readCount 2284
2026-10-07T07:54:33.863+02:00 play 'Radio BOB!' host 0 und 0 readCount 2284
2026-10-07T07:54:34.863+02:00 play 'Radio BOB!' host 0 und 0 readCount 2284
2026-10-07T07:54:35.863+02:00 play 'Radio BOB!' host 0 und 0 readCount 2284
2026-10-07T07:54:36.863+02:00 play 'Radio BOB!' host 0 und 0 readCount 2284
2026-10-07T07:54:37.864+02:00 play 'Radio BOB!' host 0 und 0 readCount 2284
2026-10-07T07:54:38.864+02:00 play 'Radio BOB!' host 0 und 0 readCount 2284
2026-10-07T07:54:39.864+02:00 play 'Radio BOB!' host 0 und 0 readCount 2284
2026-10-07T07:54:40.864+02:00 play 'Radio BOB!' host 0 und 0 readCount 2284
2026-10-07T07:54:41.864+02:00 play 'Radio BOB!' host 0 und 0 readCount 2284
2026-10-07T07:54:42.864+02:00 play 'Radio BOB!' host 0 und 0 readCount 2284
2026-10-07T07:54:43.864+02:00 play 'Radio BOB!' host 0 und 0 readCount 2284
2026-10-07T07:54:44.865+02:00 play 'Radio BOB!' host 0 und 0 readCount 2284
2026-10-07T07:54:45.865+02:00 play 'Radio BOB!' host 0 und 0 readCount 2284
2026-10-07T07:54:46.865+02:00 play 'Radio BOB!' host 0 und 0 readCount 2284
2026-10-07T07:54:47.865+02:00 play 'Radio BOB!' host 0 und 0 readCount 2284
2026-10-07T07:54:48.865+02:00 play 'Radio BOB!' host 0 und 0 readCount 2284
2026-10-07T07:54:49.866+02:00 play 'Radio BOB!' host 0 und 0 readCount 2284
2026-10-07T07:54:50.866+02:00 play 'Radio BOB!' host 0 und 0 readCount 2284
2026-10-07T07:54:51.866+02:00 play 'Radio BOB!' host 0 und 0 readCount 2284
2026-10-07T07:54:52.866+02:00 play 'Radio BOB!' host 0 und 0 readCount 2284
2026-10-07T07:54:53.866+02:00 play 'Radio BOB!' host 0 und 0 readCount 2284
2026-10-07T07:54:54.866+02:00 play 'Radio BOB!' host 0 und 0 readCount 2284
2026-10-07T07:54:55.867+02:00 play 'Radio BOB!' host 0 und 0 readCount 2284
2026-10-07T07:54:56.867+02:00 play 'Radio BOB!' host 0 und 0 readCount 2284
2026-10-07T07:54:57.867+02:00 play 'Radio BOB!' host 0 und 0 readCount 2284
2026-10-07T07:54:58.867+02:00 play 'Radio BOB!' host 0 und 0 readCount 2284
2026-10-07T07:54:59.867+02:00 play 'Radio BOB!' host 0 und 0 readCount 2284
2026-10-07T07:55:00.867+02:00 play 'Radio BOB!' host 0 und 0 readCount 2284
2026-10-07T07:55:01.867+02:00 play 'Radio BOB!' host 0 und 0 readCount 2284
2026-10-07T07:55:02.868+02:00 play 'Radio BOB!' host 0 und 0 readCount 2284
2026-10-07T07:55:03.868+02:00 play 'Radio BOB!' host 0 und 0 readCount 2284
2026-10-07T07:55:04.868+02:00 play 'Radio BOB!' host 0 und 0 readCount 2284
2026-10-07T07:55:05.868+02:00 play 'Radio BOB!' host 0 und 0 readCount 2284
2026-10-07T07:55:06.868+02:00 play 'Radio BOB!' host 0 und 0 readCount 2284
2026-10-07T07:55:07.868+02:00 play 'Radio BOB!' host 0 und 0 readCount 2284
2026-10-07T07:55:08.869+02:00 play 'Radio BOB!' host 0 und 0 readCount 2284
2026-10-07T07:55:09.869+02:00 play '-' host 0 und 0 readCount 202
2026-10-07T07:55:13.017+02:00 play '-' host 0 und 0 readCount 213
2026-10-07T07:55:14.017+02:00 play '-' host 0 und 0 readCount 486
2026-10-07T07:55:15.017+02:00 play '-' host 0 und 0 readCount 1186
2026-10-07T07:55:16.793+02:00 play '-' host 0 und 0 readCount 1229
2026-10-07T07:55:17.793+02:00 play '-' host 0 und 0 readCount 1489
2026-10-07T07:55:18.793+02:00 play '-' host 0 und 0 readCount 1747
2026-10-07T07:55:19.793+02:00 play '-' host 0 und 0 readCount 2001
2026-10-07T07:55:20.793+02:00 play '-' host 0 und 0 readCount 2064
2026-10-07T07:55:21.794+02:00 play '-' host 0 und 0 readCount 2064
2026-10-07T07:55:22.794+02:00 play '-' host 0 und 0 readCount 2064
2026-10-07T07:55:23.794+02:00 play 'Radio BOB!' host 57344 und 57344 readCount 2092
2026-10-07T07:55:24.794+02:00 play 'Radio BOB!' host 462848 und 462848 readCount 2192
2026-10-07T07:55:25.794+02:00 play 'Radio BOB!' host 462848 und 462848 readCount 2192
2026-10-07T07:55:26.794+02:00 play 'Radio BOB!' host 462848 und 462848 readCount 2192
2026-10-07T07:55:27.795+02:00 play 'Radio BOB!' host 462848 und 462848 readCount 2229
2026-10-07T07:55:28.795+02:00 play 'Radio BOB!' host 462848 und 462848 readCount 2320
2026-10-07T07:55:29.795+02:00 play 'Radio BOB!' host 462848 und 462848 readCount 2320
2026-10-07T07:55:30.795+02:00 play 'Radio BOB!' host 462848 und 462848 readCount 2320
2026-10-07T07:55:31.796+02:00 play 'Radio BOB!' host 462848 und 462848 readCount 2320
2026-10-07T07:55:32.796+02:00 play 'Radio BOB!' host 462848 und 462848 readCount 2320
2026-10-07T07:55:33.796+02:00 play 'Radio BOB!' host 462848 und 462848 readCount 2320
2026-10-07T07:55:34.796+02:00 play 'Radio BOB!' host 462848 und 462848 readCount 2320
2026-10-07T07:55:35.796+02:00 play 'Radio BOB!' host 462848 und 462848 readCount 2320
2026-10-07T07:55:36.796+02:00 play 'Radio BOB!' host 462848 und 462848 readCount 2320
2026-10-07T07:55:37.797+02:00 play 'Radio BOB!' host 462848 und 462848 readCount 2320
2026-10-07T07:55:38.797+02:00 play 'Radio BOB!' host 462848 und 462848 readCount 2320
2026-10-07T07:55:39.797+02:00 play 'Radio BOB!' host 462848 und 462848 readCount 2320
2026-10-07T07:55:40.798+02:00 play 'Radio BOB!' host 462848 und 462848 readCount 2320
2026-10-07T07:55:41.798+02:00 play 'Radio BOB!' host 462848 und 462848 readCount 2320
2026-10-07T07:55:42.798+02:00 play 'Radio BOB!' host 462848 und 462848 readCount 2320
2026-10-07T07:55:43.798+02:00 play 'Radio BOB!' host 462848 und 462848 readCount 2320
2026-10-07T07:55:44.799+02:00 play 'Radio BOB!' host 462848 und 462848 readCount 2320
2026-10-07T07:55:45.799+02:00 play 'Radio BOB!' host 462848 und 462848 readCount 2320
2026-10-07T07:55:46.799+02:00 play 'Radio BOB!' host 462848 und 462848 readCount 2320
2026-10-07T07:55:47.799+02:00 play 'Radio BOB!' host 462848 und 462848 readCount 2320
2026-10-07T07:55:48.799+02:00 play 'Radio BOB!' host 462848 und 462848 readCount 2320
2026-10-07T07:55:49.799+02:00 play 'Radio BOB!' host 462848 und 462848 readCount 2320
2026-10-07T07:55:50.799+02:00 play 'Radio BOB!' host 462848 und 462848 readCount 2320
2026-10-07T07:55:51.800+02:00 play 'Radio BOB!' host 462848 und 462848 readCount 2320
2026-10-07T07:55:52.800+02:00 play 'Radio BOB!' host 462848 und 462848 readCount 2320
2026-10-07T07:55:53.800+02:00 play 'Radio BOB!' host 462848 und 462848 readCount 2320
2026-10-07T07:55:54.800+02:00 play 'Radio BOB!' host 462848 und 462848 readCount 2320
2026-10-07T07:55:55.801+02:00 play 'Radio BOB!' host 462848 und 462848 readCount 2320
2026-10-07T07:55:56.801+02:00 play 'Radio BOB!' host 462848 und 462848 readCount 2320
2026-10-07T07:55:57.801+02:00 play 'Radio BOB!' host 462848 und 462848 readCount 2320
2026-10-07T07:55:58.801+02:00 play 'Radio BOB!' host 462848 und 462848 readCount 2320
2026-10-07T07:55:59.801+02:00 play 'Radio BOB!' host 462848 und 462848 readCount 2320
2026-10-07T07:56:00.802+02:00 play 'Radio BOB!' host 462848 und 462848 readCount 2320
2026-10-07T07:56:01.802+02:00 play 'Radio BOB!' host 462848 und 462848 readCount 2320
2026-10-07T07:56:02.802+02:00 play 'Radio BOB!' host 462848 und 462848 readCount 2320
2026-10-07T07:56:03.802+02:00 play 'Radio BOB!' host 462848 und 462848 readCount 2320
2026-10-07T07:56:04.802+02:00 play 'Radio BOB!' host 462848 und 462848 readCount 2320
2026-10-07T07:56:05.802+02:00 play 'Radio BOB!' host 462848 und 462848 readCount 2320
2026-10-07T07:56:06.802+02:00 play 'Radio BOB!' host 462848 und 462848 readCount 2320
2026-10-07T07:56:07.803+02:00 play 'Radio BOB!' host 462848 und 462848 readCount 2320
2026-10-07T07:56:08.803+02:00 play 'Radio BOB!' host 462848 und 462848 readCount 2320
2026-10-07T07:56:09.803+02:00 play 'Radio BOB!' host 462848 und 462848 readCount 2320
2026-10-07T07:56:10.804+02:00 play 'Radio BOB!' host 462848 und 462848 readCount 2320
2026-10-07T07:56:11.804+02:00 play 'Radio BOB!' host 462848 und 462848 readCount 2320
2026-10-07T07:56:12.804+02:00 play 'Radio BOB!' host 462848 und 462848 readCount 2320
2026-10-07T07:56:13.804+02:00 play 'Radio BOB!' host 462848 und 462848 readCount 2320
2026-10-07T07:56:14.804+02:00 play 'Radio BOB!' host 462848 und 462848 readCount 2320
2026-10-07T07:56:15.805+02:00 play 'Radio BOB!' host 462848 und 462848 readCount 2320
2026-10-07T07:56:16.805+02:00 play 'Radio BOB!' host 462848 und 462848 readCount 2320
2026-10-07T07:56:17.805+02:00 play 'Radio BOB!' host 462848 und 462848 readCount 2320
2026-10-07T07:56:18.805+02:00 play 'Radio BOB!' host 462848 und 462848 readCount 2320
2026-10-07T07:56:19.805+02:00 play 'Radio BOB!' host 462848 und 462848 readCount 2320
2026-10-07T07:56:20.805+02:00 play 'Radio BOB!' host 462848 und 462848 readCount 2320
2026-10-07T07:56:21.805+02:00 play 'Radio BOB!' host 462848 und 462848 readCount 2320
2026-10-07T07:56:22.806+02:00 play 'Radio BOB!' host 462848 und 462848 readCount 2320
2026-10-07T07:56:23.806+02:00 play 'Radio BOB!' host 462848 und 462848 readCount 2320
2026-10-07T07:56:24.806+02:00 play 'Radio BOB!' host 462848 und 462848 readCount 2320
2026-10-07T07:56:25.806+02:00 play 'Radio BOB!' host 462848 und 462848 readCount 2320
2026-10-07T07:56:26.806+02:00 play 'Radio BOB!' host 462848 und 462848 readCount 2320
2026-10-07T07:56:27.806+02:00 play 'Radio BOB!' host 462848 und 462848 readCount 2320
2026-10-07T07:56:28.807+02:00 play 'Radio BOB!' host 462848 und 462848 readCount 2320
2026-10-07T07:56:29.807+02:00 play 'Radio BOB!' host 462848 und 462848 readCount 2320
2026-10-07T07:56:30.807+02:00 play 'Radio BOB!' host 462848 und 462848 readCount 2320
2026-10-07T07:56:31.807+02:00 play 'Radio BOB!' host 462848 und 462848 readCount 2320
2026-10-07T07:56:32.807+02:00 play 'Radio BOB!' host 462848 und 462848 readCount 2320
2026-10-07T07:56:33.807+02:00 play 'Radio BOB!' host 462848 und 462848 readCount 2320
2026-10-07T07:56:34.807+02:00 play 'Radio BOB!' host 462848 und 462848 readCount 2320
2026-10-07T07:56:35.808+02:00 play 'Radio BOB!' host 462848 und 462848 readCount 2320
2026-10-07T07:56:36.808+02:00 play 'Radio BOB!' host 462848 und 462848 readCount 2320
2026-10-07T07:56:37.808+02:00 play 'Radio BOB!' host 462848 und 462848 readCount 2320
2026-10-07T07:56:38.808+02:00 play 'Radio BOB!' host 462848 und 462848 readCount 2320
2026-10-07T07:56:39.808+02:00 play 'Radio BOB!' host 462848 und 462848 readCount 2320
2026-10-07T07:56:40.808+02:00 play 'Radio BOB!' host 462848 und 462848 readCount 2320
2026-10-07T07:56:41.808+02:00 play 'Radio BOB!' host 462848 und 462848 readCount 2320
2026-10-07T07:56:42.809+02:00 play 'Radio BOB!' host 462848 und 462848 readCount 2320
2026-10-07T07:56:43.809+02:00 play 'Radio BOB!' host 462848 und 462848 readCount 2320
2026-10-07T07:56:44.809+02:00 play 'Radio BOB!' host 462848 und 462848 readCount 2320
2026-10-07T07:56:45.809+02:00 play 'Radio BOB!' host 462848 und 462848 readCount 2320
2026-10-07T07:56:46.809+02:00 play 'Radio BOB!' host 462848 und 462848 readCount 2320
2026-10-07T07:56:47.809+02:00 play 'Radio BOB!' host 462848 und 462848 readCount 2320
2026-10-07T07:56:48.810+02:00 play 'Radio BOB!' host 462848 und 462848 readCount 2320
2026-10-07T07:56:49.810+02:00 play 'Radio BOB!' host 462848 und 462848 readCount 2320
2026-10-07T07:56:50.810+02:00 play 'Radio BOB!' host 462848 und 462848 readCount 2320
2026-10-07T07:56:51.810+02:00 play 'Radio BOB!' host 462848 und 462848 readCount 2320
2026-10-07T07:56:52.810+02:00 play 'Radio BOB!' host 462848 und 462848 readCount 2320
2026-10-07T07:56:53.810+02:00 play 'Radio BOB!' host 462848 und 462848 readCount 2320
2026-10-07T07:56:54.810+02:00 play 'Radio BOB!' host 462848 und 462848 readCount 2320
2026-10-07T07:56:55.811+02:00 ERR <urlopen error [Errno 111] Connection refused>
2026-10-07T07:56:58.923+02:00 play '-' host 0 und 0 readCount 167
2026-10-07T07:56:59.923+02:00 play '-' host 0 und 0 readCount 167
2026-10-07T07:57:00.924+02:00 play '-' host 0 und 0 readCount 167
2026-10-07T07:57:01.924+02:00 play '-' host 0 und 0 readCount 167
2026-10-07T07:57:02.924+02:00 play '-' host 0 und 0 readCount 167
2026-10-07T07:57:03.924+02:00 play '-' host 0 und 0 readCount 167
2026-10-07T07:57:04.924+02:00 play 'Rock Antenne Bayern' host 16384 und 237568 readCount 285
2026-10-07T07:57:05.924+02:00 play 'Rock Antenne Bayern' host 16384 und 278528 readCount 295
2026-10-07T07:57:06.924+02:00 play 'Rock Antenne Bayern' host 16384 und 278528 readCount 295
2026-10-07T07:57:07.925+02:00 play 'Rock Antenne Bayern' host 16384 und 278528 readCount 295
2026-10-07T07:57:08.925+02:00 play 'Rock Antenne Bayern' host 16384 und 278528 readCount 295
2026-10-07T07:57:09.925+02:00 play 'Rock Antenne Bayern' host 16384 und 278528 readCount 295
2026-10-07T07:57:10.925+02:00 play 'Rock Antenne Bayern' host 16384 und 278528 readCount 295
2026-10-07T07:57:11.925+02:00 play 'Rock Antenne Bayern' host 16384 und 278528 readCount 306
2026-10-07T07:57:12.925+02:00 play 'Rock Antenne' host 16384 und 278528 readCount 485
2026-10-07T07:57:13.925+02:00 play 'Rock Antenne' host 16384 und 278528 readCount 752
2026-10-07T07:57:14.926+02:00 play 'Rock Antenne' host 4096 und 299008 readCount 979
2026-10-07T07:57:15.926+02:00 play 'Rock Antenne' host 69632 und 1093632 readCount 1174
2026-10-07T07:57:16.926+02:00 play 'Rock Antenne' host 69632 und 1941504 readCount 1380
2026-10-07T07:57:17.926+02:00 play 'Rock Antenne' host 69632 und 2748416 readCount 1578
2026-10-07T07:57:18.926+02:00 play 'Rock Antenne' host 69632 und 3534848 readCount 1770
2026-10-07T07:57:19.926+02:00 play 'Rock Antenne' host 69632 und 4354048 readCount 1970
2026-10-07T07:57:20.926+02:00 play 'Rock Antenne' host 69632 und 5185536 readCount 2173
2026-10-07T07:57:21.926+02:00 play 'Rock Antenne' host 69632 und 5640192 readCount 2284
2026-10-07T07:57:22.927+02:00 play 'Rock Antenne' host 69632 und 5640192 readCount 2284
2026-10-07T07:57:23.927+02:00 play 'Rock Antenne' host 69632 und 5640192 readCount 2284
2026-10-07T07:57:24.927+02:00 play 'Rock Antenne' host 69632 und 5640192 readCount 2284
2026-10-07T07:57:25.927+02:00 play 'Rock Antenne' host 69632 und 5640192 readCount 2284
2026-10-07T07:57:26.927+02:00 play 'Rock Antenne' host 69632 und 5640192 readCount 2284
2026-10-07T07:57:27.928+02:00 play 'Rock Antenne' host 69632 und 5640192 readCount 2284
2026-10-07T07:57:28.928+02:00 play 'Rock Antenne' host 69632 und 5640192 readCount 2284
2026-10-07T07:57:29.928+02:00 play 'Rock Antenne' host 69632 und 5640192 readCount 2284
2026-10-07T07:57:30.928+02:00 play 'Rock Antenne' host 69632 und 5640192 readCount 2284
2026-10-07T07:57:31.928+02:00 play 'Rock Antenne' host 69632 und 5640192 readCount 2284
2026-10-07T07:57:32.928+02:00 play 'Rock Antenne' host 69632 und 5640192 readCount 2284
2026-10-07T07:57:33.929+02:00 play 'Rock Antenne' host 69632 und 5640192 readCount 2284
2026-10-07T07:57:34.929+02:00 play 'Rock Antenne' host 69632 und 5640192 readCount 2284
2026-10-07T07:57:35.929+02:00 play 'Rock Antenne' host 69632 und 5640192 readCount 2284
2026-10-07T07:57:36.929+02:00 play 'Rock Antenne' host 69632 und 5640192 readCount 2284
2026-10-07T07:57:37.930+02:00 play 'Rock Antenne' host 69632 und 5640192 readCount 2284
2026-10-07T07:57:38.930+02:00 play 'Rock Antenne' host 69632 und 5640192 readCount 2284
2026-10-07T07:57:39.930+02:00 play 'Rock Antenne' host 69632 und 5640192 readCount 2284
2026-10-07T07:57:40.930+02:00 play 'Rock Antenne' host 69632 und 5640192 readCount 2284
2026-10-07T07:57:41.930+02:00 play 'Rock Antenne' host 69632 und 5640192 readCount 2284
2026-10-07T07:57:42.930+02:00 play 'Rock Antenne' host 69632 und 5640192 readCount 2284
2026-10-07T07:57:43.930+02:00 play 'Rock Antenne' host 69632 und 5640192 readCount 2284
2026-10-07T07:57:44.931+02:00 play 'Rock Antenne' host 69632 und 5640192 readCount 2284
2026-10-07T07:57:45.931+02:00 play 'Rock Antenne' host 69632 und 5640192 readCount 2284
2026-10-07T07:57:46.931+02:00 play 'Rock Antenne' host 69632 und 5640192 readCount 2284
2026-10-07T07:57:47.931+02:00 play 'Rock Antenne' host 69632 und 5640192 readCount 2284
2026-10-07T07:57:48.931+02:00 play 'Rock Antenne' host 69632 und 5640192 readCount 2284
2026-10-07T07:57:49.931+02:00 play 'Rock Antenne' host 69632 und 5640192 readCount 2284
2026-10-07T07:57:50.931+02:00 play 'Rock Antenne' host 69632 und 5640192 readCount 2284
2026-10-07T07:57:51.932+02:00 play 'Rock Antenne' host 69632 und 5640192 readCount 2284
2026-10-07T07:57:52.932+02:00 play 'Rock Antenne' host 69632 und 5640192 readCount 2284
2026-10-07T07:57:53.932+02:00 play 'Rock Antenne' host 69632 und 5640192 readCount 2284
2026-10-07T07:57:54.932+02:00 play 'Rock Antenne' host 69632 und 5640192 readCount 2284
2026-10-07T07:57:55.933+02:00 play 'Rock Antenne' host 69632 und 5640192 readCount 2284
2026-10-07T07:57:56.933+02:00 play 'Rock Antenne' host 69632 und 5640192 readCount 2284
2026-10-07T07:57:57.933+02:00 play 'Rock Antenne' host 69632 und 5640192 readCount 2284
2026-10-07T07:57:58.933+02:00 play 'Rock Antenne' host 69632 und 5640192 readCount 2284
2026-10-07T07:57:59.933+02:00 play 'Rock Antenne' host 69632 und 5640192 readCount 2284
2026-10-07T07:58:00.933+02:00 play 'Rock Antenne' host 69632 und 5640192 readCount 2284
2026-10-07T07:58:01.933+02:00 play 'Rock Antenne' host 69632 und 5640192 readCount 2284
2026-10-07T07:58:02.934+02:00 play 'Rock Antenne' host 69632 und 5640192 readCount 2284
2026-10-07T07:58:03.934+02:00 play 'Rock Antenne' host 69632 und 5640192 readCount 2284
2026-10-07T07:58:04.934+02:00 play 'Rock Antenne' host 69632 und 5640192 readCount 2284
2026-10-07T07:58:05.934+02:00 play 'Rock Antenne' host 69632 und 5640192 readCount 2284
2026-10-07T07:58:06.934+02:00 play 'Rock Antenne' host 69632 und 5640192 readCount 2284
2026-10-07T07:58:07.935+02:00 play 'Rock Antenne' host 69632 und 5640192 readCount 2284
2026-10-07T07:58:08.935+02:00 play 'Rock Antenne' host 69632 und 5640192 readCount 2284
2026-10-07T07:58:09.935+02:00 play 'Rock Antenne' host 69632 und 5640192 readCount 2284
2026-10-07T07:58:10.935+02:00 play 'Rock Antenne' host 69632 und 5640192 readCount 2284
2026-10-07T07:58:11.935+02:00 play 'Rock Antenne' host 69632 und 5640192 readCount 2284
2026-10-07T07:58:12.935+02:00 play 'Rock Antenne' host 69632 und 5640192 readCount 2284
2026-10-07T07:58:13.936+02:00 play 'Rock Antenne' host 69632 und 5640192 readCount 2284
2026-10-07T07:58:14.936+02:00 play 'Rock Antenne' host 69632 und 5640192 readCount 2284
2026-10-07T07:58:15.936+02:00 play 'Rock Antenne' host 69632 und 5640192 readCount 2284
2026-10-07T07:58:16.936+02:00 play 'Rock Antenne' host 69632 und 5640192 readCount 2284
2026-10-07T07:58:17.936+02:00 play 'Rock Antenne' host 69632 und 5640192 readCount 2284
2026-10-07T07:58:18.936+02:00 play 'Rock Antenne' host 69632 und 5640192 readCount 2284
2026-10-07T07:58:19.936+02:00 play 'Rock Antenne' host 69632 und 5640192 readCount 2284
2026-10-07T07:58:20.937+02:00 play 'Rock Antenne' host 69632 und 5640192 readCount 2284
2026-10-07T07:58:21.937+02:00 play 'Rock Antenne' host 69632 und 5640192 readCount 2284
2026-10-07T07:58:22.937+02:00 play 'Rock Antenne' host 69632 und 5640192 readCount 2284
2026-10-07T07:58:23.937+02:00 play 'Rock Antenne' host 69632 und 5640192 readCount 2284
2026-10-07T07:58:24.938+02:00 play 'Rock Antenne' host 69632 und 5640192 readCount 2284
2026-10-07T07:58:25.938+02:00 play 'Rock Antenne' host 69632 und 5640192 readCount 2284
2026-10-07T07:58:26.938+02:00 play 'Rock Antenne' host 69632 und 5640192 readCount 2284
2026-10-07T07:58:27.938+02:00 play 'Rock Antenne' host 69632 und 5640192 readCount 2284
2026-10-07T07:58:28.938+02:00 play 'Rock Antenne' host 69632 und 5640192 readCount 2284
2026-10-07T07:58:29.938+02:00 play 'Rock Antenne' host 69632 und 5640192 readCount 2284
2026-10-07T07:58:30.938+02:00 play 'Rock Antenne' host 69632 und 5640192 readCount 2284
2026-10-07T07:58:31.939+02:00 play 'Rock Antenne' host 69632 und 5640192 readCount 2284
2026-10-07T07:58:32.939+02:00 play 'Rock Antenne' host 69632 und 5640192 readCount 2284
2026-10-07T07:58:33.939+02:00 play 'Rock Antenne' host 69632 und 5640192 readCount 2284
2026-10-07T07:58:34.939+02:00 play 'Rock Antenne' host 69632 und 5640192 readCount 2284
2026-10-07T07:58:35.939+02:00 play 'Rock Antenne' host 69632 und 5640192 readCount 2284
2026-10-07T07:58:36.939+02:00 play 'Rock Antenne' host 69632 und 5640192 readCount 2284
2026-10-07T07:58:37.939+02:00 play 'Rock Antenne' host 69632 und 5640192 readCount 2284
2026-10-07T07:58:38.940+02:00 play 'Rock Antenne' host 69632 und 5640192 readCount 2284
2026-10-07T07:58:39.940+02:00 play 'Rock Antenne' host 69632 und 5640192 readCount 2284
2026-10-07T07:58:40.940+02:00 play 'Rock Antenne' host 69632 und 5640192 readCount 2284
2026-10-07T07:58:41.940+02:00 play 'Rock Antenne' host 69632 und 5640192 readCount 2284
2026-10-07T07:58:42.940+02:00 play 'Rock Antenne' host 69632 und 5640192 readCount 2284
2026-10-07T07:58:43.940+02:00 play 'Rock Antenne' host 69632 und 5640192 readCount 2284
2026-10-07T07:58:44.941+02:00 play 'Rock Antenne' host 69632 und 5640192 readCount 2284
2026-10-07T07:58:45.941+02:00 play 'Rock Antenne' host 69632 und 5640192 readCount 2284
2026-10-07T07:58:46.941+02:00 play 'Rock Antenne' host 69632 und 5640192 readCount 2284
2026-10-07T07:58:47.941+02:00 play 'Rock Antenne' host 69632 und 5640192 readCount 2284
2026-10-07T07:58:48.941+02:00 play 'Rock Antenne' host 69632 und 5640192 readCount 2284
2026-10-07T07:58:49.941+02:00 play 'Rock Antenne' host 69632 und 5640192 readCount 2284
2026-10-07T07:58:50.941+02:00 play 'Rock Antenne' host 69632 und 5640192 readCount 2284
2026-10-07T07:58:51.942+02:00 play 'Rock Antenne' host 69632 und 5640192 readCount 2284
2026-10-07T07:58:52.942+02:00 play 'Rock Antenne' host 69632 und 5640192 readCount 2284
2026-10-07T07:58:53.942+02:00 play 'Rock Antenne' host 69632 und 5640192 readCount 2284
2026-10-07T07:58:54.942+02:00 play 'Rock Antenne' host 69632 und 5640192 readCount 2284
2026-10-07T07:58:55.942+02:00 play 'Rock Antenne' host 69632 und 5640192 readCount 2284
2026-10-07T07:58:56.942+02:00 play 'Rock Antenne' host 69632 und 5640192 readCount 2284
2026-10-07T07:58:57.943+02:00 play 'Rock Antenne' host 69632 und 5640192 readCount 2284
2026-10-07T07:58:58.943+02:00 play 'Rock Antenne' host 69632 und 5640192 readCount 2284
2026-10-07T07:58:59.943+02:00 play 'Rock Antenne' host 69632 und 5640192 readCount 2284
2026-10-07T07:59:00.943+02:00 play 'Rock Antenne' host 69632 und 5640192 readCount 2284
2026-10-07T07:59:01.943+02:00 play 'Rock Antenne' host 69632 und 5640192 readCount 2284
2026-10-07T07:59:02.944+02:00 play 'Rock Antenne' host 69632 und 5640192 readCount 2284
2026-10-07T07:59:03.944+02:00 play 'Rock Antenne' host 69632 und 5640192 readCount 2284
2026-10-07T07:59:04.944+02:00 play 'Rock Antenne' host 69632 und 5640192 readCount 2284
2026-10-07T07:59:05.944+02:00 play 'Rock Antenne' host 69632 und 5640192 readCount 2284
2026-10-07T07:59:06.944+02:00 play 'Rock Antenne' host 69632 und 5640192 readCount 2284
2026-10-07T07:59:07.944+02:00 play 'Rock Antenne' host 69632 und 5640192 readCount 2284
2026-10-07T07:59:08.944+02:00 play 'Rock Antenne' host 69632 und 5640192 readCount 2284
2026-10-07T07:59:09.945+02:00 play 'Rock Antenne' host 69632 und 5640192 readCount 2284
2026-10-07T07:59:10.945+02:00 play 'Rock Antenne' host 69632 und 5640192 readCount 2284
2026-10-07T07:59:11.945+02:00 play 'Rock Antenne' host 69632 und 5640192 readCount 2284
2026-10-07T07:59:12.945+02:00 play 'Rock Antenne' host 69632 und 5640192 readCount 2284
2026-10-07T07:59:13.945+02:00 play 'Rock Antenne' host 69632 und 5640192 readCount 2284
2026-10-07T07:59:14.946+02:00 play 'Rock Antenne' host 69632 und 5640192 readCount 2284
2026-10-07T07:59:15.946+02:00 play 'Rock Antenne' host 69632 und 5640192 readCount 2284
2026-10-07T07:59:16.946+02:00 play 'Rock Antenne' host 69632 und 5640192 readCount 2284
2026-10-07T07:59:17.946+02:00 play 'Rock Antenne' host 69632 und 5640192 readCount 2284
2026-10-07T07:59:18.946+02:00 play 'Rock Antenne' host 69632 und 5640192 readCount 2284
2026-10-07T07:59:19.946+02:00 play 'Rock Antenne' host 69632 und 5640192 readCount 2284
2026-10-07T07:59:20.946+02:00 play 'Rock Antenne' host 69632 und 5640192 readCount 2284
2026-10-07T07:59:21.947+02:00 play 'Rock Antenne' host 69632 und 5640192 readCount 2284
2026-10-07T07:59:22.947+02:00 play 'Rock Antenne' host 69632 und 5640192 readCount 2284
2026-10-07T07:59:23.947+02:00 play 'Rock Antenne' host 69632 und 5640192 readCount 2284
2026-10-07T07:59:24.947+02:00 play 'Rock Antenne' host 69632 und 5640192 readCount 2284
2026-10-07T07:59:25.948+02:00 play 'Rock Antenne' host 69632 und 5640192 readCount 2284
2026-10-07T07:59:26.948+02:00 play 'Rock Antenne' host 69632 und 5640192 readCount 2284
2026-10-07T07:59:27.948+02:00 play 'Rock Antenne' host 69632 und 5640192 readCount 2284
2026-10-07T07:59:28.948+02:00 play 'Rock Antenne' host 69632 und 5640192 readCount 2284
2026-10-07T07:59:29.948+02:00 play 'Rock Antenne' host 69632 und 5640192 readCount 2284
2026-10-07T07:59:30.948+02:00 play 'Rock Antenne' host 69632 und 5640192 readCount 2284
2026-10-07T07:59:31.948+02:00 play 'Rock Antenne' host 69632 und 5640192 readCount 2284
2026-10-07T07:59:32.949+02:00 play 'Rock Antenne' host 69632 und 5640192 readCount 2284
2026-10-07T07:59:33.949+02:00 play 'Rock Antenne' host 69632 und 5640192 readCount 2284
2026-10-07T07:59:34.949+02:00 play 'Rock Antenne' host 69632 und 5640192 readCount 2284
2026-10-07T07:59:35.949+02:00 play 'Rock Antenne' host 69632 und 5640192 readCount 2284
2026-10-07T07:59:36.949+02:00 play 'Rock Antenne' host 69632 und 5640192 readCount 2284
2026-10-07T07:59:37.949+02:00 play 'Rock Antenne' host 69632 und 5640192 readCount 2284
2026-10-07T07:59:38.950+02:00 play 'Rock Antenne' host 69632 und 5640192 readCount 2284
2026-10-07T07:59:39.950+02:00 play 'Rock Antenne' host 69632 und 5640192 readCount 2284
2026-10-07T07:59:40.950+02:00 play 'Rock Antenne' host 69632 und 5640192 readCount 2284
2026-10-07T07:59:41.950+02:00 play 'Rock Antenne' host 69632 und 5640192 readCount 2284
2026-10-07T07:59:42.950+02:00 play 'Rock Antenne' host 69632 und 5640192 readCount 2284
2026-10-07T07:59:43.951+02:00 play 'Rock Antenne' host 69632 und 5640192 readCount 2284
2026-10-07T07:59:44.951+02:00 play 'Rock Antenne' host 69632 und 5640192 readCount 2284
2026-10-07T07:59:45.951+02:00 play 'Rock Antenne' host 69632 und 5640192 readCount 2284
2026-10-07T07:59:46.951+02:00 play 'Rock Antenne' host 69632 und 5640192 readCount 2284
2026-10-07T07:59:47.951+02:00 play 'Rock Antenne' host 69632 und 5640192 readCount 2284
2026-10-07T07:59:48.951+02:00 play 'Rock Antenne' host 69632 und 5640192 readCount 2284
2026-10-07T07:59:49.951+02:00 play 'Rock Antenne' host 69632 und 5640192 readCount 2284
2026-10-07T07:59:50.952+02:00 play 'Rock Antenne' host 69632 und 5640192 readCount 2284
2026-10-07T07:59:51.952+02:00 play 'Rock Antenne' host 69632 und 5640192 readCount 2284
2026-10-07T07:59:52.952+02:00 play 'Rock Antenne' host 69632 und 5640192 readCount 2284
2026-10-07T07:59:53.952+02:00 ERR <urlopen error timed out>
2026-10-07T07:59:57.956+02:00 play '-' host 0 und 0 readCount 0
2026-10-07T07:59:58.956+02:00 play '-' host 0 und 0 readCount 0
2026-10-07T07:59:59.956+02:00 play '-' host 0 und 0 readCount 0
2026-10-07T08:00:00.957+02:00 ERR <urlopen error timed out>
2026-10-07T08:00:04.960+02:00 ERR <urlopen error timed out>
2026-10-07T08:00:08.965+02:00 ERR <urlopen error timed out>
2026-10-07T08:00:12.969+02:00 ERR <urlopen error timed out>
2026-10-07T08:00:16.973+02:00 ERR <urlopen error timed out>
2026-10-07T08:00:20.977+02:00 ERR <urlopen error timed out>
2026-10-07T08:00:24.982+02:00 ERR <urlopen error timed out>
2026-10-07T08:00:28.986+02:00 ERR <urlopen error timed out>
2026-10-07T08:00:32.991+02:00 ERR <urlopen error timed out>
2026-10-07T08:00:36.995+02:00 ERR <urlopen error [Errno 113] No route to host>
2026-10-07T08:00:40.080+02:00 ERR <urlopen error [Errno 113] No route to host>
2026-10-07T08:00:43.151+02:00 ERR <urlopen error [Errno 113] No route to host>
2026-10-07T08:00:46.223+02:00 ERR <urlopen error [Errno 113] No route to host>
2026-10-07T08:00:49.295+02:00 ERR <urlopen error [Errno 113] No route to host>
2026-10-07T08:00:52.368+02:00 ERR <urlopen error [Errno 113] No route to host>
2026-10-07T08:00:55.439+02:00 ERR <urlopen error [Errno 113] No route to host>
2026-10-07T08:00:58.512+02:00 ERR <urlopen error [Errno 113] No route to host>
2026-10-07T08:01:01.584+02:00 ERR <urlopen error [Errno 113] No route to host>
2026-10-07T08:01:04.655+02:00 ERR <urlopen error [Errno 113] No route to host>
2026-10-07T08:01:07.728+02:00 ERR <urlopen error [Errno 113] No route to host>
2026-10-07T08:01:10.799+02:00 ERR <urlopen error [Errno 113] No route to host>
2026-10-07T08:01:13.872+02:00 ERR <urlopen error [Errno 113] No route to host>
2026-10-07T08:01:16.944+02:00 ERR <urlopen error [Errno 113] No route to host>
2026-10-07T08:01:20.019+02:00 ERR <urlopen error [Errno 113] No route to host>
2026-10-07T08:01:23.087+02:00 ERR <urlopen error [Errno 113] No route to host>
2026-10-07T08:01:26.159+02:00 ERR <urlopen error [Errno 113] No route to host>
2026-10-07T08:01:29.231+02:00 ERR <urlopen error [Errno 113] No route to host>
2026-10-07T08:01:32.303+02:00 ERR <urlopen error [Errno 113] No route to host>
DONE n=521 out=/home/martin/projects/pidrive/docs/betrieb/artifacts-2026-10-07-feld/feld-s1-morgen/status-poll.jsonl
