[msc-lock] USB_SESSION_START → sealing (next menu_set freezes map)
[msc-lock] enabled=True seed_plugged=True
[tx] {"t":"hello","ver":1}
[rx] {"t":"hello_ack","ver":"0.4.45-dev","fw":"pidrive","slots":4,"page":true,"audio":true,"bin":true,"tcp":true,"tcpPort":9090}
[hello_ack] ver=0.4.45-dev slots=4 page=True tcp=True
[tx] {"t":"audio_stop"}
[bridge] tcp:192.168.178.88:9090 audio=off paging=on
[tx] {"t":"ping"}
[tx] {"t":"menu_set","rev":8200,"page":0,"items":[{"uid":"14037496848256783396","name":"Favoriten","kind":"folder"},{"uid":"1628800432581751424","name":"Quellen","kind":"folder"},{"uid":"7194960129032930190","name":"Stop","kind":"action"},{"uid":"pump:page_next","name":"Mehr... (+3)","kind":"action"}]}
[msc-lock] sealing publish (seal)
[rx] {"t":"audio_ack","ok":true,"op":"stop"}
[audio_ack] {'t': 'audio_ack', 'ok': True, 'op': 'stop'}
[rx] {"t":"pong"}
[rx] {"t":"menu_ack","ok":true,"n":4,"rev":8200}
[menu_ack] ok=True n=4 rev=8200
[msc-lock] MSC_MAP_FROZEN [Favoriten,Quellen,Stop,Mehr... (+3)]
[rx] {"t":"event","op":"diag","code":"msc.quiet","detail":"file=237568B age=181193ms"}
[msc] msc.quiet file=237568B age=181193ms
[msc-lock] frozen_reject want=[Rock Antenne,Rock Antenne Bayern,Radio BOB!,Menue] have=[Favoriten,Quellen,Stop,Mehr... (+3)] (n=1)
[tx] {"t":"ping"}
[rx] {"t":"pong"}
[tx] {"t":"ping"}
[rx] {"t":"pong"}
[tx] {"t":"ping"}
[rx] {"t":"pong"}
[msc-lock] frozen_reject want=[Rock Antenne,Rock Antenne Bayern,Radio BOB!,Menue] have=[Favoriten,Quellen,Stop,Mehr... (+3)] (n=13)
[tx] {"t":"ping"}
[rx] {"t":"pong"}
[tx] {"t":"ping"}
[msc-lock] frozen_reject want=[Rock Antenne,Rock Antenne Bayern,Radio BOB!,Menue] have=[Favoriten,Quellen,Stop,Mehr... (+3)] (n=24)
[bridge] link lost ([Errno 32] Broken pipe) — reconnect in 3.0s
[tx] {"t":"hello","ver":1}
[rx] {"t":"hello_ack","ver":"0.4.45-dev","fw":"pidrive","slots":4,"page":true,"audio":true,"bin":true,"tcp":true,"tcpPort":9090}
[hello_ack] ver=0.4.45-dev slots=4 page=True tcp=True
[tx] {"t":"menu_set","rev":8200,"page":0,"items":[{"uid":"14037496848256783396","name":"Favoriten","kind":"folder"},{"uid":"1628800432581751424","name":"Quellen","kind":"folder"},{"uid":"7194960129032930190","name":"Stop","kind":"action"},{"uid":"pump:page_next","name":"Mehr... (+3)","kind":"action"}]}
[bridge] reconnected tcp:192.168.178.88:9090 hello_ack=ok (menu snapshot resent rev=8200 grace=8)
[tx] {"t":"ping"}
[rx] {"t":"menu_ack","ok":true,"n":4,"rev":8200}
[menu_ack] ok=True n=4 rev=8200
[rx] {"t":"pong"}
[msc-lock] frozen_reject want=[Rock Antenne,Rock Antenne Bayern,Radio BOB!,Menue] have=[Favoriten,Quellen,Stop,Mehr... (+3)] (n=25)
[tx] {"t":"ping"}
[rx] {"t":"pong"}
[tx] {"t":"ping"}
[rx] {"t":"pong"}
[tx] {"t":"ping"}
[rx] {"t":"pong"}
[msc-lock] frozen_reject want=[Rock Antenne,Rock Antenne Bayern,Radio BOB!,Menue] have=[Favoriten,Quellen,Stop,Mehr... (+3)] (n=37)
[tx] {"t":"ping"}
[rx] {"t":"pong"}
[tx] {"t":"ping"}
