[audio] target_bps=9000 bitrate=48k marker=False
[msc-lock] enabled=False seed_plugged=True
[tx] {"t":"hello","ver":1}
[rx] {"t":"hello_ack","ver":"0.4.46-dev","fw":"pidrive","slots":4,"page":true,"audio":true,"bin":true,"tcp":true,"tcpPort":9090}
[hello_ack] ver=0.4.46-dev slots=4 page=True tcp=True
[tx] {"t":"audio_stop"}
[bridge] tcp:192.168.178.88:9090 audio=48k paging=on
[tx] {"t":"ping"}
[tx] {"t":"menu_set","rev":9101,"page":0,"items":[{"uid":"fav0","name":"Calib L1","kind":"station"},{"uid":"fav1","name":"Rock Antenne","kind":"station"},{"uid":"fav2","name":"Radio BOB!","kind":"station"}]}
[rx] {"t":"event","op":"play_uid","uid":"pump:stop"}
[trace] t=0ms play_uid=pump:stop
[audio] stop (SoftAP/Remote)
[rx] {"t":"audio_ack","ok":true,"op":"stop"}
[audio_ack] {'t': 'audio_ack', 'ok': True, 'op': 'stop'}
[rx] {"t":"pong"}
[rx] {"t":"menu_ack","ok":true,"n":3,"rev":9101}
[menu_ack] ok=True n=3 rev=9101
[tx] {"t":"ping"}
[rx] {"t":"pong"}
[rx] {"t":"event","op":"play_uid","uid":"fav0"}
[trace] t=0ms play_uid=fav0
[trace] t=50ms audio.start fav fav0
[id3] cover DEFAULT /home/martin/projects/pidrive/assets/usb-msc-covers/default.jpg (2018 B)
[tx] {"t":"audio_start","uid":"fav0","codec":"mp3","br":"48k","cSrc":"default","cPath":"default.jpg","cTry":"stations/l1.jpg|stations/calib_l1.jpg"}
[trace] audio_start sent uid=fav0 cover=default
[id3] skip: python3-mutagen missing
[audio] ffmpeg /home/martin/projects/pidrive/docs/betrieb/artifacts-2026-10-03-m3/mp3/L1.mp3 @ 48k target_bps=9000
[rx] {"t":"audio_ack","ok":true,"op":"start","uid":"fav0","id3":true,"warmup":0}
[audio_ack] {'t': 'audio_ack', 'ok': True, 'op': 'start', 'uid': 'fav0', 'id3': True, 'warmup': 0}
[audio] ffmpeg exit 8
[tx] {"t":"ping"}
[rx] {"t":"pong"}
[tx] {"t":"ping"}
[rx] {"t":"pong"}
[tx] {"t":"ping"}
[rx] {"t":"pong"}
[tx] {"t":"ping"}
[rx] {"t":"pong"}
[tx] {"t":"ping"}
[rx] {"t":"pong"}
[tx] {"t":"ping"}
[rx] {"t":"pong"}
[tx] {"t":"ping"}
[rx] {"t":"pong"}
[tx] {"t":"ping"}
[rx] {"t":"pong"}
[tx] {"t":"ping"}
[rx] {"t":"pong"}
[tx] {"t":"ping"}
[rx] {"t":"pong"}
[tx] {"t":"ping"}
[rx] {"t":"pong"}
[tx] {"t":"ping"}
[rx] {"t":"pong"}
[tx] {"t":"ping"}
[rx] {"t":"pong"}
[tx] {"t":"ping"}
[rx] {"t":"pong"}
[tx] {"t":"ping"}
[rx] {"t":"pong"}
[tx] {"t":"ping"}
[rx] {"t":"pong"}
[rx] {"t":"event","op":"play_uid","uid":"pump:stop"}
[trace] t=0ms play_uid=pump:stop
[tx] {"t":"audio_stop"}
[audio] stop (SoftAP/Remote)
[rx] {"t":"audio_ack","ok":true,"op":"stop"}
[audio_ack] {'t': 'audio_ack', 'ok': True, 'op': 'stop'}
[tx] {"t":"ping"}
[rx] {"t":"pong"}
[rx] {"t":"event","op":"play_uid","uid":"fav1"}
[trace] t=0ms play_uid=fav1
[trace] t=50ms audio.start fav fav1
[id3] cover DEFAULT /home/martin/projects/pidrive/assets/usb-msc-covers/default.jpg (2018 B)
[tx] {"t":"audio_start","uid":"fav1","codec":"mp3","br":"48k","cSrc":"default","cPath":"default.jpg","cTry":"stations/rock.jpg|stations/rock_antenne.jpg"}
[trace] audio_start sent uid=fav1 cover=default
[id3] skip: python3-mutagen missing
[audio] ffmpeg https://stream.rockantenne.de/rockantenne/stream/mp3 @ 48k target_bps=9000
[rx] {"t":"audio_ack","ok":true,"op":"start","uid":"fav1","id3":true,"warmup":0}
[audio_ack] {'t': 'audio_ack', 'ok': True, 'op': 'start', 'uid': 'fav1', 'id3': True, 'warmup': 0}
[audio] forwarded 23120 B / 2s
[audio] forwarded 16976 B / 2s
[audio] forwarded 16976 B / 2s
[audio] forwarded 16976 B / 2s
[audio] forwarded 16976 B / 2s
[audio] forwarded 16976 B / 2s
[audio] forwarded 18000 B / 2s
[audio] forwarded 18000 B / 2s
[audio] forwarded 18000 B / 2s
[audio] forwarded 18000 B / 2s
[audio] forwarded 18000 B / 2s
[audio] forwarded 18000 B / 2s
[audio] forwarded 18000 B / 2s
[audio] forwarded 18000 B / 2s
[audio] forwarded 18000 B / 2s
[audio] forwarded 17192 B / 2s
[audio] forwarded 16976 B / 2s
[audio] forwarded 16976 B / 2s
[audio] forwarded 16976 B / 2s
[audio] forwarded 16976 B / 2s
[audio] forwarded 16976 B / 2s
[audio] forwarded 16976 B / 2s
[audio] forwarded 16976 B / 2s
[audio] forwarded 16976 B / 2s
[audio] forwarded 18000 B / 2s
[audio] forwarded 18000 B / 2s
[audio] forwarded 18000 B / 2s
[audio] forwarded 18000 B / 2s
[audio] forwarded 18000 B / 2s
[audio] forwarded 18000 B / 2s
[audio] forwarded 9189 B / 2s
[audio] forwarded 12226 B / 2s
[audio] forwarded 17711 B / 2s
[audio] forwarded 12225 B / 2s
[audio] forwarded 13406 B / 2s
[audio] forwarded 4305 B / 2s
[audio] forwarded 12225 B / 2s
[audio] forwarded 17711 B / 2s
[audio] forwarded 12226 B / 2s
[audio] forwarded 16478 B / 2s
[audio] forwarded 4305 B / 2s
[audio] forwarded 12225 B / 2s
[audio] forwarded 14639 B / 2s
[audio] forwarded 12382 B / 2s
[audio] forwarded 15144 B / 2s
[audio] forwarded 7530 B / 2s
[audio] forwarded 12382 B / 2s
[audio] forwarded 12905 B / 2s
[audio] forwarded 12225 B / 2s
[audio] forwarded 15144 B / 2s
[audio] forwarded 10759 B / 2s
[audio] forwarded 12225 B / 2s
[audio] forwarded 9519 B / 2s
[audio] forwarded 12226 B / 2s
[audio] forwarded 17711 B / 2s
[audio] forwarded 10024 B / 2s
[audio] forwarded 12382 B / 2s
[audio] forwarded 7530 B / 2s
[audio] forwarded 12382 B / 2s
[audio] forwarded 17554 B / 2s
[audio] forwarded 10024 B / 2s
[audio] forwarded 12382 B / 2s
[audio] forwarded 7531 B / 2s
[audio] forwarded 12382 B / 2s
