{
  "REPLUG": {
    "pass": true,
    "uid": "fav2",
    "cmd_kib": 4,
    "commands": 128,
    "bytes": 524288,
    "read_ms": 838.8,
    "head_ms": 19.34,
    "head_pause_ms": 19.0,
    "field_read_ms": [
      651,
      665
    ],
    "rate_kBps": 625.0,
    "sg_ms_per_4k": {
      "p5": 5.0,
      "p50": 5.0,
      "p95": 6.0,
      "p99": 19.0,
      "min": 5.0,
      "max": 24.0,
      "n": 128
    },
    "ring_pre": 49152,
    "ring_full_pre": true,
    "producer_bytes": 79104,
    "producer_err": null,
    "class_counts": {
      "ID3": 1,
      "LIVE": 13,
      "SILENCE": 114
    },
    "ear": {
      "live_bytes": 53248,
      "consumed": 0,
      "events": {
        "silence_in_play": 114
      },
      "event_list": [
        {
          "t": 2000297.161689496,
          "kind": "silence_in_play"
        },
        {
          "t": 2000297.167620484,
          "kind": "silence_in_play"
        },
        {
          "t": 2000297.173853623,
          "kind": "silence_in_play"
        },
        {
          "t": 2000297.179985069,
          "kind": "silence_in_play"
        },
        {
          "t": 2000297.185960111,
          "kind": "silence_in_play"
        },
        {
          "t": 2000297.191926135,
          "kind": "silence_in_play"
        },
        {
          "t": 2000297.197802219,
          "kind": "silence_in_play"
        },
        {
          "t": 2000297.203643708,
          "kind": "silence_in_play"
        },
        {
          "t": 2000297.209471852,
          "kind": "silence_in_play"
        },
        {
          "t": 2000297.21565188,
          "kind": "silence_in_play"
        },
        {
          "t": 2000297.221844903,
          "kind": "silence_in_play"
        },
        {
          "t": 2000297.227851284,
          "kind": "silence_in_play"
        },
        {
          "t": 2000297.233808532,
          "kind": "silence_in_play"
        },
        {
          "t": 2000297.239636896,
          "kind": "silence_in_play"
        },
        {
          "t": 2000297.245409925,
          "kind": "silence_in_play"
        },
        {
          "t": 2000297.251176673,
          "kind": "silence_in_play"
        },
        {
          "t": 2000297.257405584,
          "kind": "silence_in_play"
        },
        {
          "t": 2000297.263445047,
          "kind": "silence_in_play"
        },
        {
          "t": 2000297.26974408,
          "kind": "silence_in_play"
        },
        {
          "t": 2000297.276081085,
          "kind": "silence_in_play"
        },
        {
          "t": 2000297.282275812,
          "kind": "silence_in_play"
        },
        {
          "t": 2000297.288371852,
          "kind": "silence_in_play"
        },
        {
          "t": 2000297.294703877,
          "kind": "silence_in_play"
        },
        {
          "t": 2000297.301638893,
          "kind": "silence_in_play"
        },
        {
          "t": 2000297.307830674,
          "kind": "silence_in_play"
        },
        {
          "t": 2000297.313828298,
          "kind": "silence_in_play"
        },
        {
          "t": 2000297.319741953,
          "kind": "silence_in_play"
        },
        {
          "t": 2000297.32614846,
          "kind": "silence_in_play"
        },
        {
          "t": 2000297.332318339,
          "kind": "silence_in_play"
        },
        {
          "t": 2000297.338088734,
          "kind": "silence_in_play"
        },
        {
          "t": 2000297.344232654,
          "kind": "silence_in_play"
        },
        {
          "t": 2000297.350467206,
          "kind": "silence_in_play"
        },
        {
          "t": 2000297.356543909,
          "kind": "silence_in_play"
        },
        {
          "t": 2000297.362562142,
          "kind": "silence_in_play"
        },
        {
          "t": 2000297.368778048,
          "kind": "silence_in_play"
        },
        {
          "t": 2000297.375383641,
          "kind": "silence_in_play"
        },
        {
          "t": 2000297.381389591,
          "kind": "silence_in_play"
        },
        {
          "t": 2000297.387618211,
          "kind": "silence_in_play"
        },
        {
          "t": 2000297.393982318,
          "kind": "silence_in_play"
        },
        {
          "t": 2000297.399986264,
          "kind": "silence_in_play"
        },
        {
          "t": 2000297.405979048,
          "kind": "silence_in_play"
        },
        {
          "t": 2000297.412136895,
          "kind": "silence_in_play"
        },
        {
          "t": 2000297.418141873,
          "kind": "silence_in_play"
        },
        {
          "t": 2000297.42406712,
          "kind": "silence_in_play"
        },
        {
          "t": 2000297.430227301,
          "kind": "silence_in_play"
        },
        {
          "t": 2000297.436335865,
          "kind": "silence_in_play"
        },
        {
          "t": 2000297.442380948,
          "kind": "silence_in_play"
        },
        {
          "t": 2000297.448483721,
          "kind": "silence_in_play"
        },
        {
          "t": 2000297.45444733,
          "kind": "silence_in_play"
        },
        {
          "t": 2000297.460402885,
          "kind": "silence_in_play"
        }
      ]
    },
    "id3Len_dump": 3300,
    "id3Len_fw": 3300,
    "live_span": {
      "stamps": 197,
      "seq_gaps": 0,
      "file_first": 3300,
      "file_end": 53732,
      "seq_first": 87,
      "seq_last": 283,
      "abs_first": 22272,
      "abs_end": 72704
    },
    "live_bytes_file": 50432,
    "live_s_at_48k": 8.41,
    "undDelta": 470556,
    "expect_undDelta": 470556,
    "field_undDelta": [
      470616,
      471640
    ],
    "hostAbs_after": 543260,
    "absEnd_pre": 71424,
    "absEnd_post": 78592,
    "abs_cross_fw": 72704,
    "abs_cross_pdsq": 72704,
    "und_ok": true,
    "identity_diff": 0,
    "identity_ok": true,
    "cross_in_window": true,
    "complete_ok": true,
    "timing_ok": true
  }
}
OUT /home/martin/projects/pidrive/docs/betrieb/artifacts-2026-10-08-lab/lab-abend-nach-s4-1837/r01 overall=PASS
