{
  "REPLUG": {
    "pass": true,
    "uid": "fav2",
    "cmd_kib": 4,
    "commands": 128,
    "bytes": 524288,
    "read_ms": 837.3,
    "head_ms": 18.82,
    "head_pause_ms": 19.0,
    "field_read_ms": [
      651,
      665
    ],
    "rate_kBps": 626.2,
    "sg_ms_per_4k": {
      "p5": 5.0,
      "p50": 5.0,
      "p95": 6.0,
      "p99": 19.0,
      "min": 5.0,
      "max": 19.0,
      "n": 128
    },
    "ring_pre": 49152,
    "ring_full_pre": true,
    "producer_bytes": 79872,
    "producer_err": null,
    "class_counts": {
      "ID3": 1,
      "LIVE": 12,
      "SILENCE": 115
    },
    "ear": {
      "live_bytes": 49152,
      "consumed": 0,
      "events": {
        "silence_in_play": 115
      },
      "event_list": [
        {
          "t": 2000347.299942879,
          "kind": "silence_in_play"
        },
        {
          "t": 2000347.306325811,
          "kind": "silence_in_play"
        },
        {
          "t": 2000347.312655021,
          "kind": "silence_in_play"
        },
        {
          "t": 2000347.318682662,
          "kind": "silence_in_play"
        },
        {
          "t": 2000347.324659747,
          "kind": "silence_in_play"
        },
        {
          "t": 2000347.330652251,
          "kind": "silence_in_play"
        },
        {
          "t": 2000347.336792124,
          "kind": "silence_in_play"
        },
        {
          "t": 2000347.343026596,
          "kind": "silence_in_play"
        },
        {
          "t": 2000347.349456587,
          "kind": "silence_in_play"
        },
        {
          "t": 2000347.355886517,
          "kind": "silence_in_play"
        },
        {
          "t": 2000347.362117783,
          "kind": "silence_in_play"
        },
        {
          "t": 2000347.368186401,
          "kind": "silence_in_play"
        },
        {
          "t": 2000347.374036346,
          "kind": "silence_in_play"
        },
        {
          "t": 2000347.379771975,
          "kind": "silence_in_play"
        },
        {
          "t": 2000347.385702842,
          "kind": "silence_in_play"
        },
        {
          "t": 2000347.391774396,
          "kind": "silence_in_play"
        },
        {
          "t": 2000347.397729189,
          "kind": "silence_in_play"
        },
        {
          "t": 2000347.403871867,
          "kind": "silence_in_play"
        },
        {
          "t": 2000347.409908966,
          "kind": "silence_in_play"
        },
        {
          "t": 2000347.415649283,
          "kind": "silence_in_play"
        },
        {
          "t": 2000347.421813081,
          "kind": "silence_in_play"
        },
        {
          "t": 2000347.427664739,
          "kind": "silence_in_play"
        },
        {
          "t": 2000347.434578915,
          "kind": "silence_in_play"
        },
        {
          "t": 2000347.440706926,
          "kind": "silence_in_play"
        },
        {
          "t": 2000347.446678731,
          "kind": "silence_in_play"
        },
        {
          "t": 2000347.452589681,
          "kind": "silence_in_play"
        },
        {
          "t": 2000347.458363322,
          "kind": "silence_in_play"
        },
        {
          "t": 2000347.464143515,
          "kind": "silence_in_play"
        },
        {
          "t": 2000347.469917636,
          "kind": "silence_in_play"
        },
        {
          "t": 2000347.476264099,
          "kind": "silence_in_play"
        },
        {
          "t": 2000347.483268325,
          "kind": "silence_in_play"
        },
        {
          "t": 2000347.489360769,
          "kind": "silence_in_play"
        },
        {
          "t": 2000347.495631348,
          "kind": "silence_in_play"
        },
        {
          "t": 2000347.50153276,
          "kind": "silence_in_play"
        },
        {
          "t": 2000347.50754898,
          "kind": "silence_in_play"
        },
        {
          "t": 2000347.513443709,
          "kind": "silence_in_play"
        },
        {
          "t": 2000347.519475978,
          "kind": "silence_in_play"
        },
        {
          "t": 2000347.52573142,
          "kind": "silence_in_play"
        },
        {
          "t": 2000347.532127617,
          "kind": "silence_in_play"
        },
        {
          "t": 2000347.538614375,
          "kind": "silence_in_play"
        },
        {
          "t": 2000347.544428041,
          "kind": "silence_in_play"
        },
        {
          "t": 2000347.550212322,
          "kind": "silence_in_play"
        },
        {
          "t": 2000347.55607454,
          "kind": "silence_in_play"
        },
        {
          "t": 2000347.562193864,
          "kind": "silence_in_play"
        },
        {
          "t": 2000347.568410752,
          "kind": "silence_in_play"
        },
        {
          "t": 2000347.574422042,
          "kind": "silence_in_play"
        },
        {
          "t": 2000347.580461946,
          "kind": "silence_in_play"
        },
        {
          "t": 2000347.586672853,
          "kind": "silence_in_play"
        },
        {
          "t": 2000347.592816132,
          "kind": "silence_in_play"
        },
        {
          "t": 2000347.599102932,
          "kind": "silence_in_play"
        }
      ]
    },
    "id3Len_dump": 3300,
    "id3Len_fw": 3300,
    "live_span": {
      "stamps": 195,
      "seq_gaps": 0,
      "file_first": 3300,
      "file_end": 53220,
      "seq_first": 90,
      "seq_last": 284,
      "abs_first": 23040,
      "abs_end": 72960
    },
    "live_bytes_file": 49920,
    "live_s_at_48k": 8.32,
    "undDelta": 471068,
    "expect_undDelta": 471068,
    "field_undDelta": [
      470616,
      471640
    ],
    "hostAbs_after": 544028,
    "absEnd_pre": 72192,
    "absEnd_post": 79616,
    "abs_cross_fw": 72960,
    "abs_cross_pdsq": 72960,
    "und_ok": true,
    "identity_diff": 0,
    "identity_ok": true,
    "cross_in_window": true,
    "complete_ok": true,
    "timing_ok": true
  }
}
OUT /home/martin/projects/pidrive/docs/betrieb/artifacts-2026-10-08-lab/lab-abend-nach-s4-1837/r02 overall=PASS
