start 2026-10-04T16:54:40+02:00
16:54:40 reads_B=0 diag_B=0 cold=0
0 guess=0
0
16:54:42 reads_B=0 diag_B=0 cold=0
0 guess=0
0
16:54:44 reads_B=0 diag_B=0 cold=0
0 guess=0
0
16:54:46 reads_B=0 diag_B=0 cold=0
0 guess=0
0
16:54:48 reads_B=0 diag_B=0 cold=0
0 guess=0
0
16:54:50 reads_B=0 diag_B=0 cold=0
0 guess=0
0
16:54:52 reads_B=0 diag_B=0 cold=0
0 guess=0
0
16:54:54 reads_B=0 diag_B=0 cold=0
0 guess=0
0
16:54:56 reads_B=0 diag_B=0 cold=0
0 guess=0
0
16:54:58 reads_B=0 diag_B=0 cold=0
0 guess=0
0
16:55:00 reads_B=0 diag_B=0 cold=0
0 guess=0
0
16:55:02 reads_B=0 diag_B=0 cold=0
0 guess=0
0
16:55:04 reads_B=0 diag_B=0 cold=0
0 guess=0
0
16:55:06 reads_B=0 diag_B=0 cold=0
0 guess=0
0
16:55:08 reads_B=0 diag_B=0 cold=0
0 guess=0
0
16:55:10 reads_B=0 diag_B=0 cold=0
0 guess=0
0
16:55:12 reads_B=0 diag_B=0 cold=0
0 guess=0
0
16:55:14 reads_B=0 diag_B=0 cold=0
0 guess=0
0
16:55:16 reads_B=0 diag_B=0 cold=0
0 guess=0
0
16:55:18 reads_B=0 diag_B=0 cold=0
0 guess=0
0
16:55:20 reads_B=0 diag_B=0 cold=0
0 guess=0
0
16:55:22 reads_B=0 diag_B=0 cold=0
0 guess=0
0
16:55:24 reads_B=0 diag_B=0 cold=0
0 guess=0
0
16:55:26 reads_B=0 diag_B=0 cold=0
0 guess=0
0
16:55:28 reads_B=0 diag_B=0 cold=0
0 guess=0
0
16:55:30 reads_B=0 diag_B=0 cold=0
0 guess=0
0
16:55:32 reads_B=0 diag_B=0 cold=0
0 guess=0
0
16:55:34 reads_B=0 diag_B=0 cold=0
0 guess=0
0
16:55:36 reads_B=0 diag_B=0 cold=0
0 guess=0
0
16:55:38 reads_B=0 diag_B=0 cold=0
0 guess=0
0
16:55:41 reads_B=0 diag_B=0 cold=0
0 guess=0
0
16:55:43 reads_B=0 diag_B=0 cold=0
0 guess=0
0
16:55:45 reads_B=448 diag_B=117 cold=0
0 guess=0
0
16:55:47 reads_B=8099 diag_B=760 cold=1 guess=0
0
16:55:49 reads_B=18496 diag_B=1247 cold=2 guess=0
0
16:55:51 reads_B=21694 diag_B=1368 cold=2 guess=0
0
16:55:53 reads_B=24900 diag_B=1615 cold=3 guess=0
0
16:55:55 reads_B=25474 diag_B=1615 cold=3 guess=0
0
16:55:57 reads_B=28306 diag_B=2354 cold=4 guess=0
0
16:55:59 reads_B=28306 diag_B=2354 cold=4 guess=0
0
16:56:01 reads_B=28306 diag_B=2354 cold=4 guess=0
0
16:56:03 reads_B=28306 diag_B=2354 cold=4 guess=0
0
16:56:05 reads_B=28306 diag_B=2354 cold=4 guess=0
0
16:56:07 reads_B=28306 diag_B=2354 cold=4 guess=0
0
16:56:09 reads_B=28306 diag_B=2354 cold=4 guess=0
0
16:56:11 reads_B=28306 diag_B=2354 cold=4 guess=0
0
16:56:13 reads_B=28306 diag_B=2354 cold=4 guess=0
0
16:56:15 reads_B=28306 diag_B=2354 cold=4 guess=0
0
16:56:17 reads_B=28306 diag_B=2354 cold=4 guess=0
0
16:56:19 reads_B=28306 diag_B=2354 cold=4 guess=0
0
16:56:21 reads_B=28306 diag_B=2354 cold=4 guess=0
0
16:56:23 reads_B=28306 diag_B=2354 cold=4 guess=0
0
16:56:25 reads_B=28306 diag_B=2354 cold=4 guess=0
0
16:56:27 reads_B=28306 diag_B=2354 cold=4 guess=0
0
16:56:29 reads_B=28306 diag_B=2354 cold=4 guess=0
0
16:56:31 reads_B=28306 diag_B=2354 cold=4 guess=0
0
