=== c3-sz16384 → docs/betrieb/artifacts-2026-10-07-lab/lab88-c3-sz16384-1245 ===
{
  "BENCH": {
    "pass": true,
    "sizes": {
      "16384": {
        "reads": 500,
        "bytes": 8192000,
        "dt_s": 9.577,
        "reads_per_s": 52.2,
        "MBps": 0.855,
        "ms_per_4k": 4.788,
        "esp_readCount_delta": 2000,
        "offline": false,
        "period_ms": null,
        "gap_ms": 0.0,
        "sg_duration_ms": {
          "p5": 15.0,
          "p50": 16.0,
          "p95": 17.0,
          "p99": 49.0,
          "min": 15.0,
          "max": 77.0,
          "n": 500
        },
        "wall_ms": {
          "p5": 15.559,
          "p50": 15.911,
          "p95": 17.097,
          "p99": 48.811,
          "min": 15.462,
          "max": 76.616,
          "n": 500
        },
        "start_to_start_ms": {
          "p5": 17.599,
          "p50": 18.238,
          "p95": 19.684,
          "p99": 50.904,
          "min": 17.176,
          "max": 78.696,
          "n": 499
        }
      }
    },
    "c1_reads_per_s": null,
    "offline": false,
    "incomplete": false
  }
}
OUT docs/betrieb/artifacts-2026-10-07-lab/lab88-c3-sz16384-1245 overall=PASS
DONE c3-sz16384 exit=0
