[audio] target_bps=6000 bitrate=48k marker=True marker_period=1 re_local=False
[msc-lock] USB_SESSION_START → sealing (next menu_set freezes map)
[msc-lock] enabled=True seed_plugged=True
[tx] {"t":"hello","ver":1}
[rx] {"t":"hello_ack","ver":"0.4.46-dev","fw":"pidrive","slots":4,"page":true,"audio":true,"bin":true,"tcp":true,"tcpPort":9090}
[hello_ack] ver=0.4.46-dev slots=4 page=True tcp=True
[tx] {"t":"audio_stop"}
[bridge] tcp:192.168.178.88:9090 audio=48k paging=on
[tx] {"t":"ping"}
[tx] {"t":"menu_set","rev":9301,"page":0,"items":[{"uid":"fav0","name":"Rock Antenne","kind":"station"},{"uid":"fav1","name":"Rock Antenne Bayern","kind":"station"},{"uid":"fav2","name":"Radio BOB!","kind":"station"}]}
[msc-lock] sealing publish (seal)
[rx] {"t":"event","op":"play_uid","uid":"pump:stop"}
[trace] t=0ms play_uid=pump:stop
[audio] stop (SoftAP/Remote)
[rx] {"t":"audio_ack","ok":true,"op":"stop"}
[audio_ack] {'t': 'audio_ack', 'ok': True, 'op': 'stop'}
[rx] {"t":"pong"}
[rx] {"t":"menu_ack","ok":true,"n":3,"rev":9301}
[menu_ack] ok=True n=3 rev=9301
[msc-lock] MSC_MAP_FROZEN [Rock Antenne,Rock Antenne Bayern,Radio BOB!]
[tx] {"t":"ping"}
[rx] {"t":"pong"}
[tx] {"t":"ping"}
[rx] {"t":"pong"}
[tx] {"t":"ping"}
[rx] {"t":"pong"}
[tx] {"t":"ping"}
[rx] {"t":"pong"}
[tx] {"t":"ping"}
[rx] {"t":"pong"}
[tx] {"t":"ping"}
[rx] {"t":"pong"}
[tx] {"t":"ping"}
[rx] {"t":"pong"}
[tx] {"t":"ping"}
[rx] {"t":"pong"}
[tx] {"t":"ping"}
[rx] {"t":"pong"}
[tx] {"t":"ping"}
[rx] {"t":"pong"}
[tx] {"t":"ping"}
[rx] {"t":"pong"}
[tx] {"t":"ping"}
[rx] {"t":"pong"}
[tx] {"t":"ping"}
[rx] {"t":"pong"}
[tx] {"t":"ping"}
[rx] {"t":"pong"}
[tx] {"t":"ping"}
[rx] {"t":"pong"}
[tx] {"t":"ping"}
[rx] {"t":"pong"}
[tx] {"t":"ping"}
[rx] {"t":"pong"}
[tx] {"t":"ping"}
[rx] {"t":"pong"}
[tx] {"t":"ping"}
[rx] {"t":"pong"}
[tx] {"t":"ping"}
[rx] {"t":"pong"}
[tx] {"t":"ping"}
[rx] {"t":"pong"}
[tx] {"t":"ping"}
[rx] {"t":"pong"}
[tx] {"t":"ping"}
[rx] {"t":"pong"}
[tx] {"t":"ping"}
[rx] {"t":"pong"}
[tx] {"t":"ping"}
[rx] {"t":"pong"}
[tx] {"t":"ping"}
[rx] {"t":"pong"}
[tx] {"t":"ping"}
[rx] {"t":"pong"}
[tx] {"t":"ping"}
[rx] {"t":"pong"}
[tx] {"t":"ping"}
[rx] {"t":"pong"}
[tx] {"t":"ping"}
[rx] {"t":"pong"}
[tx] {"t":"ping"}
[rx] {"t":"pong"}
[tx] {"t":"ping"}
[rx] {"t":"pong"}
[tx] {"t":"ping"}
[rx] {"t":"pong"}
[tx] {"t":"ping"}
[rx] {"t":"pong"}
[tx] {"t":"ping"}
[rx] {"t":"pong"}
[tx] {"t":"ping"}
[rx] {"t":"pong"}
[tx] {"t":"ping"}
[rx] {"t":"pong"}
[tx] {"t":"ping"}
[rx] {"t":"pong"}
[tx] {"t":"ping"}
[rx] {"t":"pong"}
[tx] {"t":"ping"}
[rx] {"t":"pong"}
[tx] {"t":"ping"}
[rx] {"t":"pong"}
[tx] {"t":"ping"}
[rx] {"t":"pong"}
[tx] {"t":"ping"}
[rx] {"t":"pong"}
[tx] {"t":"ping"}
[rx] {"t":"pong"}
[tx] {"t":"ping"}
[rx] {"t":"pong"}
[tx] {"t":"ping"}
[rx] {"t":"pong"}
[tx] {"t":"ping"}
[rx] {"t":"pong"}
[tx] {"t":"ping"}
[rx] {"t":"pong"}
[tx] {"t":"ping"}
[rx] {"t":"pong"}
[tx] {"t":"ping"}
[rx] {"t":"pong"}
[tx] {"t":"ping"}
[rx] {"t":"pong"}
[tx] {"t":"ping"}
[rx] {"t":"pong"}
[tx] {"t":"ping"}
[rx] {"t":"pong"}
[tx] {"t":"ping"}
[rx] {"t":"pong"}
[tx] {"t":"ping"}
[rx] {"t":"pong"}
[tx] {"t":"ping"}
[rx] {"t":"pong"}
[tx] {"t":"ping"}
[rx] {"t":"pong"}
[tx] {"t":"ping"}
[rx] {"t":"pong"}
[tx] {"t":"ping"}
[rx] {"t":"pong"}
[tx] {"t":"ping"}
[rx] {"t":"pong"}
[tx] {"t":"ping"}
[rx] {"t":"pong"}
[tx] {"t":"ping"}
[rx] {"t":"pong"}
[tx] {"t":"ping"}
[rx] {"t":"pong"}
[tx] {"t":"ping"}
[rx] {"t":"pong"}
[tx] {"t":"ping"}
[rx] {"t":"pong"}
[tx] {"t":"ping"}
[rx] {"t":"pong"}
[tx] {"t":"ping"}
[rx] {"t":"pong"}
[tx] {"t":"ping"}
[rx] {"t":"pong"}
[tx] {"t":"ping"}
[rx] {"t":"pong"}
[tx] {"t":"ping"}
[rx] {"t":"pong"}
[tx] {"t":"ping"}
[rx] {"t":"pong"}
[tx] {"t":"ping"}
[rx] {"t":"pong"}
[tx] {"t":"ping"}
[rx] {"t":"pong"}
[tx] {"t":"ping"}
[rx] {"t":"pong"}
[tx] {"t":"ping"}
[rx] {"t":"pong"}
[tx] {"t":"ping"}
[rx] {"t":"pong"}
[tx] {"t":"ping"}
[rx] {"t":"pong"}
[tx] {"t":"ping"}
[rx] {"t":"pong"}
[tx] {"t":"ping"}
[rx] {"t":"pong"}
[tx] {"t":"ping"}
[rx] {"t":"pong"}
[tx] {"t":"ping"}
[rx] {"t":"pong"}
[tx] {"t":"ping"}
[rx] {"t":"pong"}
[tx] {"t":"ping"}
[rx] {"t":"pong"}
[tx] {"t":"ping"}
[rx] {"t":"pong"}
[tx] {"t":"ping"}
[rx] {"t":"pong"}
[tx] {"t":"ping"}
[rx] {"t":"pong"}
[tx] {"t":"ping"}
[rx] {"t":"pong"}
[tx] {"t":"ping"}
[rx] {"t":"pong"}
[tx] {"t":"ping"}
[rx] {"t":"pong"}
[tx] {"t":"ping"}
[rx] {"t":"pong"}
[tx] {"t":"ping"}
[rx] {"t":"pong"}
[tx] {"t":"ping"}
[rx] {"t":"pong"}
[tx] {"t":"ping"}
[rx] {"t":"pong"}
[tx] {"t":"ping"}
[rx] {"t":"pong"}
[tx] {"t":"ping"}
[rx] {"t":"pong"}
[tx] {"t":"ping"}
[rx] {"t":"pong"}
[tx] {"t":"ping"}
[rx] {"t":"pong"}
[tx] {"t":"ping"}
[rx] {"t":"pong"}
[tx] {"t":"ping"}
[rx] {"t":"pong"}
[tx] {"t":"ping"}
[rx] {"t":"pong"}
[tx] {"t":"ping"}
[rx] {"t":"pong"}
[tx] {"t":"ping"}
[rx] {"t":"pong"}
[tx] {"t":"ping"}
[rx] {"t":"pong"}
[tx] {"t":"ping"}
[rx] {"t":"pong"}
[tx] {"t":"ping"}
[rx] {"t":"pong"}
[tx] {"t":"ping"}
[rx] {"t":"pong"}
[tx] {"t":"ping"}
[rx] {"t":"pong"}
[tx] {"t":"ping"}
[rx] {"t":"pong"}
[tx] {"t":"ping"}
[rx] {"t":"pong"}
[tx] {"t":"ping"}
[rx] {"t":"pong"}
[tx] {"t":"ping"}
[rx] {"t":"pong"}
[tx] {"t":"ping"}
[rx] {"t":"pong"}
[tx] {"t":"ping"}
[rx] {"t":"pong"}
[tx] {"t":"ping"}
[rx] {"t":"pong"}
[tx] {"t":"ping"}
[rx] {"t":"pong"}
[tx] {"t":"ping"}
[rx] {"t":"pong"}
[tx] {"t":"ping"}
[rx] {"t":"pong"}
[tx] {"t":"ping"}
[rx] {"t":"pong"}
[tx] {"t":"ping"}
[rx] {"t":"pong"}
[tx] {"t":"ping"}
[rx] {"t":"pong"}
[tx] {"t":"ping"}
[rx] {"t":"pong"}
[tx] {"t":"ping"}
[rx] {"t":"pong"}
[tx] {"t":"ping"}
[rx] {"t":"pong"}
[tx] {"t":"ping"}
[rx] {"t":"pong"}
[tx] {"t":"ping"}
[rx] {"t":"pong"}
[tx] {"t":"ping"}
[rx] {"t":"pong"}
[tx] {"t":"ping"}
[rx] {"t":"pong"}
[tx] {"t":"ping"}
[rx] {"t":"pong"}
[tx] {"t":"ping"}
[rx] {"t":"pong"}
[tx] {"t":"ping"}
[rx] {"t":"pong"}
[tx] {"t":"ping"}
[rx] {"t":"pong"}
[tx] {"t":"ping"}
[rx] {"t":"pong"}
[tx] {"t":"ping"}
[rx] {"t":"pong"}
[tx] {"t":"ping"}
[rx] {"t":"pong"}
[tx] {"t":"ping"}
[rx] {"t":"pong"}
[tx] {"t":"ping"}
[rx] {"t":"pong"}
[tx] {"t":"ping"}
[rx] {"t":"pong"}
[tx] {"t":"ping"}
[rx] {"t":"pong"}
[tx] {"t":"ping"}
[rx] {"t":"pong"}
[tx] {"t":"ping"}
[rx] {"t":"pong"}
[tx] {"t":"ping"}
[rx] {"t":"pong"}
[tx] {"t":"ping"}
[rx] {"t":"pong"}
[tx] {"t":"ping"}
[rx] {"t":"pong"}
[tx] {"t":"ping"}
[rx] {"t":"pong"}
[tx] {"t":"ping"}
[rx] {"t":"pong"}
[tx] {"t":"ping"}
[rx] {"t":"pong"}
[tx] {"t":"ping"}
[rx] {"t":"pong"}
[tx] {"t":"ping"}
[rx] {"t":"pong"}
[tx] {"t":"ping"}
[rx] {"t":"pong"}
[tx] {"t":"ping"}
[rx] {"t":"pong"}
[tx] {"t":"ping"}
[rx] {"t":"pong"}
[tx] {"t":"ping"}
[rx] {"t":"pong"}
[tx] {"t":"ping"}
[rx] {"t":"pong"}
[tx] {"t":"ping"}
[rx] {"t":"pong"}
[tx] {"t":"ping"}
[rx] {"t":"pong"}
[tx] {"t":"ping"}
[rx] {"t":"pong"}
[tx] {"t":"ping"}
[rx] {"t":"pong"}
[tx] {"t":"ping"}
[rx] {"t":"pong"}
[tx] {"t":"ping"}
[rx] {"t":"pong"}
[tx] {"t":"ping"}
[rx] {"t":"pong"}
[tx] {"t":"ping"}
[rx] {"t":"pong"}
[tx] {"t":"ping"}
[rx] {"t":"pong"}
[tx] {"t":"ping"}
[rx] {"t":"pong"}
[tx] {"t":"ping"}
[rx] {"t":"pong"}
[tx] {"t":"ping"}
[rx] {"t":"pong"}
[tx] {"t":"ping"}
[rx] {"t":"pong"}
[tx] {"t":"ping"}
[rx] {"t":"pong"}
[tx] {"t":"ping"}
[rx] {"t":"pong"}
[tx] {"t":"ping"}
[rx] {"t":"pong"}
[tx] {"t":"ping"}
[rx] {"t":"pong"}
[tx] {"t":"ping"}
[rx] {"t":"pong"}
[tx] {"t":"ping"}
[rx] {"t":"pong"}
[tx] {"t":"ping"}
[rx] {"t":"pong"}
