{
  "REPLUG": {
    "pass": true,
    "uid": "fav2",
    "cmd_kib": 4,
    "commands": 128,
    "bytes": 524288,
    "read_ms": 853.9,
    "head_ms": 19.2,
    "head_pause_ms": 19.0,
    "field_read_ms": [
      651,
      665
    ],
    "rate_kBps": 614.0,
    "sg_ms_per_4k": {
      "p5": 5.0,
      "p50": 5.0,
      "p95": 6.0,
      "p99": 19.0,
      "min": 5.0,
      "max": 26.0,
      "n": 128
    },
    "ring_pre": 48128,
    "ring_full_pre": true,
    "producer_bytes": 55296,
    "producer_err": null,
    "class_counts": {
      "ID3": 1,
      "LIVE": 12,
      "SILENCE": 115
    },
    "ear": {
      "live_bytes": 49152,
      "consumed": 0,
      "events": {
        "silence_in_play": 115
      },
      "event_list": [
        {
          "t": 1998555.745359939,
          "kind": "silence_in_play"
        },
        {
          "t": 1998555.751445328,
          "kind": "silence_in_play"
        },
        {
          "t": 1998555.757530277,
          "kind": "silence_in_play"
        },
        {
          "t": 1998555.763870899,
          "kind": "silence_in_play"
        },
        {
          "t": 1998555.770124757,
          "kind": "silence_in_play"
        },
        {
          "t": 1998555.776216959,
          "kind": "silence_in_play"
        },
        {
          "t": 1998555.782215485,
          "kind": "silence_in_play"
        },
        {
          "t": 1998555.788234328,
          "kind": "silence_in_play"
        },
        {
          "t": 1998555.794079995,
          "kind": "silence_in_play"
        },
        {
          "t": 1998555.799925351,
          "kind": "silence_in_play"
        },
        {
          "t": 1998555.805923405,
          "kind": "silence_in_play"
        },
        {
          "t": 1998555.812224803,
          "kind": "silence_in_play"
        },
        {
          "t": 1998555.818872586,
          "kind": "silence_in_play"
        },
        {
          "t": 1998555.825385343,
          "kind": "silence_in_play"
        },
        {
          "t": 1998555.831363269,
          "kind": "silence_in_play"
        },
        {
          "t": 1998555.837229004,
          "kind": "silence_in_play"
        },
        {
          "t": 1998555.843084398,
          "kind": "silence_in_play"
        },
        {
          "t": 1998555.849197711,
          "kind": "silence_in_play"
        },
        {
          "t": 1998555.855205674,
          "kind": "silence_in_play"
        },
        {
          "t": 1998555.861224778,
          "kind": "silence_in_play"
        },
        {
          "t": 1998555.867398755,
          "kind": "silence_in_play"
        },
        {
          "t": 1998555.873710422,
          "kind": "silence_in_play"
        },
        {
          "t": 1998555.880104335,
          "kind": "silence_in_play"
        },
        {
          "t": 1998555.886140892,
          "kind": "silence_in_play"
        },
        {
          "t": 1998555.892434966,
          "kind": "silence_in_play"
        },
        {
          "t": 1998555.898593294,
          "kind": "silence_in_play"
        },
        {
          "t": 1998555.904942942,
          "kind": "silence_in_play"
        },
        {
          "t": 1998555.91104822,
          "kind": "silence_in_play"
        },
        {
          "t": 1998555.917040684,
          "kind": "silence_in_play"
        },
        {
          "t": 1998555.92323042,
          "kind": "silence_in_play"
        },
        {
          "t": 1998555.929798081,
          "kind": "silence_in_play"
        },
        {
          "t": 1998555.936323602,
          "kind": "silence_in_play"
        },
        {
          "t": 1998555.942724067,
          "kind": "silence_in_play"
        },
        {
          "t": 1998555.949017961,
          "kind": "silence_in_play"
        },
        {
          "t": 1998555.955374182,
          "kind": "silence_in_play"
        },
        {
          "t": 1998555.961527801,
          "kind": "silence_in_play"
        },
        {
          "t": 1998555.967320818,
          "kind": "silence_in_play"
        },
        {
          "t": 1998555.97337042,
          "kind": "silence_in_play"
        },
        {
          "t": 1998555.979896812,
          "kind": "silence_in_play"
        },
        {
          "t": 1998555.986938108,
          "kind": "silence_in_play"
        },
        {
          "t": 1998555.993217685,
          "kind": "silence_in_play"
        },
        {
          "t": 1998555.999306331,
          "kind": "silence_in_play"
        },
        {
          "t": 1998556.005133101,
          "kind": "silence_in_play"
        },
        {
          "t": 1998556.011030035,
          "kind": "silence_in_play"
        },
        {
          "t": 1998556.017461919,
          "kind": "silence_in_play"
        },
        {
          "t": 1998556.024056341,
          "kind": "silence_in_play"
        },
        {
          "t": 1998556.030758446,
          "kind": "silence_in_play"
        },
        {
          "t": 1998556.036923005,
          "kind": "silence_in_play"
        },
        {
          "t": 1998556.042928123,
          "kind": "silence_in_play"
        },
        {
          "t": 1998556.048703306,
          "kind": "silence_in_play"
        }
      ]
    },
    "id3Len_dump": 3300,
    "id3Len_fw": 3300,
    "live_span": {
      "stamps": 191,
      "seq_gaps": 0,
      "file_first": 3300,
      "file_end": 52196,
      "seq_first": 0,
      "seq_last": 190,
      "abs_first": 0,
      "abs_end": 48896
    },
    "live_bytes_file": 48896,
    "live_s_at_48k": 8.15,
    "undDelta": 472092,
    "expect_undDelta": 472092,
    "field_undDelta": [
      470616,
      471640
    ],
    "hostAbs_after": 520988,
    "absEnd_pre": 48128,
    "absEnd_post": 54016,
    "abs_cross_fw": 48896,
    "abs_cross_pdsq": 48896,
    "und_ok": true,
    "identity_diff": 0,
    "identity_ok": true,
    "cross_in_window": true,
    "complete_ok": true,
    "timing_ok": true
  }
}
OUT /home/martin/projects/pidrive/docs/betrieb/artifacts-2026-10-08-lab/lab-abend-nach-s4-1741/l4d-r05 overall=PASS
