[msc-lock] USB_SESSION_START → sealing (next menu_set freezes map)
[msc-lock] enabled=True seed_plugged=True
[tx] {"t":"hello","ver":1}
[rx] {"t":"hello_ack","ver":"0.4.42-dev","fw":"pidrive","slots":4,"page":true,"audio":true,"bin":true,"tcp":true,"tcpPort":9090}
[hello_ack] ver=0.4.42-dev slots=4 page=True tcp=True
[tx] {"t":"audio_stop"}
[bridge] tcp:192.168.178.88:9090 audio=48k paging=on
[tx] {"t":"ping"}
[tx] {"t":"menu_set","rev":5002,"page":0,"items":[{"uid":"1977938832270506073","name":"Zurueck","kind":"action"},{"uid":"18330258143618563731","name":"Ausgang klinke","kind":"info"},{"uid":"16678805154550120858","name":"Auto","kind":"action"},{"uid":"pump:page_next","name":"Mehr... (+7)","kind":"action"}]}
[msc-lock] sealing publish (seal)
[rx] {"t":"audio_ack","ok":true,"op":"stop"}
[audio_ack] {'t': 'audio_ack', 'ok': True, 'op': 'stop'}
[rx] {"t":"pong"}
[rx] {"t":"menu_ack","ok":true,"n":4,"rev":5002}
[menu_ack] ok=True n=4 rev=5002
[msc-lock] MSC_MAP_FROZEN [Zurueck,Ausgang klinke,Auto,Mehr... (+7)]
[tx] {"t":"ping"}
[rx] {"t":"pong"}
[tx] {"t":"ping"}
[rx] {"t":"pong"}
[tx] {"t":"ping"}
[rx] {"t":"pong"}
[tx] {"t":"ping"}
[rx] {"t":"pong"}
[tx] {"t":"ping"}
[rx] {"t":"pong"}
[tx] {"t":"ping"}
[rx] {"t":"pong"}
[tx] {"t":"ping"}
[rx] {"t":"pong"}
[tx] {"t":"ping"}
[rx] {"t":"pong"}
[tx] {"t":"ping"}
[rx] {"t":"pong"}
[tx] {"t":"ping"}
[rx] {"t":"pong"}
[tx] {"t":"ping"}
[rx] {"t":"pong"}
[rx] {"t":"event","op":"play_uid","uid":"fav1"}
[trace] t=0ms play_uid=fav1
[trace] t=50ms audio.start fav fav1
[id3] cover file /home/martin/projects/pidrive/assets/usb-msc-covers/stations/web_rock_antenne_bayern.jpg (1903 B)
[tx] {"t":"audio_start","uid":"fav1","codec":"mp3","br":"48k","cSrc":"file","cPath":"stations/web_rock_antenne_bayern.jpg","cTry":"stations/web_rock_antenne_bayern.jpg|stations/rock_antenne_bayern.jpg"}
[trace] audio_start sent uid=fav1 cover=file
[id3] skip: python3-mutagen missing
[audio] ffmpeg https://stream.rockantenne.de/rockantenne-bayern/stream/mp3 @ 48k
[rx] {"t":"audio_ack","ok":true,"op":"start","uid":"fav1","id3":true,"warmup":0}
[audio_ack] {'t': 'audio_ack', 'ok': True, 'op': 'start', 'uid': 'fav1', 'id3': True, 'warmup': 0}
[audio] forwarded 13096 B / 2s
[audio] forwarded 16976 B / 2s
[audio] forwarded 18000 B / 2s
[audio] forwarded 16976 B / 2s
[audio] forwarded 18000 B / 2s
[rx] {"t":"event","op":"play_uid","uid":"pump:stop"}
