=== c2-armedprod-r2 → docs/betrieb/artifacts-2026-10-07-lab/lab88-c2-armedprod-r2-1209 ===
{
  "BENCH": {
    "pass": false,
    "sizes": {
      "4096": {
        "reads": 2000,
        "bytes": 8192000,
        "dt_s": 13.102,
        "reads_per_s": 152.7,
        "MBps": 0.625,
        "ms_per_4k": 6.551,
        "esp_readCount_delta": 2000,
        "offline": false,
        "period_ms": null,
        "gap_ms": 0.0,
        "sg_duration_ms": {
          "p5": 5.0,
          "p50": 5.0,
          "p95": 6.0,
          "p99": 19.0,
          "min": 5.0,
          "max": 67.0,
          "n": 2000
        },
        "wall_ms": {
          "p5": 5.181,
          "p50": 5.359,
          "p95": 5.87,
          "p99": 19.002,
          "min": 5.104,
          "max": 66.56,
          "n": 2000
        },
        "start_to_start_ms": {
          "p5": 5.752,
          "p50": 6.018,
          "p95": 6.603,
          "p99": 19.568,
          "min": 5.658,
          "max": 67.19,
          "n": 1999
        }
      }
    },
    "c1_reads_per_s": 152.7,
    "offline": false
  }
}
OUT docs/betrieb/artifacts-2026-10-07-lab/lab88-c2-armedprod-r2-1209 overall=FAIL
DONE c2-armedprod-r2 exit=1
