[tx] {"t":"hello","ver":1}
[rx] {"t":"hello_ack","ver":"0.4.31-dev","fw":"pidrive","slots":4,"page":true,"audio":true,"bin":true,"tcp":true,"tcpPort":9090}
[hello_ack] ver=0.4.31-dev slots=4 page=True tcp=True
[tx] {"t":"audio_stop"}
[bridge] tcp:192.168.178.89:9090 audio=48k paging=on
[tx] {"t":"ping"}
[tx] {"t":"menu_set","rev":2374,"page":0,"items":[{"uid":"fav0","name":"Rock Antenne","kind":"station"},{"uid":"fav1","name":"Rock Antenne Bayern","kind":"station"},{"uid":"fav2","name":"Radio BOB!","kind":"station"},{"uid":"pump:page_next","name":"Menue","kind":"action"}]}
[rx] {"t":"audio_ack","ok":true,"op":"stop"}
[audio_ack] {'t': 'audio_ack', 'ok': True, 'op': 'stop'}
[rx] {"t":"pong"}
[tx] {"t":"ping"}
[rx] {"t":"pong"}
[tx] {"t":"menu_set","rev":2374,"page":0,"items":[{"uid":"fav0","name":"Rock Antenne","kind":"station"},{"uid":"fav1","name":"Rock Antenne Bayern","kind":"station"},{"uid":"fav2","name":"Radio BOB!","kind":"station"},{"uid":"pump:page_next","name":"Menue","kind":"action"}]}
[rx] {"t":"menu_ack","ok":true,"n":4,"rev":2374}
[menu_ack] ok=True n=4 rev=2374
[tx] {"t":"ping"}
[rx] {"t":"pong"}
[tx] {"t":"menu_set","rev":2375,"page":0,"items":[{"uid":"fav0","name":"Rock Antenne","kind":"station"},{"uid":"fav1","name":"Rock Antenne Bayern","kind":"station"},{"uid":"fav2","name":"Radio BOB!","kind":"station"},{"uid":"pump:page_next","name":"Menue","kind":"action"}]}
[rx] {"t":"menu_ack","ok":true,"n":4,"rev":2375}
[menu_ack] ok=True n=4 rev=2375
[tx] {"t":"ping"}
[rx] {"t":"pong"}
[tx] {"t":"ping"}
[rx] {"t":"pong"}
[rx] {"t":"event","op":"play_uid","uid":"fav1"}
[trace] t=0ms play_uid=fav1
[trace] t=50ms audio.start fav fav1
[id3] cover file /home/pidrive/pidrive/assets/usb-msc-covers/stations/web_rock_antenne_bayern.jpg (1903 B)
[tx] {"t":"audio_start","uid":"fav1","codec":"mp3","br":"48k","cSrc":"file","cPath":"stations/web_rock_antenne_bayern.jpg","cTry":"stations/web_rock_antenne_bayern.jpg|stations/rock_antenne_bayern.jpg"}
[trace] audio_start sent uid=fav1 cover=file
[id3] sent 3044 B jpeg=1903 src=file rel='stations/web_rock_antenne_bayern.jpg' → /tmp/pump_id3_probe.mp3
[audio] ffmpeg https://stream.rockantenne.de/rockantenne-bayern/stream/mp3 @ 48k
[rx] {"t":"audio_ack","ok":true,"op":"start","uid":"fav1","id3":true,"warmup":8192}
[audio_ack] {'t': 'audio_ack', 'ok': True, 'op': 'start', 'uid': 'fav1', 'id3': True, 'warmup': 8192}
[audio] forwarded 9000 B / 2s
[audio] forwarded 18000 B / 2s
[audio] forwarded 18000 B / 2s
[audio] forwarded 18000 B / 2s
[audio] forwarded 18000 B / 2s
[audio] forwarded 18000 B / 2s
[audio] forwarded 18000 B / 2s
[audio] forwarded 18000 B / 2s
[audio] forwarded 18000 B / 2s
[audio] forwarded 18000 B / 2s
[audio] forwarded 17192 B / 2s
[audio] forwarded 16976 B / 2s
[audio] forwarded 16976 B / 2s
[audio] forwarded 16976 B / 2s
[audio] forwarded 16976 B / 2s
[audio] forwarded 16976 B / 2s
[audio] forwarded 16976 B / 2s
[audio] forwarded 16976 B / 2s
[audio] forwarded 16976 B / 2s
[audio] forwarded 18000 B / 2s
[audio] forwarded 18000 B / 2s
[audio] forwarded 18000 B / 2s
[audio] forwarded 18000 B / 2s
[audio] forwarded 18000 B / 2s
[audio] forwarded 18000 B / 2s
[audio] forwarded 18000 B / 2s
[audio] forwarded 18000 B / 2s
[audio] forwarded 18000 B / 2s
[audio] forwarded 17192 B / 2s
[audio] forwarded 16976 B / 2s
[audio] forwarded 16976 B / 2s
[audio] forwarded 14797 B / 2s
[audio] forwarded 12225 B / 2s
[audio] forwarded 5329 B / 2s
[audio] forwarded 12382 B / 2s
[audio] forwarded 17555 B / 2s
[audio] forwarded 12072 B / 2s
[audio] forwarded 12382 B / 2s
[audio] forwarded 7687 B / 2s
[audio] forwarded 11201 B / 2s
[audio] forwarded 16687 B / 2s
[audio] forwarded 12072 B / 2s
[audio] forwarded 12225 B / 2s
[audio] forwarded 10759 B / 2s
[audio] forwarded 12226 B / 2s
[audio] forwarded 12904 B / 2s
[audio] forwarded 12382 B / 2s
[audio] forwarded 17192 B / 2s
[audio] forwarded 7531 B / 2s
[audio] forwarded 12382 B / 2s
[audio] forwarded 10386 B / 2s
[audio] forwarded 12382 B / 2s
[audio] forwarded 17711 B / 2s
[audio] forwarded 9000 B / 2s
[audio] forwarded 12225 B / 2s
[audio] forwarded 8711 B / 2s
[audio] forwarded 12226 B / 2s
[audio] forwarded 17711 B / 2s
[audio] forwarded 9000 B / 2s
[audio] forwarded 12225 B / 2s
[audio] forwarded 8711 B / 2s
[audio] forwarded 12225 B / 2s
[audio] forwarded 18025 B / 2s
[audio] forwarded 12382 B / 2s
[audio] forwarded 13096 B / 2s
[audio] forwarded 4615 B / 2s
[audio] forwarded 11755 B / 2s
[audio] forwarded 17711 B / 2s
[audio] forwarded 12382 B / 2s
[audio] forwarded 15297 B / 2s
[audio] forwarded 4775 B / 2s
[audio] forwarded 12226 B / 2s
[audio] forwarded 15663 B / 2s
[audio] forwarded 12225 B / 2s
[audio] forwarded 16168 B / 2s
[audio] forwarded 6663 B / 2s
[audio] forwarded 11201 B / 2s
[audio] forwarded 13615 B / 2s
[audio] forwarded 12226 B / 2s
[audio] forwarded 14590 B / 2s
[audio] forwarded 10289 B / 2s
[audio] forwarded 12382 B / 2s
[audio] forwarded 10386 B / 2s
[audio] forwarded 12382 B / 2s
[audio] forwarded 17192 B / 2s
[audio] forwarded 11410 B / 2s
[audio] forwarded 12382 B / 2s
[audio] forwarded 6977 B / 2s
[audio] forwarded 12225 B / 2s
[audio] forwarded 17711 B / 2s
[audio] forwarded 10024 B / 2s
[audio] forwarded 12226 B / 2s
[audio] forwarded 7687 B / 2s
[audio] forwarded 12225 B / 2s
[audio] forwarded 17711 B / 2s
[audio] forwarded 9000 B / 2s
[audio] forwarded 12382 B / 2s
[audio] forwarded 8554 B / 2s
[audio] forwarded 12382 B / 2s
[audio] forwarded 17555 B / 2s
[audio] forwarded 12072 B / 2s
[audio] forwarded 12382 B / 2s
[audio] forwarded 7530 B / 2s
[audio] forwarded 12382 B / 2s
[audio] forwarded 15976 B / 2s
[audio] forwarded 12226 B / 2s
[audio] forwarded 17502 B / 2s
[audio] forwarded 4305 B / 2s
[audio] forwarded 12382 B / 2s
[audio] forwarded 13458 B / 2s
[audio] forwarded 12382 B / 2s
[audio] forwarded 17554 B / 2s
[audio] forwarded 6144 B / 2s
[audio] forwarded 12382 B / 2s
[audio] forwarded 11411 B / 2s
[audio] forwarded 12382 B / 2s
[audio] forwarded 17192 B / 2s
[audio] forwarded 9735 B / 2s
[audio] forwarded 12225 B / 2s
[audio] forwarded 8495 B / 2s
[audio] forwarded 12225 B / 2s
[audio] forwarded 17711 B / 2s
[rx] {"t":"event","op":"diag","code":"msc.phase","detail":"idle unplug"}
[msc] msc.phase idle unplug
[audio] forwarded 12226 B / 2s
[audio] forwarded 12382 B / 2s
[audio] forwarded 5642 B / 2s
[audio] forwarded 12382 B / 2s
[audio] forwarded 17555 B / 2s
[audio] forwarded 12382 B / 2s
[bridge] link lost (timed out) — reconnect in 3.0s
[tx] {"t":"hello","ver":1}
[rx] {"t":"hello_ack","ver":"0.4.31-dev","fw":"pidrive","slots":4,"page":true,"audio":true,"bin":true,"tcp":true,"tcpPort":9090}
[hello_ack] ver=0.4.31-dev slots=4 page=True tcp=True
[tx] {"t":"menu_set","rev":2375,"page":0,"items":[{"uid":"fav0","name":"Rock Antenne","kind":"station"},{"uid":"fav1","name":"Rock Antenne Bayern","kind":"station"},{"uid":"fav2","name":"Radio BOB!","kind":"station"},{"uid":"pump:page_next","name":"Menue","kind":"action"}]}
[bridge] reconnected tcp:192.168.178.89:9090 hello_ack=ok (menu snapshot resent rev=2375 grace=9)
[tx] {"t":"ping"}
[audio] forwarded 11048 B / 2s
[rx] {"t":"menu_ack","ok":true,"n":4,"rev":2375}
[menu_ack] ok=True n=4 rev=2375
[rx] {"t":"pong"}
[tx] {"t":"menu_set","rev":2376,"page":0,"items":[{"uid":"fav0","name":"Rock Antenne","kind":"station"},{"uid":"fav1","name":"Rock Antenne Bayern","kind":"station"},{"uid":"fav2","name":"Radio BOB!","kind":"station"},{"uid":"pump:page_next","name":"Menue","kind":"action"}]}
[rx] {"t":"menu_ack","ok":true,"n":4,"rev":2376}
[menu_ack] ok=True n=4 rev=2376
[tx] {"t":"ping"}
[rx] {"t":"pong"}
[tx] {"t":"ping"}
[rx] {"t":"pong"}
[tx] {"t":"menu_set","rev":2377,"page":0,"items":[{"uid":"fav0","name":"Rock Antenne","kind":"station"},{"uid":"fav1","name":"Rock Antenne Bayern","kind":"station"},{"uid":"fav2","name":"Radio BOB!","kind":"station"},{"uid":"pump:page_next","name":"Menue","kind":"action"}]}
[rx] {"t":"menu_ack","ok":true,"n":4,"rev":2377}
[menu_ack] ok=True n=4 rev=2377
[tx] {"t":"ping"}
[rx] {"t":"pong"}
[tx] {"t":"ping"}
[rx] {"t":"pong"}
[tx] {"t":"ping"}
[rx] {"t":"pong"}
[tx] {"t":"ping"}
[rx] {"t":"pong"}
[tx] {"t":"ping"}
[rx] {"t":"pong"}
[tx] {"t":"ping"}
[rx] {"t":"pong"}
[tx] {"t":"ping"}
[rx] {"t":"pong"}
[tx] {"t":"ping"}
[rx] {"t":"pong"}
[tx] {"t":"ping"}
[rx] {"t":"pong"}
[tx] {"t":"ping"}
[rx] {"t":"pong"}
[tx] {"t":"ping"}
[rx] {"t":"pong"}
[tx] {"t":"ping"}
[rx] {"t":"pong"}
[tx] {"t":"ping"}
[rx] {"t":"pong"}
[tx] {"t":"ping"}
[rx] {"t":"pong"}
[tx] {"t":"ping"}
[rx] {"t":"pong"}
[tx] {"t":"ping"}
[rx] {"t":"pong"}
[tx] {"t":"ping"}
[rx] {"t":"pong"}
[tx] {"t":"ping"}
[rx] {"t":"pong"}
[tx] {"t":"ping"}
[rx] {"t":"pong"}
[tx] {"t":"ping"}
[rx] {"t":"pong"}
[tx] {"t":"ping"}
[rx] {"t":"pong"}
[tx] {"t":"ping"}
[rx] {"t":"pong"}
[tx] {"t":"ping"}
[rx] {"t":"pong"}
[tx] {"t":"ping"}
[rx] {"t":"pong"}
[tx] {"t":"ping"}
[rx] {"t":"pong"}
[tx] {"t":"ping"}
[rx] {"t":"pong"}
[tx] {"t":"ping"}
[rx] {"t":"pong"}
[tx] {"t":"ping"}
[rx] {"t":"pong"}
[tx] {"t":"ping"}
[rx] {"t":"pong"}
[tx] {"t":"ping"}
[rx] {"t":"pong"}
[tx] {"t":"ping"}
[rx] {"t":"pong"}
[tx] {"t":"ping"}
[rx] {"t":"pong"}
[rx] {"t":"event","op":"play_uid","uid":"fav1"}
[trace] t=0ms play_uid=fav1
[trace] t=50ms audio.start fav fav1
[tx] {"t":"audio_stop"}
[id3] cover file /home/pidrive/pidrive/assets/usb-msc-covers/stations/web_rock_antenne_bayern.jpg (1903 B)
[tx] {"t":"audio_start","uid":"fav1","codec":"mp3","br":"48k","cSrc":"file","cPath":"stations/web_rock_antenne_bayern.jpg","cTry":"stations/web_rock_antenne_bayern.jpg|stations/rock_antenne_bayern.jpg"}
[trace] audio_start sent uid=fav1 cover=file
[id3] skip: [Errno 32] Broken pipe
[audio] ffmpeg https://stream.rockantenne.de/rockantenne-bayern/stream/mp3 @ 48k
[rx] {"t":"audio_ack","ok":true,"op":"stop"}
[audio_ack] {'t': 'audio_ack', 'ok': True, 'op': 'stop'}
[bridge] link lost ([Errno 32] Broken pipe) — reconnect in 3.0s
[tx] {"t":"hello","ver":1}
[rx] {"t":"hello_ack","ver":"0.4.31-dev","fw":"pidrive","slots":4,"page":true,"audio":true,"bin":true,"tcp":true,"tcpPort":9090}
[hello_ack] ver=0.4.31-dev slots=4 page=True tcp=True
[tx] {"t":"menu_set","rev":2377,"page":0,"items":[{"uid":"fav0","name":"Rock Antenne","kind":"station"},{"uid":"fav1","name":"Rock Antenne Bayern","kind":"station"},{"uid":"fav2","name":"Radio BOB!","kind":"station"},{"uid":"pump:page_next","name":"Menue","kind":"action"}]}
[bridge] reconnected tcp:192.168.178.89:9090 hello_ack=ok (menu snapshot resent rev=2377 grace=9)
[tx] {"t":"ping"}
[rx] {"t":"menu_ack","ok":true,"n":4,"rev":2377}
[menu_ack] ok=True n=4 rev=2377
[rx] {"t":"pong"}
[tx] {"t":"ping"}
[rx] {"t":"pong"}
[tx] {"t":"ping"}
[rx] {"t":"pong"}
[tx] {"t":"ping"}
[rx] {"t":"pong"}
[rx] {"t":"event","op":"diag","code":"play.reject","detail":"not_from_head uid=fav0 from=729 +4096B age=95470ms prefetch"}
[msc] play.reject not_from_head uid=fav0 from=729 +4096B age=95470ms prefetch
[tx] {"t":"ping"}
[rx] {"t":"pong"}
[rx] {"t":"event","op":"diag","code":"msc.quiet","detail":"file=1612288B age=2000ms"}
[msc] msc.quiet file=1612288B age=2000ms
[tx] {"t":"ping"}
[rx] {"t":"pong"}
[tx] {"t":"ping"}
[rx] {"t":"pong"}
[tx] {"t":"ping"}
[rx] {"t":"pong"}
[tx] {"t":"ping"}
[rx] {"t":"pong"}
[tx] {"t":"ping"}
[rx] {"t":"pong"}
[tx] {"t":"ping"}
[rx] {"t":"pong"}
[tx] {"t":"ping"}
[rx] {"t":"pong"}
[tx] {"t":"ping"}
[rx] {"t":"pong"}
[tx] {"t":"ping"}
[rx] {"t":"pong"}
[rx] {"t":"event","op":"play_uid","uid":"fav1"}
[trace] t=0ms play_uid=fav1
[trace] t=50ms audio.start fav fav1
[tx] {"t":"audio_stop"}
[id3] cover file /home/pidrive/pidrive/assets/usb-msc-covers/stations/web_rock_antenne_bayern.jpg (1903 B)
[tx] {"t":"audio_start","uid":"fav1","codec":"mp3","br":"48k","cSrc":"file","cPath":"stations/web_rock_antenne_bayern.jpg","cTry":"stations/web_rock_antenne_bayern.jpg|stations/rock_antenne_bayern.jpg"}
[trace] audio_start sent uid=fav1 cover=file
[id3] sent 3044 B jpeg=1903 src=file rel='stations/web_rock_antenne_bayern.jpg' → /tmp/pump_id3_probe.mp3
[audio] ffmpeg https://stream.rockantenne.de/rockantenne-bayern/stream/mp3 @ 48k
[rx] {"t":"audio_ack","ok":true,"op":"stop"}
[audio_ack] {'t': 'audio_ack', 'ok': True, 'op': 'stop'}
[rx] {"t":"audio_ack","ok":true,"op":"start","uid":"fav1","id3":true,"warmup":8192}
[audio_ack] {'t': 'audio_ack', 'ok': True, 'op': 'start', 'uid': 'fav1', 'id3': True, 'warmup': 8192}
[audio] forwarded 9000 B / 2s
[audio] forwarded 18000 B / 2s
[audio] forwarded 18000 B / 2s
[audio] forwarded 18000 B / 2s
[audio] forwarded 18000 B / 2s
[audio] forwarded 18000 B / 2s
[audio] forwarded 18000 B / 2s
[audio] forwarded 18000 B / 2s
[audio] forwarded 18000 B / 2s
[audio] forwarded 18000 B / 2s
[audio] forwarded 17192 B / 2s
[audio] forwarded 16976 B / 2s
[audio] forwarded 16976 B / 2s
[audio] forwarded 16976 B / 2s
[audio] forwarded 16976 B / 2s
[audio] forwarded 16976 B / 2s
[audio] forwarded 16976 B / 2s
[audio] forwarded 16976 B / 2s
[audio] forwarded 16976 B / 2s
[audio] forwarded 18000 B / 2s
[audio] forwarded 18000 B / 2s
[audio] forwarded 18000 B / 2s
[audio] forwarded 18000 B / 2s
[audio] forwarded 18000 B / 2s
[audio] forwarded 18000 B / 2s
[audio] forwarded 18000 B / 2s
[audio] forwarded 18000 B / 2s
[audio] forwarded 18000 B / 2s
[audio] forwarded 17192 B / 2s
[audio] forwarded 16976 B / 2s
[audio] forwarded 16976 B / 2s
[audio] forwarded 15678 B / 2s
[audio] forwarded 13249 B / 2s
[audio] forwarded 4305 B / 2s
[audio] forwarded 12382 B / 2s
[audio] forwarded 17554 B / 2s
[audio] forwarded 12072 B / 2s
[audio] forwarded 12382 B / 2s
[audio] forwarded 7531 B / 2s
[audio] forwarded 12382 B / 2s
[audio] forwarded 15663 B / 2s
[audio] forwarded 12072 B / 2s
[bridge] link lost (timed out) — reconnect in 3.0s
[tx] {"t":"hello","ver":1}
[bridge] reconnected tcp:192.168.178.89:9090 hello_ack=missing (menu sync pending, grace=9)
[bridge] link lost ([Errno 32] Broken pipe) — reconnect in 3.0s
[tx] {"t":"hello","ver":1}
[rx] {"t":"hello_ack","ver":"0.4.31-dev","fw":"pidrive","slots":4,"page":true,"audio":true,"bin":true,"tcp":true,"tcpPort":9090}
[hello_ack] ver=0.4.31-dev slots=4 page=True tcp=True
[tx] {"t":"menu_set","rev":2377,"page":0,"items":[{"uid":"fav0","name":"Rock Antenne","kind":"station"},{"uid":"fav1","name":"Rock Antenne Bayern","kind":"station"},{"uid":"fav2","name":"Radio BOB!","kind":"station"},{"uid":"pump:page_next","name":"Menue","kind":"action"}]}
[bridge] reconnected tcp:192.168.178.89:9090 hello_ack=ok (menu snapshot resent rev=2377 grace=9)
[tx] {"t":"ping"}
[audio] forwarded 3225 B / 2s
[rx] {"t":"menu_ack","ok":true,"n":4,"rev":2377}
[menu_ack] ok=True n=4 rev=2377
[rx] {"t":"pong"}
[tx] {"t":"ping"}
[rx] {"t":"pong"}
[tx] {"t":"ping"}
[rx] {"t":"pong"}
[tx] {"t":"ping"}
[rx] {"t":"pong"}
[tx] {"t":"ping"}
[rx] {"t":"pong"}
[tx] {"t":"ping"}
[rx] {"t":"pong"}
[tx] {"t":"ping"}
[rx] {"t":"pong"}
[tx] {"t":"ping"}
[rx] {"t":"pong"}
[tx] {"t":"ping"}
[rx] {"t":"pong"}
[tx] {"t":"ping"}
[rx] {"t":"pong"}
[tx] {"t":"ping"}
[rx] {"t":"pong"}
[tx] {"t":"ping"}
[rx] {"t":"pong"}
[tx] {"t":"ping"}
[rx] {"t":"pong"}
[tx] {"t":"ping"}
[rx] {"t":"pong"}
[tx] {"t":"ping"}
[rx] {"t":"pong"}
[tx] {"t":"ping"}
[rx] {"t":"pong"}
[tx] {"t":"ping"}
[rx] {"t":"pong"}
[tx] {"t":"ping"}
[rx] {"t":"pong"}
[tx] {"t":"ping"}
[rx] {"t":"pong"}
[tx] {"t":"ping"}
[rx] {"t":"pong"}
[tx] {"t":"ping"}
[rx] {"t":"pong"}
[tx] {"t":"ping"}
[rx] {"t":"pong"}
[tx] {"t":"ping"}
[rx] {"t":"pong"}
[tx] {"t":"menu_set","rev":2378,"page":0,"items":[{"uid":"fav0","name":"Rock Antenne","kind":"station"},{"uid":"fav1","name":"Rock Antenne Bayern","kind":"station"},{"uid":"fav2","name":"Radio BOB!","kind":"station"},{"uid":"pump:page_next","name":"Menue","kind":"action"}]}
[rx] {"t":"menu_ack","ok":true,"n":4,"rev":2378}
[menu_ack] ok=True n=4 rev=2378
[tx] {"t":"ping"}
[rx] {"t":"pong"}
[tx] {"t":"ping"}
[rx] {"t":"pong"}
[tx] {"t":"ping"}
[rx] {"t":"pong"}
[tx] {"t":"ping"}
[rx] {"t":"pong"}
[tx] {"t":"ping"}
[rx] {"t":"pong"}
[rx] {"t":"event","op":"diag","code":"play.reject","detail":"not_from_head uid=fav0 from=537 +4096B age=64848ms prefetch"}
[msc] play.reject not_from_head uid=fav0 from=537 +4096B age=64848ms prefetch
[rx] {"t":"event","op":"diag","code":"play.reject","detail":"seq_short uid=fav0 from=57 +4096B age=64991ms"}
[msc] play.reject seq_short uid=fav0 from=57 +4096B age=64991ms
[rx] {"t":"event","op":"play_uid","uid":"fav0"}
[trace] t=0ms play_uid=fav0
[audio] ignore rapid fav0 (have fav1)
[rx] {"t":"event","op":"diag","code":"play.reject","detail":"cooldown uid=fav0 from=57 +12288B age=65006ms"}
[msc] play.reject cooldown uid=fav0 from=57 +12288B age=65006ms
[rx] {"t":"event","op":"diag","code":"play.reject","detail":"not_from_head uid=fav0 from=569 +4096B age=65119ms prefetch"}
[msc] play.reject not_from_head uid=fav0 from=569 +4096B age=65119ms prefetch
[tx] {"t":"ping"}
[rx] {"t":"pong"}
[tx] {"t":"ping"}
[rx] {"t":"pong"}
[tx] {"t":"ping"}
[rx] {"t":"pong"}
[tx] {"t":"ping"}
[rx] {"t":"pong"}
[tx] {"t":"ping"}
[rx] {"t":"pong"}
[tx] {"t":"ping"}
[rx] {"t":"pong"}
[tx] {"t":"ping"}
[rx] {"t":"pong"}
[tx] {"t":"ping"}
[rx] {"t":"pong"}
[tx] {"t":"ping"}
[rx] {"t":"pong"}
[tx] {"t":"ping"}
[rx] {"t":"pong"}
[tx] {"t":"ping"}
[rx] {"t":"pong"}
[tx] {"t":"ping"}
[rx] {"t":"pong"}
[tx] {"t":"menu_set","rev":2379,"page":0,"items":[{"uid":"fav0","name":"Rock Antenne","kind":"station"},{"uid":"fav1","name":"Rock Antenne Bayern","kind":"station"},{"uid":"fav2","name":"Radio BOB!","kind":"station"},{"uid":"pump:page_next","name":"Menue","kind":"action"}]}
[rx] {"t":"menu_ack","ok":true,"n":4,"rev":2379}
[menu_ack] ok=True n=4 rev=2379
[tx] {"t":"ping"}
[rx] {"t":"pong"}
[tx] {"t":"ping"}
[rx] {"t":"pong"}
[tx] {"t":"ping"}
[rx] {"t":"pong"}
[tx] {"t":"ping"}
[rx] {"t":"pong"}
[tx] {"t":"ping"}
[rx] {"t":"pong"}
[tx] {"t":"ping"}
[rx] {"t":"pong"}
[tx] {"t":"ping"}
[rx] {"t":"pong"}
[tx] {"t":"ping"}
[rx] {"t":"pong"}
[tx] {"t":"ping"}
[rx] {"t":"pong"}
[tx] {"t":"ping"}
[rx] {"t":"pong"}
[tx] {"t":"ping"}
[rx] {"t":"pong"}
[tx] {"t":"ping"}
[rx] {"t":"pong"}
[tx] {"t":"ping"}
[rx] {"t":"pong"}
[tx] {"t":"ping"}
[rx] {"t":"pong"}
[tx] {"t":"ping"}
[rx] {"t":"pong"}
[tx] {"t":"ping"}
[rx] {"t":"pong"}
[tx] {"t":"ping"}
[rx] {"t":"pong"}
[tx] {"t":"ping"}
[rx] {"t":"pong"}
[tx] {"t":"ping"}
[rx] {"t":"pong"}
[tx] {"t":"ping"}
[rx] {"t":"pong"}
[tx] {"t":"ping"}
[rx] {"t":"pong"}
[tx] {"t":"ping"}
[rx] {"t":"pong"}
[tx] {"t":"ping"}
[rx] {"t":"pong"}
[tx] {"t":"ping"}
[rx] {"t":"pong"}
[tx] {"t":"ping"}
[rx] {"t":"pong"}
[tx] {"t":"ping"}
[rx] {"t":"pong"}
[tx] {"t":"ping"}
[rx] {"t":"pong"}
[tx] {"t":"ping"}
[rx] {"t":"pong"}
[tx] {"t":"ping"}
[rx] {"t":"pong"}
[tx] {"t":"ping"}
[rx] {"t":"pong"}
[tx] {"t":"ping"}
[rx] {"t":"pong"}
[tx] {"t":"ping"}
[rx] {"t":"pong"}
[tx] {"t":"ping"}
[rx] {"t":"pong"}
[tx] {"t":"ping"}
[rx] {"t":"pong"}
[tx] {"t":"ping"}
[rx] {"t":"pong"}
