=== c3-sz4096 → docs/betrieb/artifacts-2026-10-07-lab/lab88-c3-sz4096-1245 ===
{
  "BENCH": {
    "pass": false,
    "sizes": {
      "4096": {
        "reads": 500,
        "bytes": 2048000,
        "dt_s": 2.57,
        "reads_per_s": 194.6,
        "MBps": 0.797,
        "ms_per_4k": 5.14,
        "esp_readCount_delta": 500,
        "offline": false,
        "period_ms": null,
        "gap_ms": 0.0,
        "sg_duration_ms": {
          "p5": 4.0,
          "p50": 4.0,
          "p95": 5.0,
          "p99": 18.0,
          "min": 3.0,
          "max": 39.0,
          "n": 500
        },
        "wall_ms": {
          "p5": 3.994,
          "p50": 4.208,
          "p95": 4.821,
          "p99": 18.26,
          "min": 3.928,
          "max": 38.926,
          "n": 500
        },
        "start_to_start_ms": {
          "p5": 4.551,
          "p50": 4.874,
          "p95": 5.626,
          "p99": 18.968,
          "min": 4.472,
          "max": 39.44,
          "n": 499
        }
      }
    },
    "c1_reads_per_s": 194.6,
    "offline": false,
    "incomplete": false
  }
}
OUT docs/betrieb/artifacts-2026-10-07-lab/lab88-c3-sz4096-1245 overall=FAIL
DONE c3-sz4096 exit=1
