===== FIELD otg-wait 2026-10-01T20:00:33+02:00 =====
[tx] {"t":"hello","ver":1}
[bridge] warn: no hello_ack yet — continuing
Traceback (most recent call last):
  File "/home/pidrive/pump_bridge.py", line 1823, in <module>
    raise SystemExit(main())
                     ~~~~^^
  File "/home/pidrive/pump_bridge.py", line 1331, in main
    send({"t": "audio_stop"})
    ~~~~^^^^^^^^^^^^^^^^^^^^^
  File "/home/pidrive/pump_bridge.py", line 1295, in send
    ser.write((line + "\n").encode("utf-8"))
    ~~~~~~~~~^^^^^^^^^^^^^^^^^^^^^^^^^^^^^^^
  File "/home/pidrive/pump_bridge.py", line 174, in write
    self._sock.sendall(data)
    ~~~~~~~~~~~~~~~~~~^^^^^^
BrokenPipeError: [Errno 32] Broken pipe
[tx] {"t":"hello","ver":1}
[rx] {"t":"hello_ack","ver":"0.4.34-dev","fw":"pidrive","slots":4,"page":true,"audio":true,"bin":true,"tcp":true,"tcpPort":9090}
[hello_ack] ver=0.4.34-dev slots=4 page=True tcp=True
[tx] {"t":"audio_stop"}
[bridge] tcp:192.168.178.89:9090 audio=48k paging=on
[tx] {"t":"ping"}
[tx] {"t":"menu_set","rev":2437,"page":0,"items":[{"uid":"fav0","name":"Rock Antenne","kind":"station"},{"uid":"fav1","name":"Rock Antenne Bayern","kind":"station"},{"uid":"fav2","name":"Radio BOB!","kind":"station"},{"uid":"pump:page_next","name":"Menue","kind":"action"}]}
[rx] {"t":"audio_ack","ok":true,"op":"stop"}
[audio_ack] {'t': 'audio_ack', 'ok': True, 'op': 'stop'}
[rx] {"t":"pong"}
[rx] {"t":"menu_ack","ok":true,"n":4,"rev":2437}
[menu_ack] ok=True n=4 rev=2437
[tx] {"t":"ping"}
[rx] {"t":"pong"}
[tx] {"t":"ping"}
[rx] {"t":"pong"}
[tx] {"t":"ping"}
[rx] {"t":"pong"}
[tx] {"t":"ping"}
[rx] {"t":"pong"}
[tx] {"t":"ping"}
[rx] {"t":"pong"}
[tx] {"t":"ping"}
[rx] {"t":"pong"}
[tx] {"t":"ping"}
[rx] {"t":"pong"}
[tx] {"t":"ping"}
[rx] {"t":"pong"}
[tx] {"t":"ping"}
[rx] {"t":"pong"}
[tx] {"t":"ping"}
[rx] {"t":"pong"}
[tx] {"t":"ping"}
[rx] {"t":"pong"}
[tx] {"t":"ping"}
[rx] {"t":"pong"}
[tx] {"t":"ping"}
[rx] {"t":"pong"}
[tx] {"t":"ping"}
[rx] {"t":"pong"}
[tx] {"t":"ping"}
[rx] {"t":"pong"}
[tx] {"t":"ping"}
[rx] {"t":"pong"}
[tx] {"t":"ping"}
[rx] {"t":"pong"}
[tx] {"t":"ping"}
[rx] {"t":"pong"}
[tx] {"t":"ping"}
[rx] {"t":"pong"}
[tx] {"t":"ping"}
[rx] {"t":"pong"}
[tx] {"t":"ping"}
[rx] {"t":"pong"}
[tx] {"t":"ping"}
[rx] {"t":"pong"}
[tx] {"t":"ping"}
[rx] {"t":"pong"}
[tx] {"t":"ping"}
[rx] {"t":"pong"}
[tx] {"t":"ping"}
[rx] {"t":"pong"}
[tx] {"t":"ping"}
[rx] {"t":"pong"}
[tx] {"t":"ping"}
[rx] {"t":"pong"}
[tx] {"t":"ping"}
[rx] {"t":"pong"}
[tx] {"t":"ping"}
[tx] {"t":"ping"}
[tx] {"t":"ping"}
[tx] {"t":"ping"}
[tx] {"t":"ping"}
[bridge] link lost ([Errno 32] Broken pipe) — reconnect in 3.0s
[tx] {"t":"hello","ver":1}
[rx] {"t":"hello_ack","ver":"0.4.34-dev","fw":"pidrive","slots":4,"page":true,"audio":true,"bin":true,"tcp":true,"tcpPort":9090}
[hello_ack] ver=0.4.34-dev slots=4 page=True tcp=True
[tx] {"t":"menu_set","rev":2437,"page":0,"items":[{"uid":"fav0","name":"Rock Antenne","kind":"station"},{"uid":"fav1","name":"Rock Antenne Bayern","kind":"station"},{"uid":"fav2","name":"Radio BOB!","kind":"station"},{"uid":"pump:page_next","name":"Menue","kind":"action"}]}
[bridge] reconnected tcp:192.168.178.89:9090 hello_ack=ok (menu snapshot resent rev=2437 grace=9)
[tx] {"t":"ping"}
[rx] {"t":"menu_ack","ok":true,"n":4,"rev":2437}
[menu_ack] ok=True n=4 rev=2437
[rx] {"t":"pong"}
[tx] {"t":"ping"}
[rx] {"t":"pong"}
[tx] {"t":"ping"}
[rx] {"t":"pong"}
[tx] {"t":"ping"}
[rx] {"t":"pong"}
[tx] {"t":"ping"}
[rx] {"t":"pong"}
[tx] {"t":"ping"}
[rx] {"t":"pong"}
[tx] {"t":"ping"}
[rx] {"t":"pong"}
[tx] {"t":"ping"}
[rx] {"t":"pong"}
[tx] {"t":"ping"}
[rx] {"t":"pong"}
[tx] {"t":"ping"}
[rx] {"t":"pong"}
[tx] {"t":"ping"}
[rx] {"t":"pong"}
[rx] {"t":"event","op":"msc.reads","ms":35303,"gap":22056,"lba0":2105,"lba1":2105,"bytes":4096,"n":1,"kind":2,"ov":100}
[msc.reads] n=1 bytes=4096 lba=2105..2105 gap=22056 ov=100
[rx] {"t":"event","op":"diag","code":"play.reject","detail":"seq_short uid=fav2 from=2105 +4096B age=34441ms"}
[msc] play.reject seq_short uid=fav2 from=2105 +4096B age=34441ms
[rx] {"t":"event","op":"play_uid","uid":"fav2"}
[trace] t=0ms play_uid=fav2
[trace] t=50ms audio.start fav fav2
[id3] cover file /home/pidrive/pidrive/assets/usb-msc-covers/stations/web_radio_bob.jpg (2373 B)
[tx] {"t":"audio_start","uid":"fav2","codec":"mp3","br":"48k","cSrc":"file","cPath":"stations/web_radio_bob.jpg","cTry":"stations/web_radio_bob.jpg|stations/radio_bob.jpg"}
[trace] audio_start sent uid=fav2 cover=file
[id3] sent 3496 B jpeg=2373 src=file rel='stations/web_radio_bob.jpg' → /tmp/pump_id3_probe.mp3
[audio] ffmpeg https://streams.radiobob.de/bob-national/mp3-128 @ 48k
[rx] {"t":"event","op":"msc.reads","ms":35320,"gap":17,"lba0":2113,"lba1":2113,"bytes":4096,"n":1,"kind":2,"ov":100}
[msc.reads] n=1 bytes=4096 lba=2113..2113 gap=17 ov=100
[rx] {"t":"event","op":"msc.reads","ms":35327,"gap":7,"lba0":2121,"lba1":2121,"bytes":4096,"n":1,"kind":2,"ov":100}
[msc.reads] n=1 bytes=4096 lba=2121..2121 gap=7 ov=100
[rx] {"t":"event","op":"diag","code":"play.reject","detail":"cooldown uid=fav2 from=2105 +12288B age=34465ms"}
[msc] play.reject cooldown uid=fav2 from=2105 +12288B age=34465ms
[rx] {"t":"event","op":"msc.reads","ms":35344,"gap":17,"lba0":2129,"lba1":2129,"bytes":4096,"n":1,"kind":2,"ov":100}
[msc.reads] n=1 bytes=4096 lba=2129..2129 gap=17 ov=100
[rx] {"t":"event","op":"msc.reads","ms":35348,"gap":4,"lba0":2137,"lba1":2137,"bytes":4096,"n":1,"kind":2,"ov":100}
[msc.reads] n=1 bytes=4096 lba=2137..2137 gap=4 ov=100
[rx] {"t":"event","op":"msc.reads","ms":35352,"gap":4,"lba0":2145,"lba1":2145,"bytes":4096,"n":1,"kind":2,"ov":100}
[msc.reads] n=1 bytes=4096 lba=2145..2145 gap=4 ov=100
[rx] {"t":"event","op":"msc.reads","ms":35356,"gap":4,"lba0":2153,"lba1":2153,"bytes":4096,"n":1,"kind":2,"ov":100}
[msc.reads] n=1 bytes=4096 lba=2153..2153 gap=4 ov=100
[rx] {"t":"event","op":"msc.reads","ms":35359,"gap":3,"lba0":2161,"lba1":2361,"bytes":106496,"n":26,"kind":2,"ov":100}
[msc.reads] n=26 bytes=106496 lba=2161..2361 gap=3 ov=100
[rx] {"t":"event","op":"msc.reads","ms":35456,"gap":3,"lba0":2369,"lba1":2369,"bytes":4096,"n":1,"kind":2,"ov":100}
[msc.reads] n=1 bytes=4096 lba=2369..2369 gap=3 ov=100
[rx] {"t":"event","op":"msc.reads","ms":35460,"gap":4,"lba0":2377,"lba1":2385,"bytes":8192,"n":2,"kind":2,"ov":100}
[msc.reads] n=2 bytes=8192 lba=2377..2385 gap=4 ov=100
[rx] {"t":"event","op":"msc.reads","ms":35468,"gap":4,"lba0":2393,"lba1":2393,"bytes":4096,"n":1,"kind":2,"ov":100}
[msc.reads] n=1 bytes=4096 lba=2393..2393 gap=4 ov=100
[rx] {"t":"audio_ack","ok":true,"op":"start","uid":"fav2","id3":true,"warmup":8192}
[audio_ack] {'t': 'audio_ack', 'ok': True, 'op': 'start', 'uid': 'fav2', 'id3': True, 'warmup': 8192}
[rx] {"t":"event","op":"msc.reads","ms":35472,"gap":4,"lba0":2401,"lba1":2417,"bytes":12288,"n":3,"kind":2,"ov":100}
[msc.reads] n=3 bytes=12288 lba=2401..2417 gap=4 ov=100
[rx] {"t":"event","op":"msc.reads","ms":35484,"gap":4,"lba0":2425,"lba1":2489,"bytes":36864,"n":9,"kind":2,"ov":100}
[msc.reads] n=9 bytes=36864 lba=2425..2489 gap=4 ov=100
[rx] {"t":"event","op":"msc.reads","ms":35517,"gap":4,"lba0":2497,"lba1":2505,"bytes":8192,"n":2,"kind":2,"ov":100}
[msc.reads] n=2 bytes=8192 lba=2497..2505 gap=4 ov=100
[rx] {"t":"event","op":"msc.reads","ms":35524,"gap":4,"lba0":2513,"lba1":2513,"bytes":4096,"n":1,"kind":2,"ov":100}
[msc.reads] n=1 bytes=4096 lba=2513..2513 gap=4 ov=100
[rx] {"t":"event","op":"msc.reads","ms":35528,"gap":4,"lba0":2521,"lba1":2521,"bytes":4096,"n":1,"kind":2,"ov":100}
[msc.reads] n=1 bytes=4096 lba=2521..2521 gap=4 ov=100
[rx] {"t":"event","op":"msc.reads","ms":35532,"gap":4,"lba0":2529,"lba1":2529,"bytes":4096,"n":1,"kind":2,"ov":100}
[msc.reads] n=1 bytes=4096 lba=2529..2529 gap=4 ov=100
[rx] {"t":"event","op":"msc.reads","ms":35536,"gap":4,"lba0":2537,"lba1":2537,"bytes":4096,"n":1,"kind":2,"ov":100}
[msc.reads] n=1 bytes=4096 lba=2537..2537 gap=4 ov=100
[rx] {"t":"event","op":"msc.reads","ms":35540,"gap":4,"lba0":2545,"lba1":2545,"bytes":4096,"n":1,"kind":2,"ov":100}
[msc.reads] n=1 bytes=4096 lba=2545..2545 gap=4 ov=100
[rx] {"t":"event","op":"msc.reads","ms":35544,"gap":4,"lba0":2553,"lba1":2625,"bytes":40960,"n":10,"kind":2,"ov":100}
[msc.reads] n=10 bytes=40960 lba=2553..2625 gap=4 ov=100
[rx] {"t":"event","op":"msc.reads","ms":35581,"gap":4,"lba0":2633,"lba1":2633,"bytes":4096,"n":1,"kind":2,"ov":100}
[msc.reads] n=1 bytes=4096 lba=2633..2633 gap=4 ov=100
[rx] {"t":"event","op":"msc.reads","ms":35585,"gap":4,"lba0":2641,"lba1":2641,"bytes":4096,"n":1,"kind":2,"ov":100}
[msc.reads] n=1 bytes=4096 lba=2641..2641 gap=4 ov=100
[rx] {"t":"event","op":"msc.reads","ms":35589,"gap":4,"lba0":2649,"lba1":2649,"bytes":4096,"n":1,"kind":2,"ov":100}
[msc.reads] n=1 bytes=4096 lba=2649..2649 gap=4 ov=100
[rx] {"t":"event","op":"diag","code":"play.reject","detail":"not_from_head uid=fav0 from=969 +4096B age=34784ms prefetch"}
[msc] play.reject not_from_head uid=fav0 from=969 +4096B age=34784ms prefetch
[rx] {"t":"event","op":"msc.reads","ms":35593,"gap":4,"lba0":2657,"lba1":969,"bytes":63488,"n":16,"kind":2,"ov":100}
[msc.reads] n=16 bytes=63488 lba=2657..969 gap=4 ov=100
[rx] {"t":"event","op":"msc.reads","ms":35663,"gap":17,"lba0":977,"lba1":977,"bytes":4096,"n":1,"kind":2,"ov":100}
[msc.reads] n=1 bytes=4096 lba=977..977 gap=17 ov=100
[rx] {"t":"event","op":"msc.reads","ms":35667,"gap":4,"lba0":985,"lba1":985,"bytes":4096,"n":1,"kind":2,"ov":100}
[msc.reads] n=1 bytes=4096 lba=985..985 gap=4 ov=100
[rx] {"t":"event","op":"msc.reads","ms":35671,"gap":4,"lba0":993,"lba1":1017,"bytes":16384,"n":4,"kind":2,"ov":100}
[msc.reads] n=4 bytes=16384 lba=993..1017 gap=4 ov=100
[rx] {"t":"event","op":"msc.reads","ms":35686,"gap":4,"lba0":1025,"lba1":1025,"bytes":4096,"n":1,"kind":2,"ov":100}
[msc.reads] n=1 bytes=4096 lba=1025..1025 gap=4 ov=100
[rx] {"t":"event","op":"msc.reads","ms":35690,"gap":4,"lba0":1033,"lba1":729,"bytes":28672,"n":7,"kind":2,"ov":100}
[msc.reads] n=7 bytes=28672 lba=1033..729 gap=4 ov=100
[rx] {"t":"event","op":"msc.reads","ms":35716,"gap":4,"lba0":737,"lba1":737,"bytes":4096,"n":1,"kind":2,"ov":100}
[msc.reads] n=1 bytes=4096 lba=737..737 gap=4 ov=100
[rx] {"t":"event","op":"msc.reads","ms":35720,"gap":4,"lba0":745,"lba1":745,"bytes":4096,"n":1,"kind":2,"ov":100}
[msc.reads] n=1 bytes=4096 lba=745..745 gap=4 ov=100
[rx] {"t":"event","op":"msc.reads","ms":35724,"gap":4,"lba0":753,"lba1":777,"bytes":16384,"n":4,"kind":2,"ov":100}
[msc.reads] n=4 bytes=16384 lba=753..777 gap=4 ov=100
[rx] {"t":"event","op":"msc.reads","ms":35738,"gap":3,"lba0":785,"lba1":889,"bytes":57344,"n":14,"kind":2,"ov":100}
[msc.reads] n=14 bytes=57344 lba=785..889 gap=3 ov=100
[rx] {"t":"event","op":"msc.reads","ms":35789,"gap":3,"lba0":897,"lba1":897,"bytes":4096,"n":1,"kind":2,"ov":100}
[msc.reads] n=1 bytes=4096 lba=897..897 gap=3 ov=100
[rx] {"t":"event","op":"msc.reads","ms":35793,"gap":4,"lba0":905,"lba1":905,"bytes":4096,"n":1,"kind":2,"ov":100}
[msc.reads] n=1 bytes=4096 lba=905..905 gap=4 ov=100
[rx] {"t":"event","op":"msc.reads","ms":35797,"gap":4,"lba0":913,"lba1":913,"bytes":4096,"n":1,"kind":2,"ov":100}
[msc.reads] n=1 bytes=4096 lba=913..913 gap=4 ov=100
[rx] {"t":"event","op":"msc.reads","ms":35801,"gap":4,"lba0":921,"lba1":725,"bytes":26624,"n":7,"kind":2,"ov":100}
[msc.reads] n=7 bytes=26624 lba=921..725 gap=4 ov=100
[audio] forwarded 18000 B / 2s
[audio] forwarded 18000 B / 2s
[audio] forwarded 18000 B / 2s
[audio] forwarded 18000 B / 2s
[audio] forwarded 18000 B / 2s
[audio] forwarded 17192 B / 2s
[audio] forwarded 16976 B / 2s
[audio] forwarded 16976 B / 2s
[audio] forwarded 16976 B / 2s
[audio] forwarded 16976 B / 2s
[audio] forwarded 16530 B / 2s
[audio] forwarded 11755 B / 2s
[audio] forwarded 12382 B / 2s
[audio] forwarded 11912 B / 2s
[audio] forwarded 11912 B / 2s
[audio] forwarded 12225 B / 2s
[audio] forwarded 11912 B / 2s
[audio] forwarded 12936 B / 2s
[audio] forwarded 12225 B / 2s
[audio] forwarded 11912 B / 2s
[audio] forwarded 12455 B / 2s
[audio] forwarded 11912 B / 2s
[audio] forwarded 12382 B / 2s
[audio] forwarded 11755 B / 2s
[audio] forwarded 11912 B / 2s
[audio] forwarded 11912 B / 2s
[audio] forwarded 12382 B / 2s
[audio] forwarded 11911 B / 2s
[audio] forwarded 11912 B / 2s
[audio] forwarded 12226 B / 2s
[audio] forwarded 11911 B / 2s
[audio] forwarded 12936 B / 2s
[audio] forwarded 12226 B / 2s
[audio] forwarded 11911 B / 2s
[audio] forwarded 11912 B / 2s
[audio] forwarded 12769 B / 2s
[audio] forwarded 11912 B / 2s
