{
  "REPLUG": {
    "pass": true,
    "uid": "fav2",
    "cmd_kib": 4,
    "commands": 128,
    "bytes": 524288,
    "read_ms": 845.1,
    "head_ms": 19.36,
    "head_pause_ms": 19.0,
    "field_read_ms": [
      651,
      665
    ],
    "rate_kBps": 620.4,
    "sg_ms_per_4k": {
      "p5": 5.0,
      "p50": 5.0,
      "p95": 6.0,
      "p99": 19.0,
      "min": 5.0,
      "max": 24.0,
      "n": 128
    },
    "ring_pre": 49152,
    "ring_full_pre": true,
    "producer_bytes": 79360,
    "producer_err": null,
    "class_counts": {
      "ID3": 1,
      "LIVE": 12,
      "SILENCE": 115
    },
    "ear": {
      "live_bytes": 49152,
      "consumed": 0,
      "events": {
        "silence_in_play": 115
      },
      "event_list": [
        {
          "t": 2005599.176517403,
          "kind": "silence_in_play"
        },
        {
          "t": 2005599.182570021,
          "kind": "silence_in_play"
        },
        {
          "t": 2005599.188672163,
          "kind": "silence_in_play"
        },
        {
          "t": 2005599.195159042,
          "kind": "silence_in_play"
        },
        {
          "t": 2005599.201432488,
          "kind": "silence_in_play"
        },
        {
          "t": 2005599.207636303,
          "kind": "silence_in_play"
        },
        {
          "t": 2005599.213739286,
          "kind": "silence_in_play"
        },
        {
          "t": 2005599.219717795,
          "kind": "silence_in_play"
        },
        {
          "t": 2005599.22566271,
          "kind": "silence_in_play"
        },
        {
          "t": 2005599.231675763,
          "kind": "silence_in_play"
        },
        {
          "t": 2005599.2382617,
          "kind": "silence_in_play"
        },
        {
          "t": 2005599.244818682,
          "kind": "silence_in_play"
        },
        {
          "t": 2005599.25098243,
          "kind": "silence_in_play"
        },
        {
          "t": 2005599.256938075,
          "kind": "silence_in_play"
        },
        {
          "t": 2005599.262872891,
          "kind": "silence_in_play"
        },
        {
          "t": 2005599.268801615,
          "kind": "silence_in_play"
        },
        {
          "t": 2005599.274882297,
          "kind": "silence_in_play"
        },
        {
          "t": 2005599.281141426,
          "kind": "silence_in_play"
        },
        {
          "t": 2005599.287386879,
          "kind": "silence_in_play"
        },
        {
          "t": 2005599.293703136,
          "kind": "silence_in_play"
        },
        {
          "t": 2005599.29993331,
          "kind": "silence_in_play"
        },
        {
          "t": 2005599.306037656,
          "kind": "silence_in_play"
        },
        {
          "t": 2005599.311930543,
          "kind": "silence_in_play"
        },
        {
          "t": 2005599.317878664,
          "kind": "silence_in_play"
        },
        {
          "t": 2005599.323984112,
          "kind": "silence_in_play"
        },
        {
          "t": 2005599.330143302,
          "kind": "silence_in_play"
        },
        {
          "t": 2005599.336170252,
          "kind": "silence_in_play"
        },
        {
          "t": 2005599.342090861,
          "kind": "silence_in_play"
        },
        {
          "t": 2005599.347976744,
          "kind": "silence_in_play"
        },
        {
          "t": 2005599.353894789,
          "kind": "silence_in_play"
        },
        {
          "t": 2005599.359924494,
          "kind": "silence_in_play"
        },
        {
          "t": 2005599.366477788,
          "kind": "silence_in_play"
        },
        {
          "t": 2005599.372630055,
          "kind": "silence_in_play"
        },
        {
          "t": 2005599.378605628,
          "kind": "silence_in_play"
        },
        {
          "t": 2005599.384570601,
          "kind": "silence_in_play"
        },
        {
          "t": 2005599.390573165,
          "kind": "silence_in_play"
        },
        {
          "t": 2005599.396517088,
          "kind": "silence_in_play"
        },
        {
          "t": 2005599.40246011,
          "kind": "silence_in_play"
        },
        {
          "t": 2005599.408724288,
          "kind": "silence_in_play"
        },
        {
          "t": 2005599.415152847,
          "kind": "silence_in_play"
        },
        {
          "t": 2005599.421171962,
          "kind": "silence_in_play"
        },
        {
          "t": 2005599.427106307,
          "kind": "silence_in_play"
        },
        {
          "t": 2005599.432927929,
          "kind": "silence_in_play"
        },
        {
          "t": 2005599.43885499,
          "kind": "silence_in_play"
        },
        {
          "t": 2005599.444906327,
          "kind": "silence_in_play"
        },
        {
          "t": 2005599.451243773,
          "kind": "silence_in_play"
        },
        {
          "t": 2005599.457464309,
          "kind": "silence_in_play"
        },
        {
          "t": 2005599.463446625,
          "kind": "silence_in_play"
        },
        {
          "t": 2005599.469362445,
          "kind": "silence_in_play"
        },
        {
          "t": 2005599.475223291,
          "kind": "silence_in_play"
        }
      ]
    },
    "id3Len_dump": 3300,
    "id3Len_fw": 3300,
    "live_span": {
      "stamps": 196,
      "seq_gaps": 0,
      "file_first": 3300,
      "file_end": 53476,
      "seq_first": 88,
      "seq_last": 283,
      "abs_first": 22528,
      "abs_end": 72704
    },
    "live_bytes_file": 50176,
    "live_s_at_48k": 8.36,
    "realtime_bps": 4000,
    "live_s_at_bps": 12.54,
    "undDelta": 470812,
    "expect_undDelta": 470812,
    "field_undDelta": [
      470616,
      471640
    ],
    "hostAbs_after": 543516,
    "absEnd_pre": 71680,
    "absEnd_post": 77568,
    "abs_cross_fw": 72704,
    "abs_cross_pdsq": 72704,
    "und_ok": true,
    "identity_diff": 0,
    "identity_ok": true,
    "cross_in_window": true,
    "complete_ok": true,
    "timing_ok": true
  }
}
OUT /home/martin/projects/pidrive/docs/betrieb/artifacts-2026-10-08-lab/lab-abend-fortsetzung-2005/fenster-32k-x3/r02/replug overall=PASS

