+ /usr/bin/python3 /tmp/nbt_harness/nbt_replay.py --trace /tmp/nbt_harness/traces/b1_burst_quiet_gentle.replay.json --esp http://192.168.178.88 --dev /dev/sda --sg /dev/sg0 --mode sg --settle 30.0 --out /tmp/nbt_harness/reports/burst_then_quiet__0.4.36-dev__20261002-080518.json
wrote /tmp/nbt_harness/reports/burst_then_quiet__0.4.36-dev__20261002-080518.json
reads=4 errors=0 fw=0.4.36-dev→0.4.36-dev transport=sg:/dev/sg0
lab/play b'{"ok":true,"playingUid":"fav1","playingName":"Rock Antenne Bayern","known":true,"pumpUp":true}'
+ /usr/bin/python3 /tmp/nbt_harness/nbt_replay.py --trace /tmp/nbt_harness/reports/_tmp_head_reread_after_quiet.replay.json --esp http://192.168.178.88 --dev /dev/sda --sg /dev/sg0 --mode sg --settle 30 --out /tmp/nbt_harness/reports/head_reread_after_quiet__0.4.36-dev__20261002-080518.json --settle-override 30
wrote /tmp/nbt_harness/reports/head_reread_after_quiet__0.4.36-dev__20261002-080518.json
reads=4 errors=0 fw=0.4.36-dev→0.4.36-dev transport=sg:/dev/sg0
lab/play b'{"ok":true,"playingUid":"fav0","playingName":"Rock Antenne","known":true,"pumpUp":true}'
+ /usr/bin/python3 /tmp/nbt_harness/nbt_replay.py --trace /tmp/nbt_harness/traces/sequential_past_head.replay.json --esp http://192.168.178.88 --dev /dev/sda --sg /dev/sg0 --mode sg --settle 5 --out /tmp/nbt_harness/reports/sequential_past_head__0.4.36-dev__20261002-080518.json --settle-override 5
wrote /tmp/nbt_harness/reports/sequential_past_head__0.4.36-dev__20261002-080518.json
reads=4 errors=0 fw=0.4.36-dev→0.4.36-dev transport=sg:/dev/sg0
lab/play b'{"ok":true,"playingUid":"fav2","playingName":"Radio BOB!","known":true,"pumpUp":true}'
+ /usr/bin/python3 /tmp/nbt_harness/nbt_replay.py --trace /tmp/nbt_harness/traces/feld_prefetch_then_warm_gentle.replay.json --esp http://192.168.178.88 --dev /dev/sda --sg /dev/sg0 --mode sg --settle 5 --out /tmp/nbt_harness/reports/prefetch_then_warm__0.4.36-dev__20261002-080518.json --settle-override 5
wrote /tmp/nbt_harness/reports/prefetch_then_warm__0.4.36-dev__20261002-080518.json
reads=44 errors=0 fw=0.4.36-dev→0.4.36-dev transport=sg:/dev/sg0
# NBT-Replay Suite Dashboard — 0.4.36-dev — 20261002-080518

Mode: `sg` · ESP: `http://192.168.178.88`

| Scenario | Overall | reboot | preΔ | streamΔ | underrunΔ | live_ratio | read_bytes | report |
|----------|---------|--------|------|---------|-----------|------------|------------|--------|
| `burst_then_quiet` | **WARN** | False | 0 | 4096 | 0 | 1.000 | 16384 | burst_then_quiet__0.4.36-dev__20261002-080518.md |
| `head_reread_after_quiet` | **WARN** | False | 0 | 0 | 0 | None | 16384 | head_reread_after_quiet__0.4.36-dev__20261002-080518.md |
| `sequential_past_head` | **PASS** | False | 0 | 16384 | 0 | 1.000 | 16384 | sequential_past_head__0.4.36-dev__20261002-080518.md |
| `prefetch_then_warm` | **FAIL** | False | 0 | 0 | 0 | None | 180224 | prefetch_then_warm__0.4.36-dev__20261002-080518.md |

## B6 verdicts (`prefetch_then_warm`)

- `pre_warm_bytes`: **PASS**
- `stream_after_arm`: **FAIL**
- `overlay_live`: **WARN**


dashboard: /tmp/nbt_harness/reports/dashboard__0.4.36-dev__20261002-080518.md
