17:30:03  4526080 0
17:30:05  4526080 0
17:30:07  4526080 0
17:30:09  4526080 0
17:30:11  4526080 0
17:30:13  4526080 0
17:30:16  4526080 0
17:30:18  4526080 0
17:30:20  4526080 0
17:30:22  4526080 0
17:30:24 fav2 4526080 454656
17:30:26 fav2 4526080 454656
17:30:28 fav2 4526080 454656
17:30:30 fav2 4526080 454656
17:30:32 fav2 4526080 454656
17:30:34 fav2 4526080 454656
17:30:37 fav2 4526080 454656
17:30:39 fav2 4526080 454656
17:30:41 fav2 4526080 454656
17:30:43 fav2 4526080 454656
17:30:45 fav2 4526080 454656
17:30:47 fav2 4526080 454656
17:30:49 fav2 4526080 454656
17:30:51 fav2 4526080 454656
17:30:53 fav2 4526080 454656
17:30:55 fav2 4526080 454656
17:30:58 fav2 4526080 454656
17:31:00 fav2 4526080 454656
17:31:02 fav2 4526080 454656
17:31:04 fav2 4526080 454656
17:31:06 fav2 4526080 454656
17:31:08 fav2 4526080 454656
17:31:10 fav2 4526080 454656
17:31:12 fav2 4526080 454656
17:31:14 fav2 4526080 454656
17:31:16 fav2 4526080 454656
17:31:19 fav2 4526080 454656
17:31:21 fav2 4526080 454656
17:31:23 fav2 4526080 454656
17:31:25 fav2 4526080 454656
17:31:27 fav2 4526080 454656
17:31:29 fav2 4526080 454656
17:31:31 fav2 4526080 454656
17:31:33 fav2 4526080 454656
17:31:35 fav2 4526080 454656
17:31:37 fav2 4526080 454656
17:31:39 fav2 4526080 454656
17:31:42 fav2 4526080 454656
17:31:44 fav2 4526080 454656
17:31:46 fav2 4526080 454656
17:31:48 fav2 4526080 454656
17:31:50 fav2 4526080 454656
17:31:52 fav2 4526080 454656
17:31:54 fav2 4526080 454656
17:31:56 fav2 4526080 454656
17:31:58 fav2 4526080 454656
17:32:00 fav2 4526080 454656
17:32:02 fav2 4526080 454656
17:32:04 fav2 4526080 454656
17:32:06 fav2 4526080 454656
17:32:09 fav2 4526080 454656
17:32:11 fav2 4526080 454656
17:32:13 fav2 4526080 454656
17:32:15 fav2 4526080 454656
17:32:17 fav2 4526080 454656
17:32:19 fav2 4526080 454656
17:32:21 fav2 4526080 454656
17:32:23 fav2 4526080 454656
17:32:25 fav2 4526080 454656
17:32:27 fav2 4526080 454656
17:32:30 fav2 4526080 454656
17:32:32 fav2 4526080 454656
17:32:34 fav2 4526080 454656
17:32:36 fav2 4526080 454656
17:32:38 fav2 4526080 454656
17:32:40 fav2 4526080 454656
17:32:44  0 0
17:32:46  0 0
17:32:48  0 0
17:32:50  0 0
17:32:52  0 0
17:32:54  0 0
17:32:57  0 0
17:32:59  0 0
