[msc-lock] USB_SESSION_START → sealing (next menu_set freezes map)
[msc-lock] enabled=True seed_plugged=True
[tx] {"t":"hello","ver":1}
[rx] {"t":"hello_ack","ver":"0.4.45-dev","fw":"pidrive","slots":4,"page":true,"audio":true,"bin":true,"tcp":true,"tcpPort":9090}
[hello_ack] ver=0.4.45-dev slots=4 page=True tcp=True
[tx] {"t":"audio_stop"}
[bridge] tcp:192.168.178.88:9090 audio=off paging=on
[rx] {"t":"event","op":"play_uid","uid":"pump:stop"}
[trace] t=0ms play_uid=pump:stop
[audio] stop (SoftAP/Remote)
[tx] {"t":"ping"}
[tx] {"t":"menu_set","rev":6001,"page":0,"items":[{"uid":"fav0","name":"Rock Antenne","kind":"station"},{"uid":"fav1","name":"Rock Antenne Bayern","kind":"station"},{"uid":"fav2","name":"Radio BOB!","kind":"station"},{"uid":"pump:page_next","name":"Menue","kind":"action"}]}
[msc-lock] sealing publish (seal)
[rx] {"t":"audio_ack","ok":true,"op":"stop"}
[audio_ack] {'t': 'audio_ack', 'ok': True, 'op': 'stop'}
[rx] {"t":"pong"}
[rx] {"t":"menu_ack","ok":true,"n":4,"rev":6001}
[menu_ack] ok=True n=4 rev=6001
[msc-lock] MSC_MAP_FROZEN [Rock Antenne,Rock Antenne Bayern,Radio BOB!,Menue]
[msc-lock] frozen_reject want=[Favoriten,Quellen,Stop,Mehr... (+3)] have=[Rock Antenne,Rock Antenne Bayern,Radio BOB!,Menue] (n=1)
[tx] {"t":"ping"}
[rx] {"t":"pong"}
[tx] {"t":"ping"}
[rx] {"t":"pong"}
[rx] {"t":"event","op":"play_uid","uid":"pump:page_next"}
[trace] t=0ms play_uid=pump:page_next
[page] next → 1
[tx] {"t":"ping"}
[rx] {"t":"pong"}
[rx] {"t":"event","op":"play_uid","uid":"pump:stop"}
[trace] t=0ms play_uid=pump:stop
[audio] stop (SoftAP/Remote)
[rx] {"t":"event","op":"play_uid","uid":"7194960129032930190"}
[trace] t=0ms play_uid=7194960129032930190
[tx] {"t":"audio_stop"}
[inject] activate:7194960129032930190
[nav] action/- → activate:7194960129032930190
[msc-lock] frozen_reject want=[Favoriten,Quellen,Stop,Mehr... (+3)] have=[Rock Antenne,Rock Antenne Bayern,Radio BOB!,Menue] (n=11)
[rx] {"t":"audio_ack","ok":true,"op":"stop"}
[audio_ack] {'t': 'audio_ack', 'ok': True, 'op': 'stop'}
[rx] {"t":"event","op":"msc.reads","ms":42593465,"gap":17822,"lba0":781,"lba1":781,"bytes":512,"n":1,"kind":2,"ov":30}
[msc.reads] n=1 bytes=512 lba=781..781 gap=17822 ov=30
[rx] {"t":"event","op":"diag","code":"play.reject","detail":"not_from_head uid=fav0 from=781 +2048B age=42592485ms prefetch"}
[msc] play.reject not_from_head uid=fav0 from=781 +2048B age=42592485ms prefetch
[rx] {"t":"event","op":"msc.reads","ms":42593466,"gap":1,"lba0":782,"lba1":784,"bytes":1536,"n":3,"kind":2,"ov":30}
[msc.reads] n=3 bytes=1536 lba=782..784 gap=1 ov=30
[rx] {"t":"event","op":"msc.reads","ms":42593483,"gap":15,"lba0":785,"lba1":787,"bytes":1536,"n":3,"kind":2,"ov":30}
[msc.reads] n=3 bytes=1536 lba=785..787 gap=15 ov=30
[rx] {"t":"event","op":"msc.reads","ms":42593486,"gap":1,"lba0":788,"lba1":795,"bytes":4096,"n":8,"kind":2,"ov":30}
[msc.reads] n=8 bytes=4096 lba=788..795 gap=1 ov=30
[rx] {"t":"event","op":"msc.reads","ms":42593493,"gap":1,"lba0":796,"lba1":802,"bytes":3584,"n":7,"kind":2,"ov":30}
[msc.reads] n=7 bytes=3584 lba=796..802 gap=1 ov=30
[rx] {"t":"event","op":"msc.reads","ms":42593499,"gap":1,"lba0":803,"lba1":804,"bytes":1024,"n":2,"kind":2,"ov":30}
[msc.reads] n=2 bytes=1024 lba=803..804 gap=1 ov=30
[tx] {"t":"ping"}
[rx] {"t":"pong"}
[rx] {"t":"event","op":"play_uid","uid":"pump:page_home"}
[trace] t=0ms play_uid=pump:page_home
[page] home → 0
[tx] {"t":"ping"}
[rx] {"t":"pong"}
[tx] {"t":"ping"}
[rx] {"t":"pong"}
[msc-lock] frozen_reject want=[Favoriten,Quellen,Stop,Mehr... (+3)] have=[Rock Antenne,Rock Antenne Bayern,Radio BOB!,Menue] (n=21)
[tx] {"t":"menu_set","rev":6003,"page":0,"items":[{"uid":"fav0","name":"Rock Antenne","kind":"station"},{"uid":"fav1","name":"Rock Antenne Bayern","kind":"station"},{"uid":"fav2","name":"Radio BOB!","kind":"station"},{"uid":"pump:page_next","name":"Menue","kind":"action"}]}
[rx] {"t":"menu_ack","ok":true,"n":4,"rev":6003}
[menu_ack] ok=True n=4 rev=6003
[tx] {"t":"ping"}
[rx] {"t":"pong"}
[tx] {"t":"ping"}
[rx] {"t":"pong"}
[tx] {"t":"ping"}
[rx] {"t":"pong"}
