{
  "BENCH": {
    "pass": false,
    "sizes": {
      "4096": {
        "reads": 2000,
        "bytes": 8192000,
        "dt_s": 11.009,
        "reads_per_s": 181.7,
        "MBps": 0.744,
        "ms_per_4k": 5.505,
        "esp_readCount_delta": 2000,
        "offline": false,
        "period_ms": null,
        "gap_ms": 0.0,
        "sg_duration_ms": {
          "p5": 4.0,
          "p50": 4.0,
          "p95": 5.0,
          "p99": 39.0,
          "min": 3.0,
          "max": 65.0,
          "n": 2000
        },
        "wall_ms": {
          "p5": 3.998,
          "p50": 4.151,
          "p95": 4.627,
          "p99": 39.454,
          "min": 3.937,
          "max": 65.154,
          "n": 2000
        },
        "start_to_start_ms": {
          "p5": 4.557,
          "p50": 4.79,
          "p95": 5.48,
          "p99": 39.542,
          "min": 4.415,
          "max": 66.112,
          "n": 1999
        }
      }
    },
    "c1_reads_per_s": 181.7,
    "offline": false,
    "incomplete": false
  }
}
OUT docs/betrieb/artifacts-2026-10-07-lab/lab88-s2probe/T2-1605/armed-noprod-fav0-read-fav1-r1 overall=FAIL
