2026-10-08T16:52:30.301+02:00 new 96 lost 0 rc 1748 
2026-10-08T16:52:58.865+02:00 new 1 lost 0 rc 1 
2026-10-08T16:52:59.116+02:00 new 21 lost 0 rc 22 
2026-10-08T16:52:59.366+02:00 new 17 lost 0 rc 39 
2026-10-08T16:52:59.616+02:00 new 46 lost 0 rc 84 
2026-10-08T16:52:59.866+02:00 new 63 lost 0 rc 147 
2026-10-08T16:53:00.116+02:00 new 19 lost 1 rc 167 
1791471193.371 new None lost None rc None timed out
1791471233.026 new None lost None rc None timed out
2026-10-08T16:54:20.911+02:00 new 11 lost 0 rc 10 
2026-10-08T16:54:21.161+02:00 new 11 lost 1 rc 22 
2026-10-08T16:54:21.411+02:00 new 16 lost 0 rc 38 
2026-10-08T16:54:21.661+02:00 new 63 lost 0 rc 101 
2026-10-08T16:54:21.911+02:00 new 51 lost 0 rc 152 
2026-10-08T16:54:22.161+02:00 new 15 lost 0 rc 167 
1791471327.063 new None lost None rc None timed out
1791471328.635 new None lost None rc None <urlopen error timed out>
2026-10-08T16:55:31.788+02:00 new 15 lost 0 rc 15 
2026-10-08T16:55:32.038+02:00 new 22 lost 0 rc 37 
2026-10-08T16:55:32.288+02:00 new 18 lost 0 rc 54 
2026-10-08T16:55:32.538+02:00 new 60 lost 0 rc 114 
2026-10-08T16:55:32.788+02:00 new 64 lost 0 rc 178 
2026-10-08T16:55:33.038+02:00 new 96 lost 19 rc 293 
2026-10-08T16:55:33.344+02:00 new 46 lost 0 rc 338 
2026-10-08T16:55:33.594+02:00 new 0 lost 1 rc 339 
2026-10-08T16:55:47.276+02:00 new 25 lost 0 rc 363 
2026-10-08T16:55:47.526+02:00 new 18 lost 1 rc 382 
1791471354.784 new None lost None rc None timed out
1791471356.342 new None lost None rc None <urlopen error timed out>
2026-10-08T16:56:00.878+02:00 new 17 lost 0 rc 17 
2026-10-08T16:56:01.128+02:00 new 20 lost 0 rc 37 
2026-10-08T16:56:01.378+02:00 new 33 lost 0 rc 69 
2026-10-08T16:56:01.629+02:00 new 39 lost 1 rc 109 
2026-10-08T16:56:01.879+02:00 new 65 lost 0 rc 174 
2026-10-08T16:56:02.129+02:00 new 54 lost 0 rc 228 
2026-10-08T16:56:02.379+02:00 new 66 lost 0 rc 293 
2026-10-08T16:56:02.629+02:00 new 45 lost 1 rc 339 
2026-10-08T16:56:12.716+02:00 new 43 lost 0 rc 382 
2026-10-08T16:56:29.286+02:00 new 14 lost 0 rc 14 
2026-10-08T16:56:29.576+02:00 new 5 lost 0 rc 18 
2026-10-08T16:56:29.826+02:00 new 69 lost 0 rc 87 
2026-10-08T16:56:30.405+02:00 new 79 lost 1 rc 167 
2026-10-08T16:56:46.871+02:00 new 9 lost 0 rc 175 
2026-10-08T16:56:47.121+02:00 new 57 lost 0 rc 232 
2026-10-08T16:56:47.371+02:00 new 48 lost 0 rc 280 
2026-10-08T16:56:47.621+02:00 new 55 lost 0 rc 335 
2026-10-08T16:56:47.872+02:00 new 52 lost 1 rc 388 
2026-10-08T16:56:48.122+02:00 new 46 lost 0 rc 434 
2026-10-08T16:56:48.372+02:00 new 55 lost 0 rc 489 
2026-10-08T16:56:48.622+02:00 new 49 lost 0 rc 538 
2026-10-08T16:56:48.872+02:00 new 50 lost 0 rc 587 
2026-10-08T16:56:49.122+02:00 new 49 lost 0 rc 636 
2026-10-08T16:56:49.372+02:00 new 52 lost 0 rc 688 
2026-10-08T16:56:49.622+02:00 new 49 lost 0 rc 737 
2026-10-08T16:56:49.872+02:00 new 49 lost 1 rc 787 
2026-10-08T16:56:50.122+02:00 new 47 lost 0 rc 834 
2026-10-08T16:56:50.373+02:00 new 49 lost 0 rc 882 
2026-10-08T16:56:50.623+02:00 new 54 lost 0 rc 936 
2026-10-08T16:56:50.873+02:00 new 58 lost 0 rc 994 
2026-10-08T16:56:51.123+02:00 new 40 lost 0 rc 1034 
2026-10-08T16:56:51.373+02:00 new 47 lost 0 rc 1081 
2026-10-08T16:56:51.623+02:00 new 50 lost 0 rc 1131 
2026-10-08T16:56:51.873+02:00 new 51 lost 0 rc 1182 
2026-10-08T16:56:52.123+02:00 new 61 lost 1 rc 1244 
2026-10-08T16:56:52.373+02:00 new 49 lost 0 rc 1292 
2026-10-08T16:56:52.623+02:00 new 53 lost 1 rc 1346 
2026-10-08T16:56:52.873+02:00 new 34 lost 0 rc 1379 
2026-10-08T16:56:53.123+02:00 new 46 lost 0 rc 1425 
2026-10-08T16:56:53.374+02:00 new 50 lost 1 rc 1476 
2026-10-08T16:56:53.624+02:00 new 47 lost 0 rc 1523 
2026-10-08T16:56:53.874+02:00 new 54 lost 0 rc 1577 
2026-10-08T16:56:54.124+02:00 new 54 lost 0 rc 1631 
2026-10-08T16:56:54.374+02:00 new 54 lost 0 rc 1684 
2026-10-08T16:56:54.624+02:00 new 44 lost 0 rc 1728 
2026-10-08T16:56:54.874+02:00 new 45 lost 0 rc 1773 
2026-10-08T16:56:55.124+02:00 new 50 lost 1 rc 1824 
2026-10-08T16:56:55.374+02:00 new 50 lost 0 rc 1873 
2026-10-08T16:56:55.624+02:00 new 48 lost 0 rc 1921 
2026-10-08T16:56:55.874+02:00 new 50 lost 0 rc 1971 
2026-10-08T16:56:56.124+02:00 new 44 lost 1 rc 2016 
2026-10-08T16:56:56.375+02:00 new 50 lost 0 rc 2066 
2026-10-08T16:56:56.625+02:00 new 57 lost 0 rc 2123 
2026-10-08T16:56:56.875+02:00 new 33 lost 0 rc 2156 
1791471420.377 new None lost None rc None <urlopen error timed out>
1791471421.879 new None lost None rc None <urlopen error timed out>
2026-10-08T16:57:04.679+02:00 new 15 lost 0 rc 14 
2026-10-08T16:57:04.929+02:00 new 21 lost 0 rc 35 
2026-10-08T16:57:05.179+02:00 new 18 lost 0 rc 53 
2026-10-08T16:57:05.429+02:00 new 35 lost 0 rc 87 
2026-10-08T16:57:05.679+02:00 new 65 lost 2 rc 154 
2026-10-08T16:57:05.929+02:00 new 64 lost 0 rc 217 
2026-10-08T16:57:06.179+02:00 new 70 lost 1 rc 288 
2026-10-08T16:57:06.430+02:00 new 51 lost 0 rc 339 
2026-10-08T16:57:24.540+02:00 new 15 lost 0 rc 15 
2026-10-08T16:57:24.790+02:00 new 22 lost 0 rc 37 
2026-10-08T16:57:25.040+02:00 new 58 lost 0 rc 94 
2026-10-08T16:57:25.290+02:00 new 58 lost 1 rc 153 
2026-10-08T16:57:25.540+02:00 new 14 lost 0 rc 167 
1791471499.012 new None lost None rc None <urlopen error timed out>
1791471500.514 new None lost None rc None <urlopen error timed out>
1791471502.017 new None lost None rc None <urlopen error timed out>
2026-10-08T16:58:23.518+02:00 new 37 lost 0 rc 37 
2026-10-08T16:58:24.608+02:00 new 2 lost 0 rc 39 
2026-10-08T16:58:24.858+02:00 new 55 lost 0 rc 93 
2026-10-08T16:58:25.108+02:00 new 76 lost 0 rc 169 
2026-10-08T16:58:25.358+02:00 new 79 lost 1 rc 249 
2026-10-08T16:58:25.608+02:00 new 57 lost 0 rc 305 
2026-10-08T16:58:25.858+02:00 new 33 lost 1 rc 339 
2026-10-08T16:59:29.881+02:00 new 43 lost 0 rc 382 
2026-10-08T17:02:30.119+02:00 new 15 lost 0 rc 15 
2026-10-08T17:02:30.369+02:00 new 23 lost 0 rc 38 
2026-10-08T17:02:30.619+02:00 new 43 lost 0 rc 80 
2026-10-08T17:02:30.869+02:00 new 58 lost 0 rc 138 
2026-10-08T17:02:31.119+02:00 new 64 lost 0 rc 202 
2026-10-08T17:02:31.369+02:00 new 50 lost 1 rc 253 
2026-10-08T17:02:33.120+02:00 new 10 lost 0 rc 263 
2026-10-08T17:02:33.370+02:00 new 56 lost 0 rc 318 
2026-10-08T17:02:33.620+02:00 new 64 lost 0 rc 382 
2026-10-08T17:02:33.870+02:00 new 63 lost 1 rc 446 
2026-10-08T17:02:34.120+02:00 new 65 lost 0 rc 510 
2026-10-08T17:02:34.370+02:00 new 60 lost 1 rc 571 
2026-10-08T17:02:34.621+02:00 new 66 lost 0 rc 637 
2026-10-08T17:02:34.871+02:00 new 64 lost 0 rc 701 
2026-10-08T17:02:35.121+02:00 new 66 lost 0 rc 766 
2026-10-08T17:02:35.371+02:00 new 59 lost 0 rc 825 
2026-10-08T17:02:35.621+02:00 new 65 lost 0 rc 890 
2026-10-08T17:02:35.871+02:00 new 63 lost 0 rc 953 
2026-10-08T17:02:36.121+02:00 new 62 lost 0 rc 1015 
2026-10-08T17:02:36.371+02:00 new 62 lost 0 rc 1077 
2026-10-08T17:02:36.621+02:00 new 60 lost 0 rc 1137 
2026-10-08T17:02:36.871+02:00 new 64 lost 0 rc 1201 
2026-10-08T17:02:37.122+02:00 new 65 lost 1 rc 1267 
2026-10-08T17:02:37.372+02:00 new 64 lost 0 rc 1330 
2026-10-08T17:02:37.622+02:00 new 67 lost 0 rc 1397 
2026-10-08T17:02:37.872+02:00 new 67 lost 0 rc 1464 
2026-10-08T17:02:38.122+02:00 new 57 lost 1 rc 1522 
2026-10-08T17:02:38.372+02:00 new 61 lost 0 rc 1583 
2026-10-08T17:02:38.622+02:00 new 66 lost 0 rc 1648 
2026-10-08T17:02:38.872+02:00 new 65 lost 0 rc 1713 
2026-10-08T17:02:39.122+02:00 new 64 lost 0 rc 1777 
2026-10-08T17:02:39.373+02:00 new 57 lost 0 rc 1834 
2026-10-08T17:02:39.623+02:00 new 64 lost 1 rc 1899 
2026-10-08T17:02:39.873+02:00 new 68 lost 0 rc 1966 
2026-10-08T17:02:40.123+02:00 new 59 lost 0 rc 2025 
2026-10-08T17:02:40.373+02:00 new 65 lost 0 rc 2090 
2026-10-08T17:02:40.623+02:00 new 60 lost 0 rc 2150 
2026-10-08T17:02:40.873+02:00 new 65 lost 0 rc 2215 
2026-10-08T17:02:41.123+02:00 new 27 lost 0 rc 2242 
2026-10-08T17:02:43.124+02:00 new 39 lost 0 rc 2281 
2026-10-08T17:02:43.374+02:00 new 4 lost 0 rc 2285 
2026-10-08T17:06:04.008+02:00 new 12 lost 0 rc 2297 
2026-10-08T17:06:04.258+02:00 new 24 lost 0 rc 2321 
1791471991.773 new None lost None rc None timed out
2026-10-08T17:06:33.402+02:00 new 96 lost 33 rc 2450 
2026-10-08T17:06:36.275+02:00 new 39 lost 0 rc 2488 
2026-10-08T17:06:36.832+02:00 new 96 lost 12 rc 2596 
2026-10-08T17:06:37.233+02:00 new 96 lost 62 rc 2754 
2026-10-08T17:06:38.079+02:00 new 96 lost 174 rc 3024 
2026-10-08T17:06:39.093+02:00 new 96 lost 266 rc 3386 
2026-10-08T17:06:40.434+02:00 new 96 lost 41 rc 3523 
2026-10-08T17:06:40.687+02:00 new 20 lost 0 rc 3543 
2026-10-08T17:06:51.061+02:00 new 2 lost 0 rc 3544 
2026-10-08T17:06:51.311+02:00 new 58 lost 1 rc 3603 
2026-10-08T17:06:51.561+02:00 new 88 lost 0 rc 3691 
2026-10-08T17:06:51.842+02:00 new 73 lost 0 rc 3764 
2026-10-08T17:06:52.092+02:00 new 43 lost 0 rc 3807 
2026-10-08T17:06:52.342+02:00 new 67 lost 0 rc 3874 
2026-10-08T17:06:52.592+02:00 new 66 lost 0 rc 3940 
2026-10-08T17:06:52.842+02:00 new 68 lost 0 rc 4007 
2026-10-08T17:06:53.092+02:00 new 58 lost 1 rc 4066 
2026-10-08T17:06:53.342+02:00 new 66 lost 0 rc 4131 
2026-10-08T17:06:53.592+02:00 new 67 lost 0 rc 4198 
2026-10-08T17:06:53.843+02:00 new 59 lost 0 rc 4257 
2026-10-08T17:06:54.093+02:00 new 65 lost 0 rc 4322 
2026-10-08T17:06:54.343+02:00 new 57 lost 1 rc 4380 
2026-10-08T17:06:54.593+02:00 new 65 lost 0 rc 4444 
2026-10-08T17:06:54.843+02:00 new 67 lost 0 rc 4511 
2026-10-08T17:06:55.093+02:00 new 55 lost 1 rc 4567 
1791472032.746 new None lost None rc None <urlopen error timed out>
1791472034.891 new None lost None rc None <urlopen error timed out>
2026-10-08T17:07:57.113+02:00 new 1 lost 0 rc 1 
2026-10-08T17:07:57.363+02:00 new 21 lost 0 rc 22 
2026-10-08T17:07:57.613+02:00 new 38 lost 0 rc 60 
2026-10-08T17:07:57.896+02:00 new 85 lost 0 rc 144 
2026-10-08T17:07:58.146+02:00 new 55 lost 1 rc 200 
2026-10-08T17:07:58.558+02:00 new 96 lost 41 rc 337 
2026-10-08T17:08:02.224+02:00 new 23 lost 0 rc 359 
2026-10-08T17:08:02.474+02:00 new 20 lost 1 rc 380 
2026-10-08T17:08:19.681+02:00 new 2 lost 0 rc 382 
2026-10-08T17:08:19.932+02:00 new 65 lost 0 rc 447 
2026-10-08T17:08:20.182+02:00 new 62 lost 0 rc 509 
2026-10-08T17:08:20.432+02:00 new 78 lost 0 rc 586 
2026-10-08T17:08:20.682+02:00 new 51 lost 0 rc 637 
2026-10-08T17:08:20.932+02:00 new 80 lost 1 rc 718 
2026-10-08T17:08:21.182+02:00 new 53 lost 0 rc 771 
2026-10-08T17:08:21.432+02:00 new 58 lost 0 rc 828 
2026-10-08T17:08:21.682+02:00 new 66 lost 0 rc 894 
2026-10-08T17:08:21.932+02:00 new 79 lost 0 rc 973 
2026-10-08T17:08:22.182+02:00 new 58 lost 0 rc 1031 
2026-10-08T17:08:22.433+02:00 new 63 lost 1 rc 1095 
2026-10-08T17:08:22.683+02:00 new 71 lost 0 rc 1165 
2026-10-08T17:08:22.933+02:00 new 49 lost 0 rc 1214 
2026-10-08T17:08:23.183+02:00 new 55 lost 1 rc 1270 
2026-10-08T17:08:23.433+02:00 new 58 lost 0 rc 1327 
2026-10-08T17:08:23.683+02:00 new 76 lost 1 rc 1404 
2026-10-08T17:08:23.933+02:00 new 51 lost 0 rc 1454 
2026-10-08T17:08:24.183+02:00 new 1 lost 1 rc 1456 
1791472122.752 new None lost None rc None timed out
1791472124.349 new None lost None rc None <urlopen error timed out>
2026-10-08T17:08:47.916+02:00 new 14 lost 0 rc 14 
2026-10-08T17:08:48.166+02:00 new 8 lost 0 rc 22 
2026-10-08T17:08:48.417+02:00 new 17 lost 0 rc 39 
2026-10-08T17:08:48.667+02:00 new 40 lost 0 rc 78 
2026-10-08T17:08:48.917+02:00 new 80 lost 1 rc 159 
2026-10-08T17:08:49.167+02:00 new 51 lost 0 rc 209 
2026-10-08T17:08:49.417+02:00 new 96 lost 34 rc 339 
2026-10-08T17:09:24.294+02:00 new 12 lost 0 rc 350 
2026-10-08T17:09:24.544+02:00 new 63 lost 1 rc 414 
2026-10-08T17:09:24.794+02:00 new 73 lost 0 rc 486 
2026-10-08T17:09:25.044+02:00 new 92 lost 0 rc 578 
2026-10-08T17:09:25.337+02:00 new 50 lost 0 rc 628 
2026-10-08T17:09:25.587+02:00 new 58 lost 1 rc 687 
2026-10-08T17:09:25.837+02:00 new 61 lost 0 rc 748 
2026-10-08T17:09:26.088+02:00 new 70 lost 0 rc 818 
2026-10-08T17:09:26.338+02:00 new 62 lost 0 rc 879 
2026-10-08T17:09:26.588+02:00 new 83 lost 0 rc 962 
2026-10-08T17:09:26.838+02:00 new 52 lost 1 rc 1015 
2026-10-08T17:09:27.088+02:00 new 68 lost 0 rc 1082 
2026-10-08T17:09:27.338+02:00 new 75 lost 0 rc 1157 
2026-10-08T17:09:27.588+02:00 new 50 lost 0 rc 1207 
2026-10-08T17:09:27.838+02:00 new 60 lost 1 rc 1268 
2026-10-08T17:09:28.088+02:00 new 96 lost 12 rc 1376 
2026-10-08T17:09:28.415+02:00 new 74 lost 0 rc 1450 
2026-10-08T17:09:28.665+02:00 new 36 lost 1 rc 1487 
2026-10-08T17:09:31.166+02:00 new 35 lost 0 rc 1521 
2026-10-08T17:09:31.416+02:00 new 8 lost 1 rc 1530 
1791472175.173 new None lost None rc None timed out
1791472176.99 new None lost None rc None timed out
1791472193.068 new None lost None rc None <urlopen error timed out>
1791472194.57 new None lost None rc None <urlopen error timed out>
2026-10-08T17:09:56.072+02:00 new 96 lost 0 rc 339 
2026-10-08T17:10:14.311+02:00 new 7 lost 0 rc 346 
2026-10-08T17:10:14.588+02:00 new 52 lost 0 rc 397 
2026-10-08T17:10:14.838+02:00 new 38 lost 1 rc 436 
2026-10-08T17:10:15.088+02:00 new 67 lost 0 rc 503 
2026-10-08T17:10:15.338+02:00 new 76 lost 0 rc 579 
2026-10-08T17:10:15.588+02:00 new 52 lost 0 rc 630 
2026-10-08T17:10:15.839+02:00 new 81 lost 1 rc 712 
2026-10-08T17:10:16.089+02:00 new 47 lost 0 rc 758 
2026-10-08T17:10:16.339+02:00 new 78 lost 0 rc 836 
2026-10-08T17:10:16.589+02:00 new 53 lost 1 rc 890 
2026-10-08T17:10:16.839+02:00 new 70 lost 0 rc 959 
2026-10-08T17:10:17.089+02:00 new 57 lost 0 rc 1016 
2026-10-08T17:10:17.339+02:00 new 79 lost 1 rc 1096 
2026-10-08T17:10:17.589+02:00 new 49 lost 0 rc 1145 
2026-10-08T17:10:17.839+02:00 new 80 lost 0 rc 1224 
2026-10-08T17:10:18.089+02:00 new 55 lost 1 rc 1280 
2026-10-08T17:10:18.339+02:00 new 81 lost 0 rc 1361 
2026-10-08T17:10:18.589+02:00 new 14 lost 0 rc 1375 
2026-10-08T17:10:24.596+02:00 new 26 lost 0 rc 1401 
2026-10-08T17:10:24.878+02:00 new 17 lost 0 rc 1418 
1791472248.556 new None lost None rc None <urlopen error timed out>
1791472250.057 new None lost None rc None <urlopen error timed out>
1791472251.559 new None lost None rc None <urlopen error timed out>
2026-10-08T17:10:53.061+02:00 new 96 lost 0 rc 339 
2026-10-08T17:10:55.562+02:00 new 9 lost 0 rc 347 
2026-10-08T17:10:55.812+02:00 new 34 lost 1 rc 382 
1791472263.315 new None lost None rc None <urlopen error timed out>
1791472264.817 new None lost None rc None <urlopen error timed out>
2026-10-08T17:11:06.319+02:00 new 96 lost 0 rc 339 
1791472271.06 new None lost None rc None timed out
2026-10-08T17:11:12.716+02:00 new 96 lost 602 rc 1037 
2026-10-08T17:11:13.808+02:00 new 25 lost 0 rc 1061 
2026-10-08T17:11:14.058+02:00 new 62 lost 0 rc 1123 
2026-10-08T17:11:14.309+02:00 new 58 lost 0 rc 1181 
2026-10-08T17:11:14.559+02:00 new 63 lost 0 rc 1244 
2026-10-08T17:11:14.809+02:00 new 87 lost 0 rc 1331 
2026-10-08T17:11:15.059+02:00 new 41 lost 0 rc 1372 
2026-10-08T17:11:15.309+02:00 new 96 lost 29 rc 1497 
2026-10-08T17:11:15.604+02:00 new 19 lost 0 rc 1516 
2026-10-08T17:11:15.854+02:00 new 63 lost 0 rc 1579 
2026-10-08T17:11:16.104+02:00 new 62 lost 0 rc 1641 
2026-10-08T17:11:16.354+02:00 new 66 lost 1 rc 1708 
2026-10-08T17:11:16.604+02:00 new 68 lost 0 rc 1776 
2026-10-08T17:11:16.854+02:00 new 64 lost 0 rc 1839 
2026-10-08T17:11:17.104+02:00 new 54 lost 0 rc 1893 
2026-10-08T17:11:17.419+02:00 new 96 lost 34 rc 2023 
2026-10-08T17:11:17.860+02:00 new 87 lost 0 rc 2110 
2026-10-08T17:11:18.111+02:00 new 61 lost 1 rc 2172 
2026-10-08T17:11:18.361+02:00 new 96 lost 10 rc 2278 
2026-10-08T17:11:18.767+02:00 new 23 lost 1 rc 2302 
2026-10-08T17:11:21.276+02:00 new 10 lost 0 rc 2311 
2026-10-08T17:11:21.526+02:00 new 33 lost 1 rc 2345 
2026-10-08T17:11:38.775+02:00 new 8 lost 0 rc 8 
2026-10-08T17:11:39.025+02:00 new 14 lost 0 rc 22 
2026-10-08T17:11:39.275+02:00 new 16 lost 0 rc 38 
2026-10-08T17:11:39.525+02:00 new 43 lost 0 rc 80 
2026-10-08T17:11:39.832+02:00 new 52 lost 1 rc 133 
2026-10-08T17:11:40.117+02:00 new 34 lost 0 rc 167 
1791472420.142 new None lost None rc None <urlopen error timed out>
1791472421.644 new None lost None rc None <urlopen error timed out>
2026-10-08T17:13:44.478+02:00 new 14 lost 0 rc 14 
2026-10-08T17:13:44.728+02:00 new 12 lost 0 rc 25 
2026-10-08T17:13:44.978+02:00 new 79 lost 0 rc 104 
2026-10-08T17:13:45.294+02:00 new 56 lost 0 rc 160 
2026-10-08T17:13:45.544+02:00 new 46 lost 0 rc 206 
2026-10-08T17:13:45.794+02:00 new 62 lost 0 rc 267 
2026-10-08T17:13:46.044+02:00 new 64 lost 0 rc 331 
2026-10-08T17:13:46.294+02:00 new 7 lost 1 rc 339 
1791472427.045 new None lost None rc None <urlopen error timed out>
2026-10-08T17:14:10.165+02:00 new 27 lost 0 rc 26 
2026-10-08T17:14:10.533+02:00 new 24 lost 0 rc 50 
2026-10-08T17:14:11.100+02:00 new 96 lost 21 rc 167 
1791472464.507 new None lost None rc None timed out
1791472466.267 new None lost None rc None <urlopen error timed out>
2026-10-08T17:14:29.913+02:00 new 49 lost 0 rc 48 
2026-10-08T17:14:30.459+02:00 new 14 lost 0 rc 62 
2026-10-08T17:14:30.709+02:00 new 96 lost 183 rc 341 
2026-10-08T17:14:47.951+02:00 new 4 lost 0 rc 3 
2026-10-08T17:14:48.201+02:00 new 18 lost 1 rc 22 
2026-10-08T17:14:48.451+02:00 new 16 lost 0 rc 38 
2026-10-08T17:14:48.701+02:00 new 31 lost 0 rc 68 
2026-10-08T17:14:49.029+02:00 new 96 lost 4 rc 168 
1791472512.658 new None lost None rc None <urlopen error timed out>
1791472514.161 new None lost None rc None <urlopen error timed out>
2026-10-08T17:15:15.663+02:00 new 96 lost 0 rc 339 
1791472532.733 new None lost None rc None timed out
1791472534.248 new None lost None rc None <urlopen error timed out>
1791472541.633 new None lost None rc None timed out
2026-10-08T17:15:44.430+02:00 new 96 lost 243 rc 339 
2026-10-08T17:15:50.667+02:00 new 15 lost 0 rc 15 
2026-10-08T17:15:50.921+02:00 new 96 lost 56 rc 167 
1791472561.932 new None lost None rc None timed out
1791472563.549 new None lost None rc None <urlopen error timed out>
1791472565.052 new None lost None rc None <urlopen error timed out>
2026-10-08T17:16:06.554+02:00 new 40 lost 0 rc 39 
2026-10-08T17:16:07.635+02:00 new 19 lost 0 rc 58 
1791472567.886 new None lost None rc None timed out
2026-10-08T17:16:09.839+02:00 new 96 lost 185 rc 339 
2026-10-08T17:16:17.346+02:00 new 10 lost 0 rc 9 
2026-10-08T17:16:17.596+02:00 new 69 lost 0 rc 78 
2026-10-08T17:16:18.181+02:00 new 54 lost 1 rc 133 
2026-10-08T17:16:18.431+02:00 new 34 lost 0 rc 167 
2026-10-08T17:17:38.968+02:00 new 36 lost 0 rc 202 
2026-10-08T17:17:39.218+02:00 new 56 lost 1 rc 259 
2026-10-08T17:17:39.468+02:00 new 75 lost 0 rc 334 
2026-10-08T17:17:39.933+02:00 new 96 lost 12 rc 442 
1791472661.12 new None lost None rc None timed out
2026-10-08T17:17:42.879+02:00 new 96 lost 594 rc 1132 
2026-10-08T17:17:45.678+02:00 new 96 lost 10 rc 1238 
2026-10-08T17:17:46.764+02:00 new 96 lost 69 rc 1403 
2026-10-08T17:17:47.278+02:00 new 18 lost 0 rc 1421 
2026-10-08T17:17:47.528+02:00 new 94 lost 0 rc 1515 
2026-10-08T17:17:48.543+02:00 new 96 lost 244 rc 1855 
2026-10-08T17:17:49.983+02:00 new 96 lost 140 rc 2091 
2026-10-08T17:17:50.862+02:00 new 64 lost 1 rc 2156 
1791472674.649 new None lost None rc None timed out
2026-10-08T17:18:25.145+02:00 new 10 lost 0 rc 10 
2026-10-08T17:18:25.395+02:00 new 27 lost 0 rc 37 
2026-10-08T17:18:25.895+02:00 new 43 lost 0 rc 79 
2026-10-08T17:18:26.145+02:00 new 50 lost 0 rc 129 
2026-10-08T17:18:26.395+02:00 new 39 lost 0 rc 168 
2026-10-08T17:18:26.645+02:00 new 59 lost 0 rc 227 
2026-10-08T17:18:26.895+02:00 new 42 lost 1 rc 270 
2026-10-08T17:18:27.145+02:00 new 51 lost 0 rc 320 
2026-10-08T17:18:27.395+02:00 new 51 lost 0 rc 371 
2026-10-08T17:18:27.645+02:00 new 62 lost 0 rc 433 
2026-10-08T17:18:27.956+02:00 new 60 lost 0 rc 493 
2026-10-08T17:18:28.229+02:00 new 44 lost 0 rc 537 
2026-10-08T17:18:28.479+02:00 new 74 lost 0 rc 611 
2026-10-08T17:18:28.845+02:00 new 42 lost 0 rc 653 
2026-10-08T17:18:29.095+02:00 new 64 lost 1 rc 718 
2026-10-08T17:18:29.391+02:00 new 24 lost 0 rc 742 
2026-10-08T17:18:29.642+02:00 new 49 lost 0 rc 791 
2026-10-08T17:18:29.892+02:00 new 50 lost 0 rc 841 
2026-10-08T17:18:30.142+02:00 new 64 lost 0 rc 904 
2026-10-08T17:18:30.392+02:00 new 25 lost 1 rc 930 
2026-10-08T17:18:30.642+02:00 new 55 lost 0 rc 985 
2026-10-08T17:18:30.892+02:00 new 80 lost 0 rc 1064 
2026-10-08T17:18:31.283+02:00 new 45 lost 1 rc 1110 
2026-10-08T17:18:31.642+02:00 new 75 lost 0 rc 1185 
2026-10-08T17:18:31.892+02:00 new 36 lost 0 rc 1220 
2026-10-08T17:18:32.142+02:00 new 51 lost 0 rc 1271 
2026-10-08T17:18:32.392+02:00 new 46 lost 0 rc 1317 
2026-10-08T17:18:32.642+02:00 new 44 lost 0 rc 1361 
2026-10-08T17:18:32.892+02:00 new 49 lost 0 rc 1410 
2026-10-08T17:18:33.142+02:00 new 49 lost 0 rc 1459 
2026-10-08T17:18:33.392+02:00 new 49 lost 0 rc 1508 
2026-10-08T17:18:33.642+02:00 new 48 lost 0 rc 1556 
2026-10-08T17:18:33.893+02:00 new 47 lost 1 rc 1604 
2026-10-08T17:18:34.143+02:00 new 47 lost 0 rc 1650 
2026-10-08T17:18:34.393+02:00 new 50 lost 0 rc 1700 
2026-10-08T17:18:34.643+02:00 new 49 lost 0 rc 1749 
2026-10-08T17:18:34.893+02:00 new 43 lost 0 rc 1792 
2026-10-08T17:18:35.143+02:00 new 49 lost 1 rc 1842 
2026-10-08T17:18:35.393+02:00 new 50 lost 0 rc 1891 
2026-10-08T17:18:35.643+02:00 new 47 lost 0 rc 1938 
2026-10-08T17:18:35.893+02:00 new 48 lost 0 rc 1986 
2026-10-08T17:18:36.143+02:00 new 51 lost 1 rc 2038 
2026-10-08T17:18:36.393+02:00 new 10 lost 0 rc 2048 
2026-10-08T17:20:14.765+02:00 new 94 lost 0 rc 2141 
2026-10-08T17:20:15.168+02:00 new 34 lost 1 rc 2176 
1791472828.262 new None lost None rc None <urlopen error timed out>
1791472829.764 new None lost None rc None <urlopen error timed out>
2026-10-08T17:20:31.266+02:00 new 37 lost 0 rc 37 
2026-10-08T17:20:32.375+02:00 new 5 lost 0 rc 41 
2026-10-08T17:20:32.625+02:00 new 64 lost 0 rc 105 
2026-10-08T17:20:32.875+02:00 new 60 lost 0 rc 165 
2026-10-08T17:20:33.126+02:00 new 61 lost 0 rc 226 
2026-10-08T17:20:33.376+02:00 new 82 lost 0 rc 308 
2026-10-08T17:20:33.626+02:00 new 30 lost 1 rc 339 
2026-10-08T17:20:48.632+02:00 new 36 lost 0 rc 375 
2026-10-08T17:20:48.882+02:00 new 7 lost 0 rc 382 
1791472854.311 new None lost None rc None timed out
1791472856.191 new None lost None rc None <urlopen error timed out>
1791472857.694 new None lost None rc None <urlopen error timed out>
1791472859.197 new None lost None rc None <urlopen error timed out>
1791472860.699 new None lost None rc None <urlopen error timed out>
2026-10-08T17:21:02.202+02:00 new 96 lost 0 rc 258 
2026-10-08T17:21:02.452+02:00 new 76 lost 0 rc 334 
2026-10-08T17:21:02.702+02:00 new 4 lost 1 rc 339 
2026-10-08T17:21:04.453+02:00 new 27 lost 0 rc 366 
2026-10-08T17:21:04.703+02:00 new 16 lost 0 rc 382 
1791472870.73 new None lost None rc None <urlopen error timed out>
1791472872.232 new None lost None rc None <urlopen error timed out>
2026-10-08T17:21:13.733+02:00 new 96 lost 0 rc 339 
2026-10-08T17:21:16.062+02:00 new 43 lost 0 rc 382 
1791472880.776 new None lost None rc None timed out
1791472883.348 new None lost None rc None <urlopen error timed out>
1791472884.851 new None lost None rc None <urlopen error timed out>
1791472886.353 new None lost None rc None <urlopen error timed out>
1791472887.856 new None lost None rc None <urlopen error [Errno 111] Connection refused>
2026-10-08T17:21:28.105+02:00 new 96 lost 0 rc 263 
2026-10-08T17:21:28.355+02:00 new 61 lost 0 rc 324 
2026-10-08T17:21:28.606+02:00 new 14 lost 1 rc 339 
2026-10-08T17:21:29.606+02:00 new 43 lost 0 rc 382 
1791472892.107 new None lost None rc None timed out
1791472893.627 new None lost None rc None <urlopen error timed out>
1791472895.132 new None lost None rc None <urlopen error timed out>
2026-10-08T17:21:36.634+02:00 new 96 lost 0 rc 339 
2026-10-08T17:21:37.993+02:00 new 43 lost 0 rc 382 
1791472900.788 new None lost None rc None timed out
1791472902.393 new None lost None rc None <urlopen error timed out>
2026-10-08T17:21:43.895+02:00 new 96 lost 0 rc 308 
2026-10-08T17:21:44.950+02:00 new 15 lost 0 rc 323 
2026-10-08T17:21:45.200+02:00 new 15 lost 1 rc 339 
2026-10-08T17:21:47.929+02:00 new 43 lost 0 rc 382 
1791472909.444 new None lost None rc None timed out
1791472911.118 new None lost None rc None <urlopen error timed out>
2026-10-08T17:21:52.620+02:00 new 96 lost 0 rc 327 
2026-10-08T17:21:53.846+02:00 new 11 lost 1 rc 339 
2026-10-08T17:21:55.163+02:00 new 40 lost 0 rc 378 
2026-10-08T17:21:55.471+02:00 new 3 lost 1 rc 382 
2026-10-08T17:21:58.915+02:00 new 9 lost 0 rc 9 
2026-10-08T17:21:59.166+02:00 new 13 lost 0 rc 22 
2026-10-08T17:21:59.416+02:00 new 17 lost 0 rc 39 
1791472919.666 new None lost None rc None timed out
1791472921.212 new None lost None rc None <urlopen error timed out>
2026-10-08T17:22:02.714+02:00 new 96 lost 0 rc 133 
1791472932.69 new None lost None rc None timed out
1791472934.238 new None lost None rc None <urlopen error timed out>
1791472935.741 new None lost None rc None <urlopen error timed out>
2026-10-08T17:22:17.243+02:00 new 96 lost 0 rc 227 
2026-10-08T17:22:17.493+02:00 new 31 lost 0 rc 258 
2026-10-08T17:22:17.743+02:00 new 80 lost 1 rc 339 
1791472944.518 new None lost None rc None timed out
1791472946.064 new None lost None rc None <urlopen error timed out>
1791472947.567 new None lost None rc None <urlopen error timed out>
1791472949.069 new None lost None rc None <urlopen error timed out>
DONE polls=6381 rows=20292 lost=3205 errors=72 out=/home/pidrive/pidrive/docs/betrieb/artifacts-2026-10-08-feld/feld-s4-prep/s4-20261008-165212/trace.jsonl
