{
  "REPLUG": {
    "pass": true,
    "uid": "fav2",
    "cmd_kib": 4,
    "commands": 128,
    "bytes": 524288,
    "read_ms": 852.6,
    "head_ms": 19.18,
    "head_pause_ms": 19.0,
    "field_read_ms": [
      651,
      665
    ],
    "rate_kBps": 614.9,
    "sg_ms_per_4k": {
      "p5": 5.0,
      "p50": 5.0,
      "p95": 6.0,
      "p99": 20.0,
      "min": 5.0,
      "max": 30.0,
      "n": 128
    },
    "ring_pre": 49152,
    "ring_full_pre": true,
    "producer_bytes": 79872,
    "producer_err": null,
    "class_counts": {
      "ID3": 1,
      "LIVE": 13,
      "SILENCE": 114
    },
    "ear": {
      "live_bytes": 53248,
      "consumed": 0,
      "events": {
        "silence_in_play": 114
      },
      "event_list": [
        {
          "t": 2002501.538989662,
          "kind": "silence_in_play"
        },
        {
          "t": 2002501.544765057,
          "kind": "silence_in_play"
        },
        {
          "t": 2002501.550615494,
          "kind": "silence_in_play"
        },
        {
          "t": 2002501.557193425,
          "kind": "silence_in_play"
        },
        {
          "t": 2002501.563662731,
          "kind": "silence_in_play"
        },
        {
          "t": 2002501.569713977,
          "kind": "silence_in_play"
        },
        {
          "t": 2002501.576113071,
          "kind": "silence_in_play"
        },
        {
          "t": 2002501.582298179,
          "kind": "silence_in_play"
        },
        {
          "t": 2002501.588550345,
          "kind": "silence_in_play"
        },
        {
          "t": 2002501.594975658,
          "kind": "silence_in_play"
        },
        {
          "t": 2002501.601587173,
          "kind": "silence_in_play"
        },
        {
          "t": 2002501.607851231,
          "kind": "silence_in_play"
        },
        {
          "t": 2002501.614112203,
          "kind": "silence_in_play"
        },
        {
          "t": 2002501.620377123,
          "kind": "silence_in_play"
        },
        {
          "t": 2002501.62643393,
          "kind": "silence_in_play"
        },
        {
          "t": 2002501.63255643,
          "kind": "silence_in_play"
        },
        {
          "t": 2002501.638846117,
          "kind": "silence_in_play"
        },
        {
          "t": 2002501.645136505,
          "kind": "silence_in_play"
        },
        {
          "t": 2002501.651723543,
          "kind": "silence_in_play"
        },
        {
          "t": 2002501.658091959,
          "kind": "silence_in_play"
        },
        {
          "t": 2002501.664565082,
          "kind": "silence_in_play"
        },
        {
          "t": 2002501.670722308,
          "kind": "silence_in_play"
        },
        {
          "t": 2002501.676902909,
          "kind": "silence_in_play"
        },
        {
          "t": 2002501.683945819,
          "kind": "silence_in_play"
        },
        {
          "t": 2002501.690442096,
          "kind": "silence_in_play"
        },
        {
          "t": 2002501.69671474,
          "kind": "silence_in_play"
        },
        {
          "t": 2002501.702994879,
          "kind": "silence_in_play"
        },
        {
          "t": 2002501.709532274,
          "kind": "silence_in_play"
        },
        {
          "t": 2002501.715520691,
          "kind": "silence_in_play"
        },
        {
          "t": 2002501.721468522,
          "kind": "silence_in_play"
        },
        {
          "t": 2002501.727509909,
          "kind": "silence_in_play"
        },
        {
          "t": 2002501.73346873,
          "kind": "silence_in_play"
        },
        {
          "t": 2002501.739398757,
          "kind": "silence_in_play"
        },
        {
          "t": 2002501.745401511,
          "kind": "silence_in_play"
        },
        {
          "t": 2002501.751414776,
          "kind": "silence_in_play"
        },
        {
          "t": 2002501.757670528,
          "kind": "silence_in_play"
        },
        {
          "t": 2002501.763908417,
          "kind": "silence_in_play"
        },
        {
          "t": 2002501.770073929,
          "kind": "silence_in_play"
        },
        {
          "t": 2002501.776528357,
          "kind": "silence_in_play"
        },
        {
          "t": 2002501.782526272,
          "kind": "silence_in_play"
        },
        {
          "t": 2002501.788519689,
          "kind": "silence_in_play"
        },
        {
          "t": 2002501.794576595,
          "kind": "silence_in_play"
        },
        {
          "t": 2002501.800769549,
          "kind": "silence_in_play"
        },
        {
          "t": 2002501.80679179,
          "kind": "silence_in_play"
        },
        {
          "t": 2002501.813065697,
          "kind": "silence_in_play"
        },
        {
          "t": 2002501.819262899,
          "kind": "silence_in_play"
        },
        {
          "t": 2002501.825328472,
          "kind": "silence_in_play"
        },
        {
          "t": 2002501.83129595,
          "kind": "silence_in_play"
        },
        {
          "t": 2002501.837194878,
          "kind": "silence_in_play"
        },
        {
          "t": 2002501.843092253,
          "kind": "silence_in_play"
        }
      ]
    },
    "id3Len_dump": 3300,
    "id3Len_fw": 3300,
    "live_span": {
      "stamps": 198,
      "seq_gaps": 1,
      "file_first": 3300,
      "file_end": 53760,
      "seq_first": 87,
      "seq_last": 285,
      "abs_first": 22272,
      "abs_end": 73216
    },
    "live_bytes_file": 50460,
    "live_s_at_48k": 8.41,
    "undDelta": 470528,
    "expect_undDelta": 470528,
    "field_undDelta": [
      470616,
      471640
    ],
    "hostAbs_after": 543744,
    "absEnd_pre": 71424,
    "absEnd_post": 78592,
    "abs_cross_fw": 73216,
    "abs_cross_pdsq": 73216,
    "und_ok": true,
    "identity_diff": 0,
    "identity_ok": true,
    "cross_in_window": true,
    "complete_ok": true,
    "timing_ok": true
  }
}
OUT /home/martin/projects/pidrive/docs/betrieb/artifacts-2026-10-08-lab/lab-fenster-32k-1917/replug-32k overall=PASS
