17:34:48 play=         act=0 armed=0 abs=0..0 host=0 in=0 ahead=0 live=0 und=0 ring=0/49152
17:34:49 play=         act=0 armed=0 abs=0..0 host=0 in=0 ahead=0 live=0 und=0 ring=0/49152
17:34:49 play=         act=0 armed=0 abs=0..0 host=0 in=0 ahead=0 live=0 und=0 ring=0/49152
17:34:50 play=         act=0 armed=0 abs=0..0 host=0 in=0 ahead=0 live=0 und=0 ring=0/49152
17:34:51 play=         act=0 armed=0 abs=0..0 host=0 in=0 ahead=0 live=0 und=0 ring=0/49152
17:34:51 play=         act=0 armed=0 abs=0..0 host=0 in=0 ahead=0 live=0 und=0 ring=0/49152
17:34:52 play=         act=0 armed=0 abs=0..0 host=0 in=0 ahead=0 live=0 und=0 ring=0/49152
17:34:52 play=         act=0 armed=0 abs=0..0 host=0 in=0 ahead=0 live=0 und=0 ring=0/49152
17:34:53 play=         act=0 armed=0 abs=0..0 host=0 in=0 ahead=0 live=0 und=0 ring=0/49152
17:34:54 play=         act=0 armed=0 abs=0..0 host=0 in=0 ahead=0 live=0 und=0 ring=0/49152
17:34:54 play=         act=0 armed=0 abs=0..0 host=0 in=0 ahead=0 live=0 und=0 ring=0/49152
17:34:55 play=         act=0 armed=0 abs=0..0 host=0 in=0 ahead=0 live=0 und=0 ring=0/49152
17:34:55 play=         act=0 armed=0 abs=0..0 host=0 in=0 ahead=0 live=0 und=0 ring=0/49152
17:34:56 play=         act=0 armed=0 abs=0..0 host=0 in=0 ahead=0 live=0 und=0 ring=0/49152
17:34:57 play=         act=0 armed=0 abs=0..0 host=0 in=0 ahead=0 live=0 und=0 ring=0/49152
17:34:57 play=         act=0 armed=0 abs=0..0 host=0 in=0 ahead=0 live=0 und=0 ring=0/49152
17:34:58 play=         act=0 armed=0 abs=0..0 host=0 in=0 ahead=0 live=0 und=0 ring=0/49152
17:34:59 play=         act=0 armed=0 abs=0..0 host=0 in=0 ahead=0 live=0 und=0 ring=0/49152
17:34:59 play=         act=0 armed=0 abs=0..0 host=0 in=0 ahead=0 live=0 und=0 ring=0/49152
17:35:00 play=         act=0 armed=0 abs=0..0 host=0 in=0 ahead=0 live=0 und=0 ring=0/49152
17:35:00 play=         act=0 armed=0 abs=0..0 host=0 in=0 ahead=0 live=0 und=0 ring=0/49152
17:35:01 play=         act=0 armed=0 abs=0..0 host=0 in=0 ahead=0 live=0 und=0 ring=0/49152
17:35:02 play=         act=0 armed=0 abs=0..0 host=0 in=0 ahead=0 live=0 und=0 ring=0/49152
17:35:02 play=         act=0 armed=0 abs=0..0 host=0 in=0 ahead=0 live=0 und=0 ring=0/49152
17:35:03 play=         act=0 armed=0 abs=0..0 host=0 in=0 ahead=0 live=0 und=0 ring=0/49152
17:35:03 play=         act=0 armed=0 abs=0..0 host=0 in=0 ahead=0 live=0 und=0 ring=0/49152
17:35:04 play=         act=0 armed=0 abs=0..0 host=0 in=0 ahead=0 live=0 und=0 ring=0/49152
17:35:05 play=         act=0 armed=0 abs=0..0 host=0 in=0 ahead=0 live=0 und=0 ring=0/49152
17:35:05 play=         act=0 armed=0 abs=0..0 host=0 in=0 ahead=0 live=0 und=0 ring=0/49152
17:35:06 play=         act=0 armed=0 abs=0..0 host=0 in=0 ahead=0 live=0 und=0 ring=0/49152
17:35:07 play=         act=0 armed=0 abs=0..0 host=0 in=0 ahead=0 live=0 und=0 ring=0/49152
17:35:07 play=         act=0 armed=0 abs=0..0 host=0 in=0 ahead=0 live=0 und=0 ring=0/49152
17:35:08 play=         act=0 armed=0 abs=0..0 host=0 in=0 ahead=0 live=0 und=0 ring=0/49152
17:35:08 play=         act=0 armed=0 abs=0..0 host=0 in=0 ahead=0 live=0 und=0 ring=0/49152
17:35:09 play=         act=0 armed=0 abs=0..0 host=0 in=0 ahead=0 live=0 und=0 ring=0/49152
17:35:09 play=         act=0 armed=0 abs=0..0 host=0 in=0 ahead=0 live=0 und=0 ring=0/49152
17:35:10 play=         act=0 armed=0 abs=0..0 host=0 in=0 ahead=0 live=0 und=0 ring=0/49152
17:35:11 play=         act=0 armed=0 abs=0..0 host=0 in=0 ahead=0 live=0 und=0 ring=0/49152
17:35:11 play=         act=0 armed=0 abs=0..0 host=0 in=0 ahead=0 live=0 und=0 ring=0/49152
17:35:12 play=         act=0 armed=0 abs=0..0 host=0 in=0 ahead=0 live=0 und=0 ring=0/49152
17:35:13 play=         act=0 armed=0 abs=0..0 host=0 in=0 ahead=0 live=0 und=0 ring=0/49152
17:35:13 play=         act=0 armed=0 abs=0..0 host=0 in=0 ahead=0 live=0 und=0 ring=0/49152
17:35:14 play=         act=0 armed=0 abs=0..0 host=0 in=0 ahead=0 live=0 und=0 ring=0/49152
17:35:14 play=         act=0 armed=0 abs=0..0 host=0 in=0 ahead=0 live=0 und=0 ring=0/49152
17:35:15 play=         act=0 armed=0 abs=0..0 host=0 in=0 ahead=0 live=0 und=0 ring=0/49152
17:35:16 play=         act=0 armed=0 abs=0..0 host=0 in=0 ahead=0 live=0 und=0 ring=0/49152
17:35:16 play=         act=0 armed=0 abs=0..0 host=0 in=0 ahead=0 live=0 und=0 ring=0/49152
17:35:17 play=         act=0 armed=0 abs=0..0 host=0 in=0 ahead=0 live=0 und=0 ring=0/49152
17:35:17 play=         act=0 armed=0 abs=0..0 host=0 in=0 ahead=0 live=0 und=0 ring=0/49152
17:35:18 play=         act=0 armed=0 abs=0..0 host=0 in=0 ahead=0 live=0 und=0 ring=0/49152
17:35:19 play=         act=0 armed=0 abs=0..0 host=0 in=0 ahead=0 live=0 und=0 ring=0/49152
17:35:19 play=         act=0 armed=0 abs=0..0 host=0 in=0 ahead=0 live=0 und=0 ring=0/49152
17:35:20 play=         act=0 armed=0 abs=0..0 host=0 in=0 ahead=0 live=0 und=0 ring=0/49152
17:35:21 play=         act=0 armed=0 abs=0..0 host=0 in=0 ahead=0 live=0 und=0 ring=0/49152
17:35:21 play=         act=0 armed=0 abs=0..0 host=0 in=0 ahead=0 live=0 und=0 ring=0/49152
17:35:22 play=         act=0 armed=0 abs=0..0 host=0 in=0 ahead=0 live=0 und=0 ring=0/49152
17:35:22 play=         act=0 armed=0 abs=0..0 host=0 in=0 ahead=0 live=0 und=0 ring=0/49152
17:35:23 play=         act=0 armed=0 abs=0..0 host=0 in=0 ahead=0 live=0 und=0 ring=0/49152
17:35:23 play=         act=0 armed=0 abs=0..0 host=0 in=0 ahead=0 live=0 und=0 ring=0/49152
17:35:24 play=         act=0 armed=0 abs=0..0 host=0 in=0 ahead=0 live=0 und=0 ring=0/49152
17:35:25 play=         act=0 armed=0 abs=0..0 host=0 in=0 ahead=0 live=0 und=0 ring=0/49152
17:35:25 play=         act=0 armed=0 abs=0..0 host=0 in=0 ahead=0 live=0 und=0 ring=0/49152
17:35:26 play=         act=0 armed=0 abs=0..0 host=0 in=0 ahead=0 live=0 und=0 ring=0/49152
17:35:26 play=         act=0 armed=0 abs=0..0 host=0 in=0 ahead=0 live=0 und=0 ring=0/49152
17:35:27 play=         act=0 armed=0 abs=0..0 host=0 in=0 ahead=0 live=0 und=0 ring=0/49152
17:35:28 play=         act=0 armed=0 abs=0..0 host=0 in=0 ahead=0 live=0 und=0 ring=0/49152
17:35:28 play=         act=0 armed=0 abs=0..0 host=0 in=0 ahead=0 live=0 und=0 ring=0/49152
17:35:29 play=         act=0 armed=0 abs=0..0 host=0 in=0 ahead=0 live=0 und=0 ring=0/49152
17:35:29 play=         act=0 armed=0 abs=0..0 host=0 in=0 ahead=0 live=0 und=0 ring=0/49152
17:35:30 play=         act=0 armed=0 abs=0..0 host=0 in=0 ahead=0 live=0 und=0 ring=0/49152
17:35:31 play=         act=0 armed=0 abs=0..0 host=0 in=0 ahead=0 live=0 und=0 ring=0/49152
17:35:31 play=         act=0 armed=0 abs=0..0 host=0 in=0 ahead=0 live=0 und=0 ring=0/49152
17:35:32 play=         act=0 armed=0 abs=0..0 host=0 in=0 ahead=0 live=0 und=0 ring=0/49152
17:35:33 play=         act=0 armed=0 abs=0..0 host=0 in=0 ahead=0 live=0 und=0 ring=0/49152
17:35:33 play=         act=0 armed=0 abs=0..0 host=0 in=0 ahead=0 live=0 und=0 ring=0/49152
17:35:34 play=         act=0 armed=0 abs=0..0 host=0 in=0 ahead=0 live=0 und=0 ring=0/49152
17:35:34 play=         act=0 armed=0 abs=0..0 host=0 in=0 ahead=0 live=0 und=0 ring=0/49152
17:35:35 play=         act=0 armed=0 abs=0..0 host=0 in=0 ahead=0 live=0 und=0 ring=0/49152
17:35:36 play=         act=0 armed=0 abs=0..0 host=0 in=0 ahead=0 live=0 und=0 ring=0/49152
17:35:36 play=         act=0 armed=0 abs=0..0 host=0 in=0 ahead=0 live=0 und=0 ring=0/49152
17:35:37 play=         act=0 armed=0 abs=0..0 host=0 in=0 ahead=0 live=0 und=0 ring=0/49152
17:35:37 play=         act=0 armed=0 abs=0..0 host=0 in=0 ahead=0 live=0 und=0 ring=0/49152
17:35:38 play=         act=0 armed=0 abs=0..0 host=0 in=0 ahead=0 live=0 und=0 ring=0/49152
17:35:38 play=         act=0 armed=0 abs=0..0 host=0 in=0 ahead=0 live=0 und=0 ring=0/49152
17:35:39 play=         act=0 armed=0 abs=0..0 host=0 in=0 ahead=0 live=0 und=0 ring=0/49152
17:35:40 play=         act=0 armed=0 abs=0..0 host=0 in=0 ahead=0 live=0 und=0 ring=0/49152
17:35:40 play=         act=0 armed=0 abs=0..0 host=0 in=0 ahead=0 live=0 und=0 ring=0/49152
17:35:41 play=         act=0 armed=0 abs=0..0 host=0 in=0 ahead=0 live=0 und=0 ring=0/49152
17:35:42 play=         act=0 armed=0 abs=0..0 host=0 in=0 ahead=0 live=0 und=0 ring=0/49152
17:35:42 play=         act=0 armed=0 abs=0..0 host=0 in=0 ahead=0 live=0 und=0 ring=0/49152
17:35:43 play=         act=0 armed=0 abs=0..0 host=0 in=0 ahead=0 live=0 und=0 ring=0/49152
17:35:43 play=         act=0 armed=0 abs=0..0 host=0 in=0 ahead=0 live=0 und=0 ring=0/49152
17:35:44 play=         act=0 armed=0 abs=0..0 host=0 in=0 ahead=0 live=0 und=0 ring=0/49152
17:35:45 play=         act=0 armed=0 abs=0..0 host=0 in=0 ahead=0 live=0 und=0 ring=0/49152
17:35:45 play=         act=0 armed=0 abs=0..0 host=0 in=0 ahead=0 live=0 und=0 ring=0/49152
17:35:46 play=         act=0 armed=0 abs=0..0 host=0 in=0 ahead=0 live=0 und=0 ring=0/49152
17:35:46 play=         act=0 armed=0 abs=0..0 host=0 in=0 ahead=0 live=0 und=0 ring=0/49152
17:35:47 play=         act=0 armed=0 abs=0..0 host=0 in=0 ahead=0 live=0 und=0 ring=0/49152
17:35:48 play=         act=0 armed=0 abs=0..0 host=0 in=0 ahead=0 live=0 und=0 ring=0/49152
17:35:48 play=         act=0 armed=0 abs=0..0 host=0 in=0 ahead=0 live=0 und=0 ring=0/49152
17:35:49 play=         act=0 armed=0 abs=0..0 host=0 in=0 ahead=0 live=0 und=0 ring=0/49152
17:35:49 play=         act=0 armed=0 abs=0..0 host=0 in=0 ahead=0 live=0 und=0 ring=0/49152
17:35:50 play=         act=0 armed=0 abs=0..0 host=0 in=0 ahead=0 live=0 und=0 ring=0/49152
17:35:51 play=         act=0 armed=0 abs=0..0 host=0 in=0 ahead=0 live=0 und=0 ring=0/49152
17:35:51 play=         act=0 armed=0 abs=0..0 host=0 in=0 ahead=0 live=0 und=0 ring=0/49152
17:35:52 play=         act=0 armed=0 abs=0..0 host=0 in=0 ahead=0 live=0 und=0 ring=0/49152
17:35:53 play=         act=0 armed=0 abs=0..0 host=0 in=0 ahead=0 live=0 und=0 ring=0/49152
17:35:53 play=         act=0 armed=0 abs=0..0 host=0 in=0 ahead=0 live=0 und=0 ring=0/49152
17:35:54 play=         act=0 armed=0 abs=0..0 host=0 in=0 ahead=0 live=0 und=0 ring=0/49152
17:35:54 play=         act=0 armed=0 abs=0..0 host=0 in=0 ahead=0 live=0 und=0 ring=0/49152
17:35:55 play=         act=0 armed=0 abs=0..0 host=0 in=0 ahead=0 live=0 und=0 ring=0/49152
17:35:55 play=         act=0 armed=0 abs=0..0 host=0 in=0 ahead=0 live=0 und=0 ring=0/49152
17:35:56 play=         act=0 armed=0 abs=0..0 host=0 in=0 ahead=0 live=0 und=0 ring=0/49152
17:35:57 play=         act=0 armed=0 abs=0..0 host=0 in=0 ahead=0 live=0 und=0 ring=0/49152
17:35:57 play=         act=0 armed=0 abs=0..0 host=0 in=0 ahead=0 live=0 und=0 ring=0/49152
17:35:58 play=         act=0 armed=0 abs=0..0 host=0 in=0 ahead=0 live=0 und=0 ring=0/49152
17:35:59 play=         act=0 armed=0 abs=0..0 host=0 in=0 ahead=0 live=0 und=0 ring=0/49152
17:35:59 play=         act=0 armed=0 abs=0..0 host=0 in=0 ahead=0 live=0 und=0 ring=0/49152
17:36:00 play=         act=0 armed=0 abs=0..0 host=0 in=0 ahead=0 live=0 und=0 ring=0/49152
17:36:00 play=         act=0 armed=0 abs=0..0 host=0 in=0 ahead=0 live=0 und=0 ring=0/49152
17:36:01 play=         act=0 armed=0 abs=0..0 host=0 in=0 ahead=0 live=0 und=0 ring=0/49152
17:36:02 play=         act=0 armed=0 abs=0..0 host=0 in=0 ahead=0 live=0 und=0 ring=0/49152
17:36:02 play=         act=0 armed=0 abs=0..0 host=0 in=0 ahead=0 live=0 und=0 ring=0/49152
17:36:03 play=         act=0 armed=0 abs=0..0 host=0 in=0 ahead=0 live=0 und=0 ring=0/49152
17:36:03 play=         act=0 armed=0 abs=0..0 host=0 in=0 ahead=0 live=0 und=0 ring=0/49152
17:36:04 play=         act=0 armed=0 abs=0..0 host=0 in=0 ahead=0 live=0 und=0 ring=0/49152
17:36:05 play=         act=0 armed=0 abs=0..0 host=0 in=0 ahead=0 live=0 und=0 ring=0/49152
17:36:05 play=         act=0 armed=0 abs=0..0 host=0 in=0 ahead=0 live=0 und=0 ring=0/49152
17:36:06 play=         act=0 armed=0 abs=0..0 host=0 in=0 ahead=0 live=0 und=0 ring=0/49152
17:36:07 play=         act=0 armed=0 abs=0..0 host=0 in=0 ahead=0 live=0 und=0 ring=0/49152
17:36:07 play=         act=0 armed=0 abs=0..0 host=0 in=0 ahead=0 live=0 und=0 ring=0/49152
17:36:08 play=         act=0 armed=0 abs=0..0 host=0 in=0 ahead=0 live=0 und=0 ring=0/49152
17:36:08 play=         act=0 armed=0 abs=0..0 host=0 in=0 ahead=0 live=0 und=0 ring=0/49152
17:36:09 play=         act=0 armed=0 abs=0..0 host=0 in=0 ahead=0 live=0 und=0 ring=0/49152
17:36:10 play=         act=0 armed=0 abs=0..0 host=0 in=0 ahead=0 live=0 und=0 ring=0/49152
17:36:10 play=         act=0 armed=0 abs=0..0 host=0 in=0 ahead=0 live=0 und=0 ring=0/49152
17:36:11 play=         act=0 armed=0 abs=0..0 host=0 in=0 ahead=0 live=0 und=0 ring=0/49152
17:36:11 play=         act=0 armed=0 abs=0..0 host=0 in=0 ahead=0 live=0 und=0 ring=0/49152
17:36:12 play=         act=0 armed=0 abs=0..0 host=0 in=0 ahead=0 live=0 und=0 ring=0/49152
17:36:13 play=         act=0 armed=0 abs=0..0 host=0 in=0 ahead=0 live=0 und=0 ring=0/49152
17:36:13 play=         act=0 armed=0 abs=0..0 host=0 in=0 ahead=0 live=0 und=0 ring=0/49152
17:36:14 play=         act=0 armed=0 abs=0..0 host=0 in=0 ahead=0 live=0 und=0 ring=0/49152
17:36:14 play=         act=0 armed=0 abs=0..0 host=0 in=0 ahead=0 live=0 und=0 ring=0/49152
17:36:15 play=         act=0 armed=0 abs=0..0 host=0 in=0 ahead=0 live=0 und=0 ring=0/49152
17:36:16 play=         act=0 armed=0 abs=0..0 host=0 in=0 ahead=0 live=0 und=0 ring=0/49152
17:36:16 play=         act=0 armed=0 abs=0..0 host=0 in=0 ahead=0 live=0 und=0 ring=0/49152
17:36:17 play=         act=0 armed=0 abs=0..0 host=0 in=0 ahead=0 live=0 und=0 ring=0/49152
17:36:17 play=         act=0 armed=0 abs=0..0 host=0 in=0 ahead=0 live=0 und=0 ring=0/49152
17:36:18 play=         act=0 armed=0 abs=0..0 host=0 in=0 ahead=0 live=0 und=0 ring=0/49152
17:36:19 play=         act=0 armed=0 abs=0..0 host=0 in=0 ahead=0 live=0 und=0 ring=0/49152
17:36:19 play=         act=0 armed=0 abs=0..0 host=0 in=0 ahead=0 live=0 und=0 ring=0/49152
17:36:20 play=         act=0 armed=0 abs=0..0 host=0 in=0 ahead=0 live=0 und=0 ring=0/49152
17:36:20 play=         act=0 armed=0 abs=0..0 host=0 in=0 ahead=0 live=0 und=0 ring=0/49152
17:36:21 play=         act=0 armed=0 abs=0..0 host=0 in=0 ahead=0 live=0 und=0 ring=0/49152
17:36:22 play=         act=0 armed=0 abs=0..0 host=0 in=0 ahead=0 live=0 und=0 ring=0/49152
17:36:22 play=         act=0 armed=0 abs=0..0 host=0 in=0 ahead=0 live=0 und=0 ring=0/49152
17:36:23 play=         act=0 armed=0 abs=0..0 host=0 in=0 ahead=0 live=0 und=0 ring=0/49152
17:36:24 play=         act=0 armed=0 abs=0..0 host=0 in=0 ahead=0 live=0 und=0 ring=0/49152
17:36:24 play=         act=0 armed=0 abs=0..0 host=0 in=0 ahead=0 live=0 und=0 ring=0/49152
17:36:25 play=         act=0 armed=0 abs=0..0 host=0 in=0 ahead=0 live=0 und=0 ring=0/49152
17:36:25 play=         act=0 armed=0 abs=0..0 host=0 in=0 ahead=0 live=0 und=0 ring=0/49152
17:36:26 play=         act=0 armed=0 abs=0..0 host=0 in=0 ahead=0 live=0 und=0 ring=0/49152
17:36:27 play=         act=0 armed=0 abs=0..0 host=0 in=0 ahead=0 live=0 und=0 ring=0/49152
17:36:27 play=         act=0 armed=0 abs=0..0 host=0 in=0 ahead=0 live=0 und=0 ring=0/49152
17:36:28 play=         act=0 armed=0 abs=0..0 host=0 in=0 ahead=0 live=0 und=0 ring=0/49152
17:36:29 play=         act=0 armed=0 abs=0..0 host=0 in=0 ahead=0 live=0 und=0 ring=0/49152
17:36:29 play=         act=0 armed=0 abs=0..0 host=0 in=0 ahead=0 live=0 und=0 ring=0/49152
17:36:30 play=         act=0 armed=0 abs=0..0 host=0 in=0 ahead=0 live=0 und=0 ring=0/49152
17:36:31 play=         act=0 armed=0 abs=0..0 host=0 in=0 ahead=0 live=0 und=0 ring=0/49152
17:36:31 play=         act=0 armed=0 abs=0..0 host=0 in=0 ahead=0 live=0 und=0 ring=0/49152
17:36:32 play=         act=0 armed=0 abs=0..0 host=0 in=0 ahead=0 live=0 und=0 ring=0/49152
17:36:33 play=         act=0 armed=0 abs=0..0 host=0 in=0 ahead=0 live=0 und=0 ring=0/49152
17:36:33 play=         act=0 armed=0 abs=0..0 host=0 in=0 ahead=0 live=0 und=0 ring=0/49152
17:36:34 play=         act=0 armed=0 abs=0..0 host=0 in=0 ahead=0 live=0 und=0 ring=0/49152
17:36:34 play=         act=0 armed=0 abs=0..0 host=0 in=0 ahead=0 live=0 und=0 ring=0/49152
17:36:35 play=         act=0 armed=0 abs=0..0 host=0 in=0 ahead=0 live=0 und=0 ring=0/49152
17:36:35 play=         act=0 armed=0 abs=0..0 host=0 in=0 ahead=0 live=0 und=0 ring=0/49152
17:36:36 play=         act=0 armed=0 abs=0..0 host=0 in=0 ahead=0 live=0 und=0 ring=0/49152
17:36:37 play=         act=0 armed=0 abs=0..0 host=0 in=0 ahead=0 live=0 und=0 ring=0/49152
17:36:37 play=         act=0 armed=0 abs=0..0 host=0 in=0 ahead=0 live=0 und=0 ring=0/49152
17:36:38 play=         act=0 armed=0 abs=0..0 host=0 in=0 ahead=0 live=0 und=0 ring=0/49152
17:36:39 play=         act=0 armed=0 abs=0..0 host=0 in=0 ahead=0 live=0 und=0 ring=0/49152
17:36:39 play=         act=0 armed=0 abs=0..0 host=0 in=0 ahead=0 live=0 und=0 ring=0/49152
17:36:40 play=         act=0 armed=0 abs=0..0 host=0 in=0 ahead=0 live=0 und=0 ring=0/49152
17:36:41 play=         act=0 armed=0 abs=0..0 host=0 in=0 ahead=0 live=0 und=0 ring=0/49152
17:36:41 play=         act=0 armed=0 abs=0..0 host=0 in=0 ahead=0 live=0 und=0 ring=0/49152
17:36:42 play=         act=0 armed=0 abs=0..0 host=0 in=0 ahead=0 live=0 und=0 ring=0/49152
17:36:43 play=         act=0 armed=0 abs=0..0 host=0 in=0 ahead=0 live=0 und=0 ring=0/49152
17:36:43 play=         act=0 armed=0 abs=0..0 host=0 in=0 ahead=0 live=0 und=0 ring=0/49152
17:36:44 play=         act=0 armed=0 abs=0..0 host=0 in=0 ahead=0 live=0 und=0 ring=0/49152
17:36:44 play=         act=0 armed=0 abs=0..0 host=0 in=0 ahead=0 live=0 und=0 ring=0/49152
17:36:45 play=         act=0 armed=0 abs=0..0 host=0 in=0 ahead=0 live=0 und=0 ring=0/49152
17:36:46 play=         act=0 armed=0 abs=0..0 host=0 in=0 ahead=0 live=0 und=0 ring=0/49152
17:36:46 play=         act=0 armed=0 abs=0..0 host=0 in=0 ahead=0 live=0 und=0 ring=0/49152
17:36:51 ERR <urlopen error timed out>
Traceback (most recent call last):
  File "/usr/lib/python3.13/urllib/request.py", line 1319, in do_open
    h.request(req.get_method(), req.selector, req.data, headers,
    ~~~~~~~~~^^^^^^^^^^^^^^^^^^^^^^^^^^^^^^^^^^^^^^^^^^^^^^^^^^^
              encode_chunked=req.has_header('Transfer-encoding'))
              ^^^^^^^^^^^^^^^^^^^^^^^^^^^^^^^^^^^^^^^^^^^^^^^^^^^
  File "/usr/lib/python3.13/http/client.py", line 1367, in request
    self._send_request(method, url, body, headers, encode_chunked)
    ~~~~~~~~~~~~~~~~~~^^^^^^^^^^^^^^^^^^^^^^^^^^^^^^^^^^^^^^^^^^^^
  File "/usr/lib/python3.13/http/client.py", line 1413, in _send_request
    self.endheaders(body, encode_chunked=encode_chunked)
    ~~~~~~~~~~~~~~~^^^^^^^^^^^^^^^^^^^^^^^^^^^^^^^^^^^^^
  File "/usr/lib/python3.13/http/client.py", line 1362, in endheaders
    self._send_output(message_body, encode_chunked=encode_chunked)
    ~~~~~~~~~~~~~~~~~^^^^^^^^^^^^^^^^^^^^^^^^^^^^^^^^^^^^^^^^^^^^^
  File "/usr/lib/python3.13/http/client.py", line 1122, in _send_output
    self.send(msg)
    ~~~~~~~~~^^^^^
  File "/usr/lib/python3.13/http/client.py", line 1066, in send
    self.connect()
    ~~~~~~~~~~~~^^
  File "/usr/lib/python3.13/http/client.py", line 1032, in connect
    self.sock = self._create_connection(
                ~~~~~~~~~~~~~~~~~~~~~~~^
        (self.host,self.port), self.timeout, self.source_address)
        ^^^^^^^^^^^^^^^^^^^^^^^^^^^^^^^^^^^^^^^^^^^^^^^^^^^^^^^^^
  File "/usr/lib/python3.13/socket.py", line 864, in create_connection
    raise exceptions[0]
  File "/usr/lib/python3.13/socket.py", line 849, in create_connection
    sock.connect(sa)
    ~~~~~~~~~~~~^^^^
ConnectionRefusedError: [Errno 111] Connection refused

During handling of the above exception, another exception occurred:

Traceback (most recent call last):
  File "/home/martin/projects/pidrive/tools/feld_av_correlate.py", line 207, in <module>
    raise SystemExit(main())
                     ~~~~^^
  File "/home/martin/projects/pidrive/tools/feld_av_correlate.py", line 182, in main
    st = http_json(f"{esp}/api/status")
  File "/home/martin/projects/pidrive/tools/feld_av_correlate.py", line 25, in http_json
    with urllib.request.urlopen(url, timeout=timeout) as r:
         ~~~~~~~~~~~~~~~~~~~~~~^^^^^^^^^^^^^^^^^^^^^^
  File "/usr/lib/python3.13/urllib/request.py", line 189, in urlopen
    return opener.open(url, data, timeout)
           ~~~~~~~~~~~^^^^^^^^^^^^^^^^^^^^
  File "/usr/lib/python3.13/urllib/request.py", line 489, in open
    response = self._open(req, data)
  File "/usr/lib/python3.13/urllib/request.py", line 506, in _open
    result = self._call_chain(self.handle_open, protocol, protocol +
                              '_open', req)
  File "/usr/lib/python3.13/urllib/request.py", line 466, in _call_chain
    result = func(*args)
  File "/usr/lib/python3.13/urllib/request.py", line 1348, in http_open
    return self.do_open(http.client.HTTPConnection, req)
           ~~~~~~~~~~~~^^^^^^^^^^^^^^^^^^^^^^^^^^^^^^^^^
  File "/usr/lib/python3.13/urllib/request.py", line 1322, in do_open
    raise URLError(err)
urllib.error.URLError: <urlopen error [Errno 111] Connection refused>
