=== c2-idle-r1 → docs/betrieb/artifacts-2026-10-07-lab/lab88-c2-idle-r1-1209 ===
{
  "BENCH": {
    "pass": false,
    "sizes": {
      "4096": {
        "reads": 2000,
        "bytes": 8192000,
        "dt_s": 10.261,
        "reads_per_s": 194.9,
        "MBps": 0.798,
        "ms_per_4k": 5.13,
        "esp_readCount_delta": 2000,
        "offline": false,
        "period_ms": null,
        "gap_ms": 0.0,
        "sg_duration_ms": {
          "p5": 4.0,
          "p50": 4.0,
          "p95": 5.0,
          "p99": 6.0,
          "min": 3.0,
          "max": 64.0,
          "n": 2000
        },
        "wall_ms": {
          "p5": 3.996,
          "p50": 4.155,
          "p95": 4.639,
          "p99": 7.076,
          "min": 3.929,
          "max": 64.68,
          "n": 2000
        },
        "start_to_start_ms": {
          "p5": 4.552,
          "p50": 4.818,
          "p95": 5.4,
          "p99": 7.592,
          "min": 4.454,
          "max": 65.309,
          "n": 1999
        }
      }
    },
    "c1_reads_per_s": 194.9,
    "offline": false
  }
}
OUT docs/betrieb/artifacts-2026-10-07-lab/lab88-c2-idle-r1-1209 overall=FAIL
DONE c2-idle-r1 exit=1
