=== c5-slope-clean-1hz → docs/betrieb/artifacts-2026-10-07-lab/lab88-c5-slope-clean-1hz-1325 ===
{
  "BENCH": {
    "pass": false,
    "sizes": {
      "4096": {
        "reads": 1200,
        "bytes": 4915200,
        "dt_s": 7.871,
        "reads_per_s": 152.5,
        "MBps": 0.624,
        "ms_per_4k": 6.559,
        "esp_readCount_delta": 1200,
        "offline": false,
        "period_ms": null,
        "gap_ms": 0.0,
        "sg_duration_ms": {
          "p5": 5.0,
          "p50": 5.0,
          "p95": 6.0,
          "p99": 19.0,
          "min": 5.0,
          "max": 67.0,
          "n": 1200
        },
        "wall_ms": {
          "p5": 5.209,
          "p50": 5.468,
          "p95": 5.924,
          "p99": 19.036,
          "min": 5.116,
          "max": 66.145,
          "n": 1200
        },
        "start_to_start_ms": {
          "p5": 5.793,
          "p50": 6.138,
          "p95": 6.722,
          "p99": 19.705,
          "min": 5.678,
          "max": 66.831,
          "n": 1199
        }
      }
    },
    "c1_reads_per_s": 152.5,
    "offline": false,
    "incomplete": false
  }
}
OUT docs/betrieb/artifacts-2026-10-07-lab/lab88-c5-slope-clean-1hz-1325 overall=FAIL
DONE c5-bench exit=1
