{
  "G5": {
    "pass": true,
    "burst_median_bps": 8703.2,
    "late_median_bps": 5887.5,
    "burst_ok": true,
    "late_ok": true,
    "err": null
  },
  "G1": {
    "pass": true,
    "bytes_before_arm": 86016,
    "expect_before": 86016,
    "before_ok": true,
    "hostAbs": 438272,
    "underruns": 438272,
    "expect_und_host": 438272,
    "und_ok": true,
    "host_ok": true,
    "und_host_ok": true,
    "liveBytes_fw": 0,
    "liveBytes_ear": 0,
    "live_ok": true,
    "class_counts": {
      "ID3": 2,
      "SILENCE": 254
    },
    "ear": {
      "live_bytes": 0,
      "consumed": 0,
      "events": {},
      "event_list": []
    },
    "silence_ratio": 1.0,
    "other_ratio": 0.0,
    "classifier_ok": true
  },
  "G3": {
    "pass": true,
    "fill_pre": 49152,
    "fill_wait_s": 1.255,
    "fill_ok": true,
    "liveBytes_fw": 487455,
    "liveBytes_ear": 45056,
    "expect_live": 49152,
    "live_ok": true,
    "underruns": 475105,
    "hostAbs": 543457,
    "class_counts": {
      "ID3": 1,
      "LIVE": 11,
      "SILENCE": 116
    },
    "ear": {
      "live_bytes": 45056,
      "consumed": 0,
      "events": {
        "silence_in_play": 116
      },
      "event_list": [
        {
          "t": 1889409.67831913,
          "kind": "silence_in_play"
        },
        {
          "t": 1889409.688417692,
          "kind": "silence_in_play"
        },
        {
          "t": 1889409.698538105,
          "kind": "silence_in_play"
        },
        {
          "t": 1889409.708970046,
          "kind": "silence_in_play"
        },
        {
          "t": 1889409.719314492,
          "kind": "silence_in_play"
        },
        {
          "t": 1889409.72941699,
          "kind": "silence_in_play"
        },
        {
          "t": 1889409.739427295,
          "kind": "silence_in_play"
        },
        {
          "t": 1889409.74962284,
          "kind": "silence_in_play"
        },
        {
          "t": 1889409.759923583,
          "kind": "silence_in_play"
        },
        {
          "t": 1889409.770450383,
          "kind": "silence_in_play"
        },
        {
          "t": 1889409.780663501,
          "kind": "silence_in_play"
        },
        {
          "t": 1889409.790900454,
          "kind": "silence_in_play"
        },
        {
          "t": 1889409.801908083,
          "kind": "silence_in_play"
        },
        {
          "t": 1889409.8124435,
          "kind": "silence_in_play"
        },
        {
          "t": 1889409.822921618,
          "kind": "silence_in_play"
        },
        {
          "t": 1889409.833238131,
          "kind": "silence_in_play"
        },
        {
          "t": 1889409.844703646,
          "kind": "silence_in_play"
        },
        {
          "t": 1889409.855102855,
          "kind": "silence_in_play"
        },
        {
          "t": 1889409.865498668,
          "kind": "silence_in_play"
        },
        {
          "t": 1889409.876029987,
          "kind": "silence_in_play"
        },
        {
          "t": 1889409.886549003,
          "kind": "silence_in_play"
        },
        {
          "t": 1889409.896996153,
          "kind": "silence_in_play"
        },
        {
          "t": 1889409.907396104,
          "kind": "silence_in_play"
        },
        {
          "t": 1889409.917778081,
          "kind": "silence_in_play"
        },
        {
          "t": 1889409.927961863,
          "kind": "silence_in_play"
        },
        {
          "t": 1889409.938245554,
          "kind": "silence_in_play"
        },
        {
          "t": 1889409.94841534,
          "kind": "silence_in_play"
        },
        {
          "t": 1889409.958763222,
          "kind": "silence_in_play"
        },
        {
          "t": 1889409.968884827,
          "kind": "silence_in_play"
        },
        {
          "t": 1889409.979389265,
          "kind": "silence_in_play"
        },
        {
          "t": 1889409.989715397,
          "kind": "silence_in_play"
        },
        {
          "t": 1889410.000163288,
          "kind": "silence_in_play"
        },
        {
          "t": 1889410.010710818,
          "kind": "silence_in_play"
        },
        {
          "t": 1889410.02120123,
          "kind": "silence_in_play"
        },
        {
          "t": 1889410.031307916,
          "kind": "silence_in_play"
        },
        {
          "t": 1889410.041541152,
          "kind": "silence_in_play"
        },
        {
          "t": 1889410.052686161,
          "kind": "silence_in_play"
        },
        {
          "t": 1889410.064594031,
          "kind": "silence_in_play"
        },
        {
          "t": 1889410.07558588,
          "kind": "silence_in_play"
        },
        {
          "t": 1889410.08759954,
          "kind": "silence_in_play"
        },
        {
          "t": 1889410.099659748,
          "kind": "silence_in_play"
        },
        {
          "t": 1889410.110183923,
          "kind": "silence_in_play"
        },
        {
          "t": 1889410.120416488,
          "kind": "silence_in_play"
        },
        {
          "t": 1889410.130604298,
          "kind": "silence_in_play"
        },
        {
          "t": 1889410.140669125,
          "kind": "silence_in_play"
        },
        {
          "t": 1889410.150800388,
          "kind": "silence_in_play"
        },
        {
          "t": 1889410.16140707,
          "kind": "silence_in_play"
        },
        {
          "t": 1889410.171636529,
          "kind": "silence_in_play"
        },
        {
          "t": 1889410.182448057,
          "kind": "silence_in_play"
        },
        {
          "t": 1889410.193222946,
          "kind": "silence_in_play"
        }
      ]
    },
    "silence_after_live": true
  },
  "G4": {
    "pass": true,
    "fav2_maxSeq": 524288,
    "prefetch_s": 1.228,
    "prefetch_ok": true,
    "within_few_s": true
  },
  "G2": {
    "pass": true,
    "maxSeq": 524288,
    "hostAbs_pre": 524257,
    "hostAbs_after_arm": 0,
    "und_delta": -1048545,
    "host_delta": -524257,
    "armed": false,
    "file_full": true,
    "host_ok": true,
    "und_ok": true
  }
}
OUT docs/betrieb/artifacts-2026-10-07-lab/lab88-nbt-hu-sim-all-c1c7-1152 overall=PASS
