{
  "REPLUG": {
    "pass": true,
    "uid": "fav2",
    "cmd_kib": 4,
    "commands": 128,
    "bytes": 524288,
    "read_ms": 853.3,
    "head_ms": 19.57,
    "head_pause_ms": 19.0,
    "field_read_ms": [
      651,
      665
    ],
    "rate_kBps": 614.4,
    "sg_ms_per_4k": {
      "p5": 5.0,
      "p50": 5.0,
      "p95": 6.0,
      "p99": 19.0,
      "min": 5.0,
      "max": 30.0,
      "n": 128
    },
    "ring_pre": 49152,
    "ring_full_pre": true,
    "producer_bytes": 79872,
    "producer_err": null,
    "class_counts": {
      "ID3": 1,
      "LIVE": 13,
      "SILENCE": 114
    },
    "ear": {
      "live_bytes": 53248,
      "consumed": 0,
      "events": {
        "silence_in_play": 114
      },
      "event_list": [
        {
          "t": 2004366.053291958,
          "kind": "silence_in_play"
        },
        {
          "t": 2004366.059254807,
          "kind": "silence_in_play"
        },
        {
          "t": 2004366.065289251,
          "kind": "silence_in_play"
        },
        {
          "t": 2004366.071371325,
          "kind": "silence_in_play"
        },
        {
          "t": 2004366.077410529,
          "kind": "silence_in_play"
        },
        {
          "t": 2004366.08374485,
          "kind": "silence_in_play"
        },
        {
          "t": 2004366.089959475,
          "kind": "silence_in_play"
        },
        {
          "t": 2004366.09619557,
          "kind": "silence_in_play"
        },
        {
          "t": 2004366.1024818,
          "kind": "silence_in_play"
        },
        {
          "t": 2004366.108939604,
          "kind": "silence_in_play"
        },
        {
          "t": 2004366.115658973,
          "kind": "silence_in_play"
        },
        {
          "t": 2004366.122083725,
          "kind": "silence_in_play"
        },
        {
          "t": 2004366.128314099,
          "kind": "silence_in_play"
        },
        {
          "t": 2004366.134449955,
          "kind": "silence_in_play"
        },
        {
          "t": 2004366.140511321,
          "kind": "silence_in_play"
        },
        {
          "t": 2004366.146946662,
          "kind": "silence_in_play"
        },
        {
          "t": 2004366.153536346,
          "kind": "silence_in_play"
        },
        {
          "t": 2004366.160058803,
          "kind": "silence_in_play"
        },
        {
          "t": 2004366.1664281,
          "kind": "silence_in_play"
        },
        {
          "t": 2004366.17251315,
          "kind": "silence_in_play"
        },
        {
          "t": 2004366.178676778,
          "kind": "silence_in_play"
        },
        {
          "t": 2004366.184845336,
          "kind": "silence_in_play"
        },
        {
          "t": 2004366.191490294,
          "kind": "silence_in_play"
        },
        {
          "t": 2004366.198121065,
          "kind": "silence_in_play"
        },
        {
          "t": 2004366.204616621,
          "kind": "silence_in_play"
        },
        {
          "t": 2004366.210731507,
          "kind": "silence_in_play"
        },
        {
          "t": 2004366.216742617,
          "kind": "silence_in_play"
        },
        {
          "t": 2004366.222747987,
          "kind": "silence_in_play"
        },
        {
          "t": 2004366.228962842,
          "kind": "silence_in_play"
        },
        {
          "t": 2004366.235301651,
          "kind": "silence_in_play"
        },
        {
          "t": 2004366.241422729,
          "kind": "silence_in_play"
        },
        {
          "t": 2004366.247463686,
          "kind": "silence_in_play"
        },
        {
          "t": 2004366.253431424,
          "kind": "silence_in_play"
        },
        {
          "t": 2004366.259301227,
          "kind": "silence_in_play"
        },
        {
          "t": 2004366.265200616,
          "kind": "silence_in_play"
        },
        {
          "t": 2004366.271023481,
          "kind": "silence_in_play"
        },
        {
          "t": 2004366.277145721,
          "kind": "silence_in_play"
        },
        {
          "t": 2004366.283355166,
          "kind": "silence_in_play"
        },
        {
          "t": 2004366.289783064,
          "kind": "silence_in_play"
        },
        {
          "t": 2004366.295763516,
          "kind": "silence_in_play"
        },
        {
          "t": 2004366.301673054,
          "kind": "silence_in_play"
        },
        {
          "t": 2004366.307587141,
          "kind": "silence_in_play"
        },
        {
          "t": 2004366.313432758,
          "kind": "silence_in_play"
        },
        {
          "t": 2004366.319670968,
          "kind": "silence_in_play"
        },
        {
          "t": 2004366.325854604,
          "kind": "silence_in_play"
        },
        {
          "t": 2004366.331951456,
          "kind": "silence_in_play"
        },
        {
          "t": 2004366.33801737,
          "kind": "silence_in_play"
        },
        {
          "t": 2004366.343969779,
          "kind": "silence_in_play"
        },
        {
          "t": 2004366.349747358,
          "kind": "silence_in_play"
        },
        {
          "t": 2004366.355448502,
          "kind": "silence_in_play"
        }
      ]
    },
    "id3Len_dump": 3300,
    "id3Len_fw": 3300,
    "live_span": {
      "stamps": 198,
      "seq_gaps": 1,
      "file_first": 3300,
      "file_end": 53760,
      "seq_first": 86,
      "seq_last": 285,
      "abs_first": 22016,
      "abs_end": 73216
    },
    "live_bytes_file": 50460,
    "live_s_at_48k": 8.41,
    "realtime_bps": 6000,
    "live_s_at_bps": 8.41,
    "undDelta": 470528,
    "expect_undDelta": 470528,
    "field_undDelta": [
      470616,
      471640
    ],
    "hostAbs_after": 543744,
    "absEnd_pre": 71168,
    "absEnd_post": 79104,
    "abs_cross_fw": 73216,
    "abs_cross_pdsq": 73216,
    "und_ok": true,
    "identity_diff": 0,
    "identity_ok": true,
    "cross_in_window": true,
    "complete_ok": true,
    "timing_ok": true
  }
}
OUT /home/martin/projects/pidrive/docs/betrieb/artifacts-2026-10-08-lab/lab-abend-fortsetzung-1940/replug-48k-head overall=PASS

