=== c2-armed-r2 → docs/betrieb/artifacts-2026-10-07-lab/lab88-c2-armed-r2-1209 ===
{
  "BENCH": {
    "pass": false,
    "sizes": {
      "4096": {
        "reads": 2000,
        "bytes": 8192000,
        "dt_s": 12.442,
        "reads_per_s": 160.8,
        "MBps": 0.658,
        "ms_per_4k": 6.221,
        "esp_readCount_delta": 2000,
        "offline": false,
        "period_ms": null,
        "gap_ms": 0.0,
        "sg_duration_ms": {
          "p5": 5.0,
          "p50": 5.0,
          "p95": 6.0,
          "p99": 19.0,
          "min": 4.0,
          "max": 66.0,
          "n": 2000
        },
        "wall_ms": {
          "p5": 4.971,
          "p50": 5.134,
          "p95": 5.6,
          "p99": 18.955,
          "min": 4.905,
          "max": 66.124,
          "n": 2000
        },
        "start_to_start_ms": {
          "p5": 5.536,
          "p50": 5.785,
          "p95": 6.309,
          "p99": 19.595,
          "min": 5.435,
          "max": 67.26,
          "n": 1999
        }
      }
    },
    "c1_reads_per_s": 160.8,
    "offline": false
  }
}
OUT docs/betrieb/artifacts-2026-10-07-lab/lab88-c2-armed-r2-1209 overall=FAIL
DONE c2-armed-r2 exit=1
