=== c6-g7-autoplay → docs/betrieb/artifacts-2026-10-07-lab/lab88-c6-g7-autoplay-1333 ===
{
  "G7": {
    "pass": false,
    "slot_size": 8388608,
    "maxSeq_after_head": 5201920,
    "maxSeq_after_frag": 5201920,
    "maxSeq_final": 5201920,
    "bytes_delta": 8179712,
    "expect_total": 8179712,
    "field_total_8mib": 8179712,
    "timing": {
      "period_ms": 4.0,
      "gap_ms": null,
      "sg_duration_ms": {
        "p5": 4.0,
        "p50": 4.0,
        "p95": 5.0,
        "p99": 7.0,
        "min": 3.0,
        "max": 65.0,
        "n": 1997
      },
      "wall_ms": {
        "p5": 3.995,
        "p50": 4.165,
        "p95": 4.612,
        "p99": 12.183,
        "min": 3.928,
        "max": 65.492,
        "n": 1997
      },
      "start_to_start_ms": {
        "p5": 4.553,
        "p50": 4.839,
        "p95": 5.393,
        "p99": 18.194,
        "min": 4.461,
        "max": 1131.026,
        "n": 1996
      },
      "late_reads": 402
    },
    "head_ok": false,
    "frag_ok": false,
    "final_ok": true,
    "total_ok": true
  }
}
OUT docs/betrieb/artifacts-2026-10-07-lab/lab88-c6-g7-autoplay-1333 overall=FAIL
DONE c6-g7-autoplay exit=1
