[audio] target_bps=6000 bitrate=48k marker=True marker_period=1 re_local=False
[msc-lock] USB_SESSION_START → sealing (next menu_set freezes map)
[msc-lock] enabled=True seed_plugged=True
[tx] {"t":"hello","ver":1}
[rx] {"t":"hello_ack","ver":"0.4.46-dev","fw":"pidrive","slots":4,"page":true,"audio":true,"bin":true,"tcp":true,"tcpPort":9090}
[hello_ack] ver=0.4.46-dev slots=4 page=True tcp=True
[tx] {"t":"audio_stop"}
[bridge] tcp:192.168.178.88:9090 audio=48k paging=on
[tx] {"t":"ping"}
[tx] {"t":"menu_set","rev":9301,"page":0,"items":[{"uid":"fav0","name":"Rock Antenne","kind":"station"},{"uid":"fav1","name":"Rock Antenne Bayern","kind":"station"},{"uid":"fav2","name":"Radio BOB LAB 1008","kind":"station"}]}
[msc-lock] sealing publish (seal)
[rx] {"t":"event","op":"play_uid","uid":"pump:stop"}
[trace] t=0ms play_uid=pump:stop
[audio] stop (SoftAP/Remote)
[rx] {"t":"audio_ack","ok":true,"op":"stop"}
[audio_ack] {'t': 'audio_ack', 'ok': True, 'op': 'stop'}
[rx] {"t":"pong"}
[rx] {"t":"menu_ack","ok":true,"n":3,"rev":9301}
[menu_ack] ok=True n=3 rev=9301
[msc-lock] MSC_MAP_FROZEN [Rock Antenne,Rock Antenne Bayern,Radio BOB LAB 1008]
[tx] {"t":"ping"}
[rx] {"t":"pong"}
[tx] {"t":"ping"}
[rx] {"t":"pong"}
[rx] {"t":"event","op":"msc.reads","ms":14934236,"gap":65535,"lba0":0,"lba1":0,"bytes":4096,"n":1,"kind":4,"ov":0}
[msc.reads] n=1 bytes=4096 lba=0..0 gap=65535 ov=0
[rx] {"t":"event","op":"msc.reads","ms":14934241,"gap":5,"lba0":8,"lba1":8,"bytes":4096,"n":1,"kind":5,"ov":0}
[msc.reads] n=1 bytes=4096 lba=8..8 gap=5 ov=0
[rx] {"t":"event","op":"msc.reads","ms":14934246,"gap":5,"lba0":16,"lba1":16,"bytes":4096,"n":1,"kind":5,"ov":0}
[msc.reads] n=1 bytes=4096 lba=16..16 gap=5 ov=0
[rx] {"t":"event","op":"msc.reads","ms":14934251,"gap":5,"lba0":24,"lba1":24,"bytes":4096,"n":1,"kind":5,"ov":0}
[msc.reads] n=1 bytes=4096 lba=24..24 gap=5 ov=0
[rx] {"t":"event","op":"msc.reads","ms":14934256,"gap":5,"lba0":32,"lba1":32,"bytes":4096,"n":1,"kind":5,"ov":0}
[msc.reads] n=1 bytes=4096 lba=32..32 gap=5 ov=0
[rx] {"t":"event","op":"msc.reads","ms":14934260,"gap":4,"lba0":40,"lba1":40,"bytes":4096,"n":1,"kind":1,"ov":0}
[msc.reads] n=1 bytes=4096 lba=40..40 gap=4 ov=0
[rx] {"t":"event","op":"msc.reads","ms":14934264,"gap":4,"lba0":48,"lba1":48,"bytes":4096,"n":1,"kind":1,"ov":0}
[msc.reads] n=1 bytes=4096 lba=48..48 gap=4 ov=0
[rx] {"t":"event","op":"msc.reads","ms":14934268,"gap":4,"lba0":56,"lba1":56,"bytes":4096,"n":1,"kind":1,"ov":0}
[msc.reads] n=1 bytes=4096 lba=56..56 gap=4 ov=0
[rx] {"t":"event","op":"msc.reads","ms":14934272,"gap":4,"lba0":64,"lba1":64,"bytes":4096,"n":1,"kind":1,"ov":0}
[msc.reads] n=1 bytes=4096 lba=64..64 gap=4 ov=0
[rx] {"t":"event","op":"msc.reads","ms":14934277,"gap":5,"lba0":72,"lba1":72,"bytes":4096,"n":1,"kind":1,"ov":0}
[msc.reads] n=1 bytes=4096 lba=72..72 gap=5 ov=0
[rx] {"t":"event","op":"msc.reads","ms":14934281,"gap":4,"lba0":80,"lba1":80,"bytes":4096,"n":1,"kind":1,"ov":0}
[msc.reads] n=1 bytes=4096 lba=80..80 gap=4 ov=0
[rx] {"t":"event","op":"msc.reads","ms":14934285,"gap":4,"lba0":88,"lba1":88,"bytes":4096,"n":1,"kind":2,"ov":0}
[msc.reads] n=1 bytes=4096 lba=88..88 gap=4 ov=0
[rx] {"t":"event","op":"diag","code":"play.reject","detail":"plug_window uid=fav0 from=88 +4096B age=5726892ms prefetch"}
[msc] play.reject plug_window uid=fav0 from=88 +4096B age=5726892ms prefetch
[rx] {"t":"event","op":"msc.reads","ms":14934303,"gap":18,"lba0":96,"lba1":96,"bytes":4096,"n":1,"kind":2,"ov":0}
[msc.reads] n=1 bytes=4096 lba=96..96 gap=18 ov=0
[rx] {"t":"event","op":"msc.reads","ms":14934307,"gap":4,"lba0":104,"lba1":104,"bytes":4096,"n":1,"kind":2,"ov":0}
[msc.reads] n=1 bytes=4096 lba=104..104 gap=4 ov=0
[rx] {"t":"event","op":"msc.reads","ms":14934312,"gap":5,"lba0":112,"lba1":112,"bytes":4096,"n":1,"kind":2,"ov":0}
[msc.reads] n=1 bytes=4096 lba=112..112 gap=5 ov=0
[rx] {"t":"event","op":"msc.reads","ms":14934316,"gap":4,"lba0":120,"lba1":120,"bytes":4096,"n":1,"kind":2,"ov":0}
[msc.reads] n=1 bytes=4096 lba=120..120 gap=4 ov=0
[rx] {"t":"event","op":"msc.reads","ms":14934320,"gap":4,"lba0":128,"lba1":128,"bytes":4096,"n":1,"kind":2,"ov":0}
[msc.reads] n=1 bytes=4096 lba=128..128 gap=4 ov=0
[rx] {"t":"event","op":"play_uid","uid":"pump:stop"}
[trace] t=0ms play_uid=pump:stop
[audio] stop (SoftAP/Remote)
[tx] {"t":"ping"}
[rx] {"t":"pong"}
[rx] {"t":"event","op":"msc.reads","ms":14937507,"gap":3187,"lba0":0,"lba1":0,"bytes":512,"n":1,"kind":4,"ov":0}
[msc.reads] n=1 bytes=512 lba=0..0 gap=3187 ov=0
[rx] {"t":"event","op":"msc.reads","ms":14937521,"gap":14,"lba0":0,"lba1":0,"bytes":4096,"n":1,"kind":4,"ov":0}
[msc.reads] n=1 bytes=4096 lba=0..0 gap=14 ov=0
[rx] {"t":"event","op":"msc.reads","ms":14937529,"gap":8,"lba0":32640,"lba1":32640,"bytes":4096,"n":1,"kind":0,"ov":0}
[msc.reads] n=1 bytes=4096 lba=32640..32640 gap=8 ov=0
[rx] {"t":"event","op":"msc.reads","ms":14937533,"gap":4,"lba0":32752,"lba1":32752,"bytes":4096,"n":1,"kind":0,"ov":0}
[msc.reads] n=1 bytes=4096 lba=32752..32752 gap=4 ov=0
[rx] {"t":"event","op":"msc.reads","ms":14937538,"gap":5,"lba0":8,"lba1":8,"bytes":4096,"n":1,"kind":5,"ov":0}
[msc.reads] n=1 bytes=4096 lba=8..8 gap=5 ov=0
[rx] {"t":"event","op":"msc.reads","ms":14937543,"gap":5,"lba0":32760,"lba1":32760,"bytes":512,"n":1,"kind":0,"ov":0}
[msc.reads] n=1 bytes=512 lba=32760..32760 gap=5 ov=0
[rx] {"t":"event","op":"msc.reads","ms":14937543,"gap":0,"lba0":32761,"lba1":32766,"bytes":3072,"n":6,"kind":0,"ov":0}
[msc.reads] n=6 bytes=3072 lba=32761..32766 gap=0 ov=0
[rx] {"t":"event","op":"msc.reads","ms":14937548,"gap":1,"lba0":32767,"lba1":32504,"bytes":4608,"n":2,"kind":0,"ov":0}
[msc.reads] n=2 bytes=4608 lba=32767..32504 gap=1 ov=0
[rx] {"t":"event","op":"msc.reads","ms":14937554,"gap":5,"lba0":32704,"lba1":32704,"bytes":4096,"n":1,"kind":0,"ov":0}
[msc.reads] n=1 bytes=4096 lba=32704..32704 gap=5 ov=0
[rx] {"t":"event","op":"msc.reads","ms":14937558,"gap":4,"lba0":32512,"lba1":32512,"bytes":4096,"n":1,"kind":0,"ov":0}
[msc.reads] n=1 bytes=4096 lba=32512..32512 gap=4 ov=0
[rx] {"t":"event","op":"msc.reads","ms":14937563,"gap":5,"lba0":32368,"lba1":32368,"bytes":4096,"n":1,"kind":0,"ov":0}
[msc.reads] n=1 bytes=4096 lba=32368..32368 gap=5 ov=0
[rx] {"t":"event","op":"msc.reads","ms":14937567,"gap":4,"lba0":32176,"lba1":32176,"bytes":4096,"n":1,"kind":0,"ov":0}
[msc.reads] n=1 bytes=4096 lba=32176..32176 gap=4 ov=0
[rx] {"t":"event","op":"msc.reads","ms":14937572,"gap":5,"lba0":32088,"lba1":32088,"bytes":4096,"n":1,"kind":0,"ov":0}
[msc.reads] n=1 bytes=4096 lba=32088..32088 gap=5 ov=0
[rx] {"t":"event","op":"msc.reads","ms":14937576,"gap":4,"lba0":32032,"lba1":32032,"bytes":4096,"n":1,"kind":0,"ov":0}
[msc.reads] n=1 bytes=4096 lba=32032..32032 gap=4 ov=0
[rx] {"t":"event","op":"msc.reads","ms":14937580,"gap":4,"lba0":31856,"lba1":31856,"bytes":4096,"n":1,"kind":0,"ov":0}
[msc.reads] n=1 bytes=4096 lba=31856..31856 gap=4 ov=0
[rx] {"t":"event","op":"msc.reads","ms":14937584,"gap":4,"lba0":31792,"lba1":31792,"bytes":4096,"n":1,"kind":0,"ov":0}
[msc.reads] n=1 bytes=4096 lba=31792..31792 gap=4 ov=0
[rx] {"t":"event","op":"msc.reads","ms":14937589,"gap":5,"lba0":31776,"lba1":31776,"bytes":4096,"n":1,"kind":0,"ov":0}
[msc.reads] n=1 bytes=4096 lba=31776..31776 gap=5 ov=0
[rx] {"t":"event","op":"msc.reads","ms":14937593,"gap":4,"lba0":31816,"lba1":31816,"bytes":4096,"n":1,"kind":0,"ov":0}
[msc.reads] n=1 bytes=4096 lba=31816..31816 gap=4 ov=0
[rx] {"t":"event","op":"msc.reads","ms":14937598,"gap":5,"lba0":29680,"lba1":29680,"bytes":4096,"n":1,"kind":0,"ov":0}
[msc.reads] n=1 bytes=4096 lba=29680..29680 gap=5 ov=0
[rx] {"t":"event","op":"msc.reads","ms":14937602,"gap":4,"lba0":4096,"lba1":4096,"bytes":4096,"n":1,"kind":2,"ov":0}
[msc.reads] n=1 bytes=4096 lba=4096..4096 gap=4 ov=0
[rx] {"t":"event","op":"diag","code":"play.reject","detail":"not_from_head uid=fav0 from=4096 +4096B age=5730209ms prefetch"}
[msc] play.reject not_from_head uid=fav0 from=4096 +4096B age=5730209ms prefetch
[rx] {"t":"event","op":"msc.reads","ms":14937621,"gap":19,"lba0":30720,"lba1":30720,"bytes":4096,"n":1,"kind":0,"ov":0}
[msc.reads] n=1 bytes=4096 lba=30720..30720 gap=19 ov=0
[rx] {"t":"event","op":"msc.reads","ms":14937626,"gap":5,"lba0":32,"lba1":32,"bytes":4096,"n":1,"kind":5,"ov":0}
[msc.reads] n=1 bytes=4096 lba=32..32 gap=5 ov=0
[rx] {"t":"event","op":"msc.reads","ms":14937630,"gap":4,"lba0":64,"lba1":64,"bytes":4096,"n":1,"kind":1,"ov":0}
[msc.reads] n=1 bytes=4096 lba=64..64 gap=4 ov=0
[rx] {"t":"event","op":"msc.reads","ms":14937635,"gap":5,"lba0":128,"lba1":128,"bytes":4096,"n":1,"kind":2,"ov":0}
[msc.reads] n=1 bytes=4096 lba=128..128 gap=5 ov=0
[rx] {"t":"event","op":"msc.reads","ms":14937640,"gap":5,"lba0":256,"lba1":256,"bytes":4096,"n":1,"kind":2,"ov":0}
[msc.reads] n=1 bytes=4096 lba=256..256 gap=5 ov=0
[rx] {"t":"event","op":"msc.reads","ms":14937644,"gap":4,"lba0":512,"lba1":512,"bytes":4096,"n":1,"kind":2,"ov":0}
[msc.reads] n=1 bytes=4096 lba=512..512 gap=4 ov=0
[rx] {"t":"event","op":"msc.reads","ms":14937649,"gap":5,"lba0":1024,"lba1":1024,"bytes":4096,"n":1,"kind":2,"ov":0}
[msc.reads] n=1 bytes=4096 lba=1024..1024 gap=5 ov=0
[rx] {"t":"event","op":"msc.reads","ms":14937653,"gap":4,"lba0":2048,"lba1":2048,"bytes":4096,"n":1,"kind":2,"ov":0}
[msc.reads] n=1 bytes=4096 lba=2048..2048 gap=4 ov=0
[rx] {"t":"event","op":"msc.reads","ms":14937657,"gap":4,"lba0":8192,"lba1":8192,"bytes":4096,"n":1,"kind":2,"ov":0}
[msc.reads] n=1 bytes=4096 lba=8192..8192 gap=4 ov=0
[rx] {"t":"event","op":"msc.reads","ms":14937662,"gap":5,"lba0":40,"lba1":40,"bytes":4096,"n":1,"kind":1,"ov":0}
[msc.reads] n=1 bytes=4096 lba=40..40 gap=5 ov=0
[rx] {"t":"event","op":"msc.reads","ms":14937666,"gap":4,"lba0":48,"lba1":48,"bytes":4096,"n":1,"kind":1,"ov":0}
[msc.reads] n=1 bytes=4096 lba=48..48 gap=4 ov=0
[rx] {"t":"event","op":"msc.reads","ms":14937670,"gap":4,"lba0":56,"lba1":56,"bytes":4096,"n":1,"kind":1,"ov":0}
[msc.reads] n=1 bytes=4096 lba=56..56 gap=4 ov=0
[rx] {"t":"event","op":"msc.reads","ms":14937676,"gap":6,"lba0":24,"lba1":24,"bytes":4096,"n":1,"kind":5,"ov":0}
[msc.reads] n=1 bytes=4096 lba=24..24 gap=6 ov=0
[rx] {"t":"event","op":"diag","code":"cold_body_burst","detail":"s=0 lba=120..8192 n=8 B=32768 w=0 ev=not_from_head set=0 fav0"}
[msc] cold_body_burst s=0 lba=120..8192 n=8 B=32768 w=0 ev=not_from_head set=0 fav0
[rx] {"t":"event","op":"msc.reads","ms":14937694,"gap":18,"lba0":120,"lba1":120,"bytes":4096,"n":1,"kind":2,"ov":0}
[msc.reads] n=1 bytes=4096 lba=120..120 gap=18 ov=0
[rx] {"t":"event","op":"msc.reads","ms":14937700,"gap":6,"lba0":16,"lba1":16,"bytes":4096,"n":1,"kind":5,"ov":0}
[msc.reads] n=1 bytes=4096 lba=16..16 gap=6 ov=0
[rx] {"t":"event","op":"msc.reads","ms":14937704,"gap":4,"lba0":72,"lba1":72,"bytes":4096,"n":1,"kind":1,"ov":0}
[msc.reads] n=1 bytes=4096 lba=72..72 gap=4 ov=0
[rx] {"t":"event","op":"msc.reads","ms":14937708,"gap":4,"lba0":80,"lba1":80,"bytes":4096,"n":1,"kind":1,"ov":0}
[msc.reads] n=1 bytes=4096 lba=80..80 gap=4 ov=0
[rx] {"t":"event","op":"msc.reads","ms":14937713,"gap":5,"lba0":88,"lba1":88,"bytes":4096,"n":1,"kind":2,"ov":0}
[msc.reads] n=1 bytes=4096 lba=88..88 gap=5 ov=0
[rx] {"t":"event","op":"msc.reads","ms":14937717,"gap":4,"lba0":96,"lba1":96,"bytes":4096,"n":1,"kind":2,"ov":0}
[msc.reads] n=1 bytes=4096 lba=96..96 gap=4 ov=0
[rx] {"t":"event","op":"msc.reads","ms":14937721,"gap":4,"lba0":104,"lba1":104,"bytes":4096,"n":1,"kind":2,"ov":0}
[msc.reads] n=1 bytes=4096 lba=104..104 gap=4 ov=0
[rx] {"t":"event","op":"msc.reads","ms":14937726,"gap":5,"lba0":112,"lba1":112,"bytes":4096,"n":1,"kind":2,"ov":0}
[msc.reads] n=1 bytes=4096 lba=112..112 gap=5 ov=0
[rx] {"t":"event","op":"msc.reads","ms":14937730,"gap":4,"lba0":136,"lba1":136,"bytes":4096,"n":1,"kind":2,"ov":0}
[msc.reads] n=1 bytes=4096 lba=136..136 gap=4 ov=0
[rx] {"t":"event","op":"msc.reads","ms":14937735,"gap":5,"lba0":144,"lba1":144,"bytes":4096,"n":1,"kind":2,"ov":0}
[msc.reads] n=1 bytes=4096 lba=144..144 gap=5 ov=0
[rx] {"t":"event","op":"msc.reads","ms":14937739,"gap":4,"lba0":152,"lba1":152,"bytes":4096,"n":1,"kind":2,"ov":0}
[msc.reads] n=1 bytes=4096 lba=152..152 gap=4 ov=0
[rx] {"t":"event","op":"msc.reads","ms":14937744,"gap":5,"lba0":160,"lba1":160,"bytes":4096,"n":1,"kind":2,"ov":0}
[msc.reads] n=1 bytes=4096 lba=160..160 gap=5 ov=0
[rx] {"t":"event","op":"msc.reads","ms":14937748,"gap":4,"lba0":168,"lba1":168,"bytes":4096,"n":1,"kind":2,"ov":0}
[msc.reads] n=1 bytes=4096 lba=168..168 gap=4 ov=0
[rx] {"t":"event","op":"msc.reads","ms":14937752,"gap":4,"lba0":176,"lba1":176,"bytes":4096,"n":1,"kind":2,"ov":0}
[msc.reads] n=1 bytes=4096 lba=176..176 gap=4 ov=0
[rx] {"t":"event","op":"msc.reads","ms":14937757,"gap":5,"lba0":184,"lba1":184,"bytes":4096,"n":1,"kind":2,"ov":0}
[msc.reads] n=1 bytes=4096 lba=184..184 gap=5 ov=0
[rx] {"t":"event","op":"msc.reads","ms":14937761,"gap":4,"lba0":192,"lba1":192,"bytes":4096,"n":1,"kind":2,"ov":0}
[msc.reads] n=1 bytes=4096 lba=192..192 gap=4 ov=0
[rx] {"t":"event","op":"msc.reads","ms":14937766,"gap":5,"lba0":200,"lba1":200,"bytes":4096,"n":1,"kind":2,"ov":0}
[msc.reads] n=1 bytes=4096 lba=200..200 gap=5 ov=0
[rx] {"t":"event","op":"msc.reads","ms":14937770,"gap":4,"lba0":208,"lba1":208,"bytes":4096,"n":1,"kind":2,"ov":0}
[msc.reads] n=1 bytes=4096 lba=208..208 gap=4 ov=0
[rx] {"t":"event","op":"msc.reads","ms":14937775,"gap":5,"lba0":216,"lba1":216,"bytes":4096,"n":1,"kind":2,"ov":0}
[msc.reads] n=1 bytes=4096 lba=216..216 gap=5 ov=0
[rx] {"t":"event","op":"msc.reads","ms":14937779,"gap":4,"lba0":224,"lba1":224,"bytes":4096,"n":1,"kind":2,"ov":0}
[msc.reads] n=1 bytes=4096 lba=224..224 gap=4 ov=0
[rx] {"t":"event","op":"msc.reads","ms":14937783,"gap":4,"lba0":232,"lba1":232,"bytes":4096,"n":1,"kind":2,"ov":0}
[msc.reads] n=1 bytes=4096 lba=232..232 gap=4 ov=0
[rx] {"t":"event","op":"msc.reads","ms":14937788,"gap":5,"lba0":240,"lba1":240,"bytes":4096,"n":1,"kind":2,"ov":0}
[msc.reads] n=1 bytes=4096 lba=240..240 gap=5 ov=0
[rx] {"t":"event","op":"msc.reads","ms":14937792,"gap":4,"lba0":248,"lba1":248,"bytes":4096,"n":1,"kind":2,"ov":0}
[msc.reads] n=1 bytes=4096 lba=248..248 gap=4 ov=0
[rx] {"t":"event","op":"msc.reads","ms":14937797,"gap":5,"lba0":264,"lba1":264,"bytes":4096,"n":1,"kind":2,"ov":0}
[msc.reads] n=1 bytes=4096 lba=264..264 gap=5 ov=0
[rx] {"t":"event","op":"msc.reads","ms":14937801,"gap":4,"lba0":272,"lba1":272,"bytes":4096,"n":1,"kind":2,"ov":0}
[msc.reads] n=1 bytes=4096 lba=272..272 gap=4 ov=0
[rx] {"t":"event","op":"msc.reads","ms":14937806,"gap":5,"lba0":280,"lba1":280,"bytes":4096,"n":1,"kind":2,"ov":0}
[msc.reads] n=1 bytes=4096 lba=280..280 gap=5 ov=0
[rx] {"t":"event","op":"msc.reads","ms":14937810,"gap":4,"lba0":288,"lba1":288,"bytes":4096,"n":1,"kind":2,"ov":0}
[msc.reads] n=1 bytes=4096 lba=288..288 gap=4 ov=0
[rx] {"t":"event","op":"msc.reads","ms":14937814,"gap":4,"lba0":296,"lba1":296,"bytes":4096,"n":1,"kind":2,"ov":0}
[msc.reads] n=1 bytes=4096 lba=296..296 gap=4 ov=0
[rx] {"t":"event","op":"msc.reads","ms":14937819,"gap":5,"lba0":304,"lba1":304,"bytes":4096,"n":1,"kind":2,"ov":0}
[msc.reads] n=1 bytes=4096 lba=304..304 gap=5 ov=0
[rx] {"t":"event","op":"msc.reads","ms":14937823,"gap":4,"lba0":312,"lba1":312,"bytes":4096,"n":1,"kind":2,"ov":0}
[msc.reads] n=1 bytes=4096 lba=312..312 gap=4 ov=0
[rx] {"t":"event","op":"msc.reads","ms":14937827,"gap":4,"lba0":320,"lba1":320,"bytes":4096,"n":1,"kind":2,"ov":0}
[msc.reads] n=1 bytes=4096 lba=320..320 gap=4 ov=0
[rx] {"t":"event","op":"msc.reads","ms":14937832,"gap":5,"lba0":328,"lba1":328,"bytes":4096,"n":1,"kind":2,"ov":0}
[msc.reads] n=1 bytes=4096 lba=328..328 gap=5 ov=0
[rx] {"t":"event","op":"msc.reads","ms":14937836,"gap":4,"lba0":336,"lba1":336,"bytes":4096,"n":1,"kind":2,"ov":0}
[msc.reads] n=1 bytes=4096 lba=336..336 gap=4 ov=0
[rx] {"t":"event","op":"msc.reads","ms":14937840,"gap":4,"lba0":344,"lba1":344,"bytes":4096,"n":1,"kind":2,"ov":0}
[msc.reads] n=1 bytes=4096 lba=344..344 gap=4 ov=0
[rx] {"t":"event","op":"msc.reads","ms":14937845,"gap":5,"lba0":352,"lba1":352,"bytes":4096,"n":1,"kind":2,"ov":0}
[msc.reads] n=1 bytes=4096 lba=352..352 gap=5 ov=0
[rx] {"t":"event","op":"msc.reads","ms":14937849,"gap":4,"lba0":360,"lba1":360,"bytes":4096,"n":1,"kind":2,"ov":0}
[msc.reads] n=1 bytes=4096 lba=360..360 gap=4 ov=0
[rx] {"t":"event","op":"msc.reads","ms":14937854,"gap":5,"lba0":368,"lba1":368,"bytes":4096,"n":1,"kind":2,"ov":0}
[msc.reads] n=1 bytes=4096 lba=368..368 gap=5 ov=0
[rx] {"t":"event","op":"msc.reads","ms":14937858,"gap":4,"lba0":376,"lba1":376,"bytes":4096,"n":1,"kind":2,"ov":0}
[msc.reads] n=1 bytes=4096 lba=376..376 gap=4 ov=0
[rx] {"t":"event","op":"msc.reads","ms":14937863,"gap":5,"lba0":384,"lba1":384,"bytes":4096,"n":1,"kind":2,"ov":0}
[msc.reads] n=1 bytes=4096 lba=384..384 gap=5 ov=0
[rx] {"t":"event","op":"msc.reads","ms":14937867,"gap":4,"lba0":392,"lba1":392,"bytes":4096,"n":1,"kind":2,"ov":0}
[msc.reads] n=1 bytes=4096 lba=392..392 gap=4 ov=0
[rx] {"t":"event","op":"msc.reads","ms":14937871,"gap":4,"lba0":400,"lba1":400,"bytes":4096,"n":1,"kind":2,"ov":0}
[msc.reads] n=1 bytes=4096 lba=400..400 gap=4 ov=0
[rx] {"t":"event","op":"msc.reads","ms":14937876,"gap":5,"lba0":408,"lba1":408,"bytes":4096,"n":1,"kind":2,"ov":0}
[msc.reads] n=1 bytes=4096 lba=408..408 gap=5 ov=0
[rx] {"t":"event","op":"msc.reads","ms":14937880,"gap":4,"lba0":416,"lba1":416,"bytes":4096,"n":1,"kind":2,"ov":0}
[msc.reads] n=1 bytes=4096 lba=416..416 gap=4 ov=0
[rx] {"t":"event","op":"msc.reads","ms":14937885,"gap":5,"lba0":424,"lba1":424,"bytes":4096,"n":1,"kind":2,"ov":0}
[msc.reads] n=1 bytes=4096 lba=424..424 gap=5 ov=0
[rx] {"t":"event","op":"msc.reads","ms":14937889,"gap":4,"lba0":432,"lba1":432,"bytes":4096,"n":1,"kind":2,"ov":0}
[msc.reads] n=1 bytes=4096 lba=432..432 gap=4 ov=0
[rx] {"t":"event","op":"msc.reads","ms":14937894,"gap":5,"lba0":440,"lba1":440,"bytes":4096,"n":1,"kind":2,"ov":0}
[msc.reads] n=1 bytes=4096 lba=440..440 gap=5 ov=0
[rx] {"t":"event","op":"msc.reads","ms":14937898,"gap":4,"lba0":448,"lba1":448,"bytes":4096,"n":1,"kind":2,"ov":0}
[msc.reads] n=1 bytes=4096 lba=448..448 gap=4 ov=0
[rx] {"t":"event","op":"msc.reads","ms":14937903,"gap":5,"lba0":456,"lba1":456,"bytes":4096,"n":1,"kind":2,"ov":0}
[msc.reads] n=1 bytes=4096 lba=456..456 gap=5 ov=0
[rx] {"t":"event","op":"msc.reads","ms":14937907,"gap":4,"lba0":464,"lba1":464,"bytes":4096,"n":1,"kind":2,"ov":0}
[msc.reads] n=1 bytes=4096 lba=464..464 gap=4 ov=0
[rx] {"t":"event","op":"msc.reads","ms":14937911,"gap":4,"lba0":472,"lba1":472,"bytes":4096,"n":1,"kind":2,"ov":0}
[msc.reads] n=1 bytes=4096 lba=472..472 gap=4 ov=0
[rx] {"t":"event","op":"msc.reads","ms":14937916,"gap":5,"lba0":480,"lba1":480,"bytes":4096,"n":1,"kind":2,"ov":0}
[msc.reads] n=1 bytes=4096 lba=480..480 gap=5 ov=0
[rx] {"t":"event","op":"msc.reads","ms":14937920,"gap":4,"lba0":488,"lba1":488,"bytes":4096,"n":1,"kind":2,"ov":0}
[msc.reads] n=1 bytes=4096 lba=488..488 gap=4 ov=0
[rx] {"t":"event","op":"msc.reads","ms":14937925,"gap":5,"lba0":496,"lba1":496,"bytes":4096,"n":1,"kind":2,"ov":0}
[msc.reads] n=1 bytes=4096 lba=496..496 gap=5 ov=0
[rx] {"t":"event","op":"msc.reads","ms":14937930,"gap":5,"lba0":504,"lba1":504,"bytes":4096,"n":1,"kind":2,"ov":0}
[msc.reads] n=1 bytes=4096 lba=504..504 gap=5 ov=0
[rx] {"t":"event","op":"msc.reads","ms":14937943,"gap":13,"lba0":0,"lba1":0,"bytes":4096,"n":1,"kind":4,"ov":0}
[msc.reads] n=1 bytes=4096 lba=0..0 gap=13 ov=0
[rx] {"t":"event","op":"msc.reads","ms":14937947,"gap":4,"lba0":32640,"lba1":32640,"bytes":4096,"n":1,"kind":0,"ov":0}
[msc.reads] n=1 bytes=4096 lba=32640..32640 gap=4 ov=0
[rx] {"t":"event","op":"msc.reads","ms":14937951,"gap":4,"lba0":32752,"lba1":32752,"bytes":4096,"n":1,"kind":0,"ov":0}
[msc.reads] n=1 bytes=4096 lba=32752..32752 gap=4 ov=0
[rx] {"t":"event","op":"msc.reads","ms":14937957,"gap":6,"lba0":8,"lba1":8,"bytes":4096,"n":1,"kind":5,"ov":0}
[msc.reads] n=1 bytes=4096 lba=8..8 gap=6 ov=0
[rx] {"t":"event","op":"msc.reads","ms":14937961,"gap":4,"lba0":32760,"lba1":32761,"bytes":1024,"n":2,"kind":0,"ov":0}
[msc.reads] n=2 bytes=1024 lba=32760..32761 gap=4 ov=0
[rx] {"t":"event","op":"msc.reads","ms":14937962,"gap":1,"lba0":32762,"lba1":32767,"bytes":3072,"n":6,"kind":0,"ov":0}
[msc.reads] n=6 bytes=3072 lba=32762..32767 gap=1 ov=0
[rx] {"t":"event","op":"msc.reads","ms":14937967,"gap":1,"lba0":32504,"lba1":32504,"bytes":4096,"n":1,"kind":0,"ov":0}
[msc.reads] n=1 bytes=4096 lba=32504..32504 gap=1 ov=0
[rx] {"t":"event","op":"msc.reads","ms":14937971,"gap":4,"lba0":32704,"lba1":32704,"bytes":4096,"n":1,"kind":0,"ov":0}
[msc.reads] n=1 bytes=4096 lba=32704..32704 gap=4 ov=0
[rx] {"t":"event","op":"msc.reads","ms":14937975,"gap":4,"lba0":32512,"lba1":32368,"bytes":8192,"n":2,"kind":0,"ov":0}
[msc.reads] n=2 bytes=8192 lba=32512..32368 gap=4 ov=0
[rx] {"t":"event","op":"msc.reads","ms":14937984,"gap":4,"lba0":32176,"lba1":32176,"bytes":4096,"n":1,"kind":0,"ov":0}
[msc.reads] n=1 bytes=4096 lba=32176..32176 gap=4 ov=0
[rx] {"t":"event","op":"msc.reads","ms":14937988,"gap":4,"lba0":32088,"lba1":32088,"bytes":4096,"n":1,"kind":0,"ov":0}
[msc.reads] n=1 bytes=4096 lba=32088..32088 gap=4 ov=0
[rx] {"t":"event","op":"msc.reads","ms":14937992,"gap":4,"lba0":32032,"lba1":32032,"bytes":4096,"n":1,"kind":0,"ov":0}
[msc.reads] n=1 bytes=4096 lba=32032..32032 gap=4 ov=0
[rx] {"t":"event","op":"msc.reads","ms":14937997,"gap":5,"lba0":31856,"lba1":31856,"bytes":4096,"n":1,"kind":0,"ov":0}
[msc.reads] n=1 bytes=4096 lba=31856..31856 gap=5 ov=0
[rx] {"t":"event","op":"msc.reads","ms":14938001,"gap":4,"lba0":31792,"lba1":31792,"bytes":4096,"n":1,"kind":0,"ov":0}
[msc.reads] n=1 bytes=4096 lba=31792..31792 gap=4 ov=0
[rx] {"t":"event","op":"msc.reads","ms":14938005,"gap":4,"lba0":31776,"lba1":31776,"bytes":4096,"n":1,"kind":0,"ov":0}
[msc.reads] n=1 bytes=4096 lba=31776..31776 gap=4 ov=0
[rx] {"t":"event","op":"msc.reads","ms":14938009,"gap":4,"lba0":31816,"lba1":31816,"bytes":4096,"n":1,"kind":0,"ov":0}
[msc.reads] n=1 bytes=4096 lba=31816..31816 gap=4 ov=0
[rx] {"t":"event","op":"msc.reads","ms":14938014,"gap":5,"lba0":29680,"lba1":29680,"bytes":4096,"n":1,"kind":0,"ov":0}
[msc.reads] n=1 bytes=4096 lba=29680..29680 gap=5 ov=0
[rx] {"t":"event","op":"msc.reads","ms":14938018,"gap":4,"lba0":4096,"lba1":4096,"bytes":4096,"n":1,"kind":2,"ov":0}
[msc.reads] n=1 bytes=4096 lba=4096..4096 gap=4 ov=0
[rx] {"t":"event","op":"msc.reads","ms":14938022,"gap":4,"lba0":30720,"lba1":30720,"bytes":4096,"n":1,"kind":0,"ov":0}
[msc.reads] n=1 bytes=4096 lba=30720..30720 gap=4 ov=0
[rx] {"t":"event","op":"msc.reads","ms":14938027,"gap":5,"lba0":32,"lba1":32,"bytes":4096,"n":1,"kind":5,"ov":0}
[msc.reads] n=1 bytes=4096 lba=32..32 gap=5 ov=0
[rx] {"t":"event","op":"msc.reads","ms":14938032,"gap":5,"lba0":64,"lba1":64,"bytes":4096,"n":1,"kind":1,"ov":0}
[msc.reads] n=1 bytes=4096 lba=64..64 gap=5 ov=0
[rx] {"t":"event","op":"msc.reads","ms":14938036,"gap":4,"lba0":128,"lba1":128,"bytes":4096,"n":1,"kind":2,"ov":0}
[msc.reads] n=1 bytes=4096 lba=128..128 gap=4 ov=0
[rx] {"t":"event","op":"msc.reads","ms":14938041,"gap":5,"lba0":256,"lba1":256,"bytes":4096,"n":1,"kind":2,"ov":0}
[msc.reads] n=1 bytes=4096 lba=256..256 gap=5 ov=0
[rx] {"t":"event","op":"msc.reads","ms":14938045,"gap":4,"lba0":512,"lba1":512,"bytes":4096,"n":1,"kind":2,"ov":0}
[msc.reads] n=1 bytes=4096 lba=512..512 gap=4 ov=0
[rx] {"t":"event","op":"msc.reads","ms":14938050,"gap":5,"lba0":1024,"lba1":1024,"bytes":4096,"n":1,"kind":2,"ov":0}
[msc.reads] n=1 bytes=4096 lba=1024..1024 gap=5 ov=0
[rx] {"t":"event","op":"msc.reads","ms":14938054,"gap":4,"lba0":2048,"lba1":2048,"bytes":4096,"n":1,"kind":2,"ov":0}
[msc.reads] n=1 bytes=4096 lba=2048..2048 gap=4 ov=0
[rx] {"t":"event","op":"msc.reads","ms":14938058,"gap":4,"lba0":8192,"lba1":8192,"bytes":4096,"n":1,"kind":2,"ov":0}
[msc.reads] n=1 bytes=4096 lba=8192..8192 gap=4 ov=0
[rx] {"t":"event","op":"msc.reads","ms":14938063,"gap":5,"lba0":40,"lba1":40,"bytes":4096,"n":1,"kind":1,"ov":0}
[msc.reads] n=1 bytes=4096 lba=40..40 gap=5 ov=0
[rx] {"t":"event","op":"msc.reads","ms":14938067,"gap":4,"lba0":48,"lba1":48,"bytes":4096,"n":1,"kind":1,"ov":0}
[msc.reads] n=1 bytes=4096 lba=48..48 gap=4 ov=0
[rx] {"t":"event","op":"msc.reads","ms":14938071,"gap":4,"lba0":56,"lba1":56,"bytes":4096,"n":1,"kind":1,"ov":0}
[msc.reads] n=1 bytes=4096 lba=56..56 gap=4 ov=0
[rx] {"t":"event","op":"msc.reads","ms":14938077,"gap":6,"lba0":24,"lba1":24,"bytes":4096,"n":1,"kind":5,"ov":0}
[msc.reads] n=1 bytes=4096 lba=24..24 gap=6 ov=0
[rx] {"t":"event","op":"msc.reads","ms":14938081,"gap":4,"lba0":120,"lba1":120,"bytes":4096,"n":1,"kind":2,"ov":0}
[msc.reads] n=1 bytes=4096 lba=120..120 gap=4 ov=0
[rx] {"t":"event","op":"msc.reads","ms":14938086,"gap":5,"lba0":16,"lba1":16,"bytes":4096,"n":1,"kind":5,"ov":0}
[msc.reads] n=1 bytes=4096 lba=16..16 gap=5 ov=0
[rx] {"t":"event","op":"msc.reads","ms":14938091,"gap":5,"lba0":72,"lba1":72,"bytes":4096,"n":1,"kind":1,"ov":0}
[msc.reads] n=1 bytes=4096 lba=72..72 gap=5 ov=0
[rx] {"t":"event","op":"msc.reads","ms":14938095,"gap":4,"lba0":80,"lba1":80,"bytes":4096,"n":1,"kind":1,"ov":0}
[msc.reads] n=1 bytes=4096 lba=80..80 gap=4 ov=0
[tx] {"t":"ping"}
[rx] {"t":"event","op":"msc.reads","ms":14938099,"gap":4,"lba0":88,"lba1":88,"bytes":4096,"n":1,"kind":2,"ov":0}
[msc.reads] n=1 bytes=4096 lba=88..88 gap=4 ov=0
[rx] {"t":"event","op":"msc.reads","ms":14938103,"gap":4,"lba0":96,"lba1":96,"bytes":4096,"n":1,"kind":2,"ov":0}
[msc.reads] n=1 bytes=4096 lba=96..96 gap=4 ov=0
[rx] {"t":"event","op":"msc.reads","ms":14938108,"gap":5,"lba0":104,"lba1":176,"bytes":32768,"n":8,"kind":2,"ov":0}
[msc.reads] n=8 bytes=32768 lba=104..176 gap=5 ov=0
[rx] {"t":"pong"}
[rx] {"t":"event","op":"msc.reads","ms":14938142,"gap":4,"lba0":184,"lba1":200,"bytes":12288,"n":3,"kind":2,"ov":0}
[msc.reads] n=3 bytes=12288 lba=184..200 gap=4 ov=0
[rx] {"t":"event","op":"msc.reads","ms":14938155,"gap":4,"lba0":208,"lba1":208,"bytes":4096,"n":1,"kind":2,"ov":0}
[msc.reads] n=1 bytes=4096 lba=208..208 gap=4 ov=0
[rx] {"t":"event","op":"msc.reads","ms":14938159,"gap":4,"lba0":216,"lba1":216,"bytes":4096,"n":1,"kind":2,"ov":0}
[msc.reads] n=1 bytes=4096 lba=216..216 gap=4 ov=0
[rx] {"t":"event","op":"msc.reads","ms":14938163,"gap":4,"lba0":224,"lba1":224,"bytes":4096,"n":1,"kind":2,"ov":0}
[msc.reads] n=1 bytes=4096 lba=224..224 gap=4 ov=0
[rx] {"t":"event","op":"msc.reads","ms":14938167,"gap":4,"lba0":232,"lba1":232,"bytes":4096,"n":1,"kind":2,"ov":0}
[msc.reads] n=1 bytes=4096 lba=232..232 gap=4 ov=0
[rx] {"t":"event","op":"msc.reads","ms":14938172,"gap":5,"lba0":240,"lba1":240,"bytes":4096,"n":1,"kind":2,"ov":0}
[msc.reads] n=1 bytes=4096 lba=240..240 gap=5 ov=0
[rx] {"t":"event","op":"msc.reads","ms":14938176,"gap":4,"lba0":248,"lba1":248,"bytes":4096,"n":1,"kind":2,"ov":0}
[msc.reads] n=1 bytes=4096 lba=248..248 gap=4 ov=0
[rx] {"t":"event","op":"msc.reads","ms":14938180,"gap":4,"lba0":264,"lba1":264,"bytes":4096,"n":1,"kind":2,"ov":0}
[msc.reads] n=1 bytes=4096 lba=264..264 gap=4 ov=0
[rx] {"t":"event","op":"msc.reads","ms":14938185,"gap":5,"lba0":272,"lba1":272,"bytes":4096,"n":1,"kind":2,"ov":0}
[msc.reads] n=1 bytes=4096 lba=272..272 gap=5 ov=0
[rx] {"t":"event","op":"msc.reads","ms":14938189,"gap":4,"lba0":280,"lba1":280,"bytes":4096,"n":1,"kind":2,"ov":0}
[msc.reads] n=1 bytes=4096 lba=280..280 gap=4 ov=0
[rx] {"t":"event","op":"msc.reads","ms":14938193,"gap":4,"lba0":288,"lba1":288,"bytes":4096,"n":1,"kind":2,"ov":0}
[msc.reads] n=1 bytes=4096 lba=288..288 gap=4 ov=0
[rx] {"t":"event","op":"msc.reads","ms":14938197,"gap":4,"lba0":296,"lba1":296,"bytes":4096,"n":1,"kind":2,"ov":0}
[msc.reads] n=1 bytes=4096 lba=296..296 gap=4 ov=0
[rx] {"t":"event","op":"msc.reads","ms":14938201,"gap":4,"lba0":304,"lba1":304,"bytes":4096,"n":1,"kind":2,"ov":0}
[msc.reads] n=1 bytes=4096 lba=304..304 gap=4 ov=0
[rx] {"t":"event","op":"msc.reads","ms":14938206,"gap":5,"lba0":312,"lba1":312,"bytes":4096,"n":1,"kind":2,"ov":0}
[msc.reads] n=1 bytes=4096 lba=312..312 gap=5 ov=0
[rx] {"t":"event","op":"msc.reads","ms":14938210,"gap":4,"lba0":320,"lba1":320,"bytes":4096,"n":1,"kind":2,"ov":0}
[msc.reads] n=1 bytes=4096 lba=320..320 gap=4 ov=0
[rx] {"t":"event","op":"msc.reads","ms":14938215,"gap":5,"lba0":328,"lba1":328,"bytes":4096,"n":1,"kind":2,"ov":0}
[msc.reads] n=1 bytes=4096 lba=328..328 gap=5 ov=0
[rx] {"t":"event","op":"msc.reads","ms":14938219,"gap":4,"lba0":336,"lba1":336,"bytes":4096,"n":1,"kind":2,"ov":0}
[msc.reads] n=1 bytes=4096 lba=336..336 gap=4 ov=0
[rx] {"t":"event","op":"msc.reads","ms":14938223,"gap":4,"lba0":344,"lba1":344,"bytes":4096,"n":1,"kind":2,"ov":0}
[msc.reads] n=1 bytes=4096 lba=344..344 gap=4 ov=0
[rx] {"t":"event","op":"msc.reads","ms":14938227,"gap":4,"lba0":352,"lba1":352,"bytes":4096,"n":1,"kind":2,"ov":0}
[msc.reads] n=1 bytes=4096 lba=352..352 gap=4 ov=0
[rx] {"t":"event","op":"msc.reads","ms":14938231,"gap":4,"lba0":360,"lba1":360,"bytes":4096,"n":1,"kind":2,"ov":0}
[msc.reads] n=1 bytes=4096 lba=360..360 gap=4 ov=0
[rx] {"t":"event","op":"msc.reads","ms":14938236,"gap":5,"lba0":368,"lba1":376,"bytes":8192,"n":2,"kind":2,"ov":0}
[msc.reads] n=2 bytes=8192 lba=368..376 gap=5 ov=0
[rx] {"t":"event","op":"msc.reads","ms":14938244,"gap":4,"lba0":384,"lba1":384,"bytes":4096,"n":1,"kind":2,"ov":0}
[msc.reads] n=1 bytes=4096 lba=384..384 gap=4 ov=0
[rx] {"t":"event","op":"msc.reads","ms":14938248,"gap":4,"lba0":392,"lba1":392,"bytes":4096,"n":1,"kind":2,"ov":0}
[msc.reads] n=1 bytes=4096 lba=392..392 gap=4 ov=0
[rx] {"t":"event","op":"msc.reads","ms":14938252,"gap":4,"lba0":400,"lba1":400,"bytes":4096,"n":1,"kind":2,"ov":0}
[msc.reads] n=1 bytes=4096 lba=400..400 gap=4 ov=0
[rx] {"t":"event","op":"msc.reads","ms":14938257,"gap":5,"lba0":408,"lba1":408,"bytes":4096,"n":1,"kind":2,"ov":0}
[msc.reads] n=1 bytes=4096 lba=408..408 gap=5 ov=0
[rx] {"t":"event","op":"msc.reads","ms":14938261,"gap":4,"lba0":416,"lba1":416,"bytes":4096,"n":1,"kind":2,"ov":0}
[msc.reads] n=1 bytes=4096 lba=416..416 gap=4 ov=0
[rx] {"t":"event","op":"msc.reads","ms":14938265,"gap":4,"lba0":424,"lba1":424,"bytes":4096,"n":1,"kind":2,"ov":0}
[msc.reads] n=1 bytes=4096 lba=424..424 gap=4 ov=0
[rx] {"t":"event","op":"msc.reads","ms":14938269,"gap":4,"lba0":432,"lba1":432,"bytes":4096,"n":1,"kind":2,"ov":0}
[msc.reads] n=1 bytes=4096 lba=432..432 gap=4 ov=0
[rx] {"t":"event","op":"msc.reads","ms":14938273,"gap":4,"lba0":440,"lba1":440,"bytes":4096,"n":1,"kind":2,"ov":0}
[msc.reads] n=1 bytes=4096 lba=440..440 gap=4 ov=0
[rx] {"t":"event","op":"msc.reads","ms":14938278,"gap":5,"lba0":448,"lba1":448,"bytes":4096,"n":1,"kind":2,"ov":0}
[msc.reads] n=1 bytes=4096 lba=448..448 gap=5 ov=0
[rx] {"t":"event","op":"msc.reads","ms":14938282,"gap":4,"lba0":456,"lba1":456,"bytes":4096,"n":1,"kind":2,"ov":0}
[msc.reads] n=1 bytes=4096 lba=456..456 gap=4 ov=0
[rx] {"t":"event","op":"msc.reads","ms":14938286,"gap":4,"lba0":464,"lba1":464,"bytes":4096,"n":1,"kind":2,"ov":0}
[msc.reads] n=1 bytes=4096 lba=464..464 gap=4 ov=0
[rx] {"t":"event","op":"msc.reads","ms":14938290,"gap":4,"lba0":472,"lba1":472,"bytes":4096,"n":1,"kind":2,"ov":0}
[msc.reads] n=1 bytes=4096 lba=472..472 gap=4 ov=0
[rx] {"t":"event","op":"msc.reads","ms":14938294,"gap":4,"lba0":480,"lba1":480,"bytes":4096,"n":1,"kind":2,"ov":0}
[msc.reads] n=1 bytes=4096 lba=480..480 gap=4 ov=0
[rx] {"t":"event","op":"msc.reads","ms":14938299,"gap":5,"lba0":488,"lba1":488,"bytes":4096,"n":1,"kind":2,"ov":0}
[msc.reads] n=1 bytes=4096 lba=488..488 gap=5 ov=0
[rx] {"t":"event","op":"msc.reads","ms":14938303,"gap":4,"lba0":496,"lba1":496,"bytes":4096,"n":1,"kind":2,"ov":0}
[msc.reads] n=1 bytes=4096 lba=496..496 gap=4 ov=0
[rx] {"t":"event","op":"msc.reads","ms":14938308,"gap":5,"lba0":504,"lba1":504,"bytes":4096,"n":1,"kind":2,"ov":0}
[msc.reads] n=1 bytes=4096 lba=504..504 gap=5 ov=0
[rx] {"t":"event","op":"msc.reads","ms":14938321,"gap":13,"lba0":0,"lba1":0,"bytes":4096,"n":1,"kind":4,"ov":0}
[msc.reads] n=1 bytes=4096 lba=0..0 gap=13 ov=0
[rx] {"t":"event","op":"msc.reads","ms":14938325,"gap":4,"lba0":32640,"lba1":32640,"bytes":4096,"n":1,"kind":0,"ov":0}
[msc.reads] n=1 bytes=4096 lba=32640..32640 gap=4 ov=0
[rx] {"t":"event","op":"msc.reads","ms":14938329,"gap":4,"lba0":32752,"lba1":32752,"bytes":4096,"n":1,"kind":0,"ov":0}
[msc.reads] n=1 bytes=4096 lba=32752..32752 gap=4 ov=0
[rx] {"t":"event","op":"msc.reads","ms":14938335,"gap":6,"lba0":8,"lba1":8,"bytes":4096,"n":1,"kind":5,"ov":0}
[msc.reads] n=1 bytes=4096 lba=8..8 gap=6 ov=0
[rx] {"t":"event","op":"msc.reads","ms":14938339,"gap":4,"lba0":32760,"lba1":32760,"bytes":512,"n":1,"kind":0,"ov":0}
[msc.reads] n=1 bytes=512 lba=32760..32760 gap=4 ov=0
[rx] {"t":"event","op":"msc.reads","ms":14938340,"gap":1,"lba0":32761,"lba1":32767,"bytes":3584,"n":7,"kind":0,"ov":0}
[msc.reads] n=7 bytes=3584 lba=32761..32767 gap=1 ov=0
[rx] {"t":"event","op":"msc.reads","ms":14938345,"gap":1,"lba0":32504,"lba1":32504,"bytes":4096,"n":1,"kind":0,"ov":0}
[msc.reads] n=1 bytes=4096 lba=32504..32504 gap=1 ov=0
[rx] {"t":"event","op":"msc.reads","ms":14938349,"gap":4,"lba0":32704,"lba1":32704,"bytes":4096,"n":1,"kind":0,"ov":0}
[msc.reads] n=1 bytes=4096 lba=32704..32704 gap=4 ov=0
[rx] {"t":"event","op":"msc.reads","ms":14938353,"gap":4,"lba0":32512,"lba1":32512,"bytes":4096,"n":1,"kind":0,"ov":0}
[msc.reads] n=1 bytes=4096 lba=32512..32512 gap=4 ov=0
[rx] {"t":"event","op":"msc.reads","ms":14938357,"gap":4,"lba0":32368,"lba1":32368,"bytes":4096,"n":1,"kind":0,"ov":0}
[msc.reads] n=1 bytes=4096 lba=32368..32368 gap=4 ov=0
[rx] {"t":"event","op":"msc.reads","ms":14938361,"gap":4,"lba0":32176,"lba1":32176,"bytes":4096,"n":1,"kind":0,"ov":0}
[msc.reads] n=1 bytes=4096 lba=32176..32176 gap=4 ov=0
[rx] {"t":"event","op":"msc.reads","ms":14938365,"gap":4,"lba0":32088,"lba1":32088,"bytes":4096,"n":1,"kind":0,"ov":0}
[msc.reads] n=1 bytes=4096 lba=32088..32088 gap=4 ov=0
[rx] {"t":"event","op":"msc.reads","ms":14938370,"gap":5,"lba0":32032,"lba1":32032,"bytes":4096,"n":1,"kind":0,"ov":0}
[msc.reads] n=1 bytes=4096 lba=32032..32032 gap=5 ov=0
[rx] {"t":"event","op":"msc.reads","ms":14938374,"gap":4,"lba0":31856,"lba1":31856,"bytes":4096,"n":1,"kind":0,"ov":0}
[msc.reads] n=1 bytes=4096 lba=31856..31856 gap=4 ov=0
[rx] {"t":"event","op":"msc.reads","ms":14938378,"gap":4,"lba0":31792,"lba1":31792,"bytes":4096,"n":1,"kind":0,"ov":0}
[msc.reads] n=1 bytes=4096 lba=31792..31792 gap=4 ov=0
[rx] {"t":"event","op":"msc.reads","ms":14938382,"gap":4,"lba0":31776,"lba1":31776,"bytes":4096,"n":1,"kind":0,"ov":0}
[msc.reads] n=1 bytes=4096 lba=31776..31776 gap=4 ov=0
[rx] {"t":"event","op":"msc.reads","ms":14938387,"gap":5,"lba0":31816,"lba1":29680,"bytes":8192,"n":2,"kind":0,"ov":0}
[msc.reads] n=2 bytes=8192 lba=31816..29680 gap=5 ov=0
[rx] {"t":"event","op":"diag","code":"play.reject","detail":"not_from_head uid=fav0 from=128 +4096B age=5731020ms prefetch"}
[msc] play.reject not_from_head uid=fav0 from=128 +4096B age=5731020ms prefetch
[rx] {"t":"event","op":"msc.reads","ms":14938395,"gap":4,"lba0":4096,"lba1":4096,"bytes":4096,"n":1,"kind":2,"ov":0}
[msc.reads] n=1 bytes=4096 lba=4096..4096 gap=4 ov=0
[rx] {"t":"event","op":"msc.reads","ms":14938399,"gap":4,"lba0":30720,"lba1":30720,"bytes":4096,"n":1,"kind":0,"ov":0}
[msc.reads] n=1 bytes=4096 lba=30720..30720 gap=4 ov=0
[rx] {"t":"event","op":"msc.reads","ms":14938404,"gap":5,"lba0":32,"lba1":32,"bytes":4096,"n":1,"kind":5,"ov":0}
[msc.reads] n=1 bytes=4096 lba=32..32 gap=5 ov=0
[rx] {"t":"event","op":"msc.reads","ms":14938408,"gap":4,"lba0":64,"lba1":64,"bytes":4096,"n":1,"kind":1,"ov":0}
[msc.reads] n=1 bytes=4096 lba=64..64 gap=4 ov=0
[rx] {"t":"event","op":"msc.reads","ms":14938413,"gap":5,"lba0":128,"lba1":128,"bytes":4096,"n":1,"kind":2,"ov":0}
[msc.reads] n=1 bytes=4096 lba=128..128 gap=5 ov=0
[rx] {"t":"event","op":"msc.reads","ms":14938434,"gap":21,"lba0":256,"lba1":2048,"bytes":16384,"n":4,"kind":2,"ov":0}
[msc.reads] n=4 bytes=16384 lba=256..2048 gap=21 ov=0
[rx] {"t":"event","op":"msc.reads","ms":14938451,"gap":5,"lba0":8192,"lba1":8192,"bytes":4096,"n":1,"kind":2,"ov":0}
[msc.reads] n=1 bytes=4096 lba=8192..8192 gap=5 ov=0
[rx] {"t":"event","op":"msc.reads","ms":14938455,"gap":4,"lba0":40,"lba1":40,"bytes":4096,"n":1,"kind":1,"ov":0}
[msc.reads] n=1 bytes=4096 lba=40..40 gap=4 ov=0
[rx] {"t":"event","op":"msc.reads","ms":14938460,"gap":5,"lba0":48,"lba1":48,"bytes":4096,"n":1,"kind":1,"ov":0}
[msc.reads] n=1 bytes=4096 lba=48..48 gap=5 ov=0
[rx] {"t":"event","op":"msc.reads","ms":14938464,"gap":4,"lba0":56,"lba1":56,"bytes":4096,"n":1,"kind":1,"ov":0}
[msc.reads] n=1 bytes=4096 lba=56..56 gap=4 ov=0
[rx] {"t":"event","op":"msc.reads","ms":14938468,"gap":4,"lba0":72,"lba1":72,"bytes":4096,"n":1,"kind":1,"ov":0}
[msc.reads] n=1 bytes=4096 lba=72..72 gap=4 ov=0
[rx] {"t":"event","op":"msc.reads","ms":14938473,"gap":5,"lba0":80,"lba1":80,"bytes":4096,"n":1,"kind":1,"ov":0}
[msc.reads] n=1 bytes=4096 lba=80..80 gap=5 ov=0
[rx] {"t":"event","op":"msc.reads","ms":14938477,"gap":4,"lba0":88,"lba1":88,"bytes":4096,"n":1,"kind":2,"ov":0}
[msc.reads] n=1 bytes=4096 lba=88..88 gap=4 ov=0
[rx] {"t":"event","op":"msc.reads","ms":14938481,"gap":4,"lba0":96,"lba1":96,"bytes":4096,"n":1,"kind":2,"ov":0}
[msc.reads] n=1 bytes=4096 lba=96..96 gap=4 ov=0
[rx] {"t":"event","op":"msc.reads","ms":14938486,"gap":5,"lba0":104,"lba1":104,"bytes":4096,"n":1,"kind":2,"ov":0}
[msc.reads] n=1 bytes=4096 lba=104..104 gap=5 ov=0
[rx] {"t":"event","op":"msc.reads","ms":14938490,"gap":4,"lba0":112,"lba1":112,"bytes":4096,"n":1,"kind":2,"ov":0}
[msc.reads] n=1 bytes=4096 lba=112..112 gap=4 ov=0
